Component: ARM Compiler 6.14.1 Tool: armlink [5db06d00]

==============================================================================

Section Cross References

    pin_mux.o(.text.BOARD_InitBootPins) refers to pin_mux.o(.text.BOARD_InitPins) for BOARD_InitPins
    pin_mux.o(.ARM.exidx.text.BOARD_InitBootPins) refers to pin_mux.o(.text.BOARD_InitBootPins) for [Anonymous Symbol]
    pin_mux.o(.text.BOARD_InitPins) refers to pin_mux.o(.text.CLOCK_EnableClock) for CLOCK_EnableClock
    pin_mux.o(.text.BOARD_InitPins) refers to pin_mux.o(.text.PORT_SetPinConfig) for PORT_SetPinConfig
    pin_mux.o(.ARM.exidx.text.BOARD_InitPins) refers to pin_mux.o(.text.BOARD_InitPins) for [Anonymous Symbol]
    pin_mux.o(.ARM.exidx.text.CLOCK_EnableClock) refers to pin_mux.o(.text.CLOCK_EnableClock) for [Anonymous Symbol]
    pin_mux.o(.text.PORT_SetPinConfig) refers to fsl_assert.o(.text.__aeabi_assert) for __aeabi_assert
    pin_mux.o(.ARM.exidx.text.PORT_SetPinConfig) refers to pin_mux.o(.text.PORT_SetPinConfig) for [Anonymous Symbol]
    board.o(.text.BOARD_InitDebugConsole) refers to fsl_clock.o(.text.CLOCK_AttachClk) for CLOCK_AttachClk
    board.o(.text.BOARD_InitDebugConsole) refers to fsl_reset.o(.text.RESET_ClearPeripheralReset) for RESET_ClearPeripheralReset
    board.o(.text.BOARD_InitDebugConsole) refers to fsl_debug_console.o(.text.DbgConsole_Init) for DbgConsole_Init
    board.o(.ARM.exidx.text.BOARD_InitDebugConsole) refers to board.o(.text.BOARD_InitDebugConsole) for [Anonymous Symbol]
    board.o(.text.BOARD_InitDebugConsole_Core1) refers to fsl_reset.o(.text.RESET_ClearPeripheralReset) for RESET_ClearPeripheralReset
    board.o(.text.BOARD_InitDebugConsole_Core1) refers to fsl_debug_console.o(.text.DbgConsole_Init) for DbgConsole_Init
    board.o(.ARM.exidx.text.BOARD_InitDebugConsole_Core1) refers to board.o(.text.BOARD_InitDebugConsole_Core1) for [Anonymous Symbol]
    board.o(.text.BOARD_PowerMode_OD) refers to fsl_spc.o(.text.SPC_SetActiveModeDCDCRegulatorConfig) for SPC_SetActiveModeDCDCRegulatorConfig
    board.o(.text.BOARD_PowerMode_OD) refers to fsl_spc.o(.text.SPC_SetSRAMOperateVoltage) for SPC_SetSRAMOperateVoltage
    board.o(.ARM.exidx.text.BOARD_PowerMode_OD) refers to board.o(.text.BOARD_PowerMode_OD) for [Anonymous Symbol]
    clock_config.o(.text.BOARD_InitBootClocks) refers to clock_config.o(.text.BOARD_BootClockPLL150M) for BOARD_BootClockPLL150M
    clock_config.o(.ARM.exidx.text.BOARD_InitBootClocks) refers to clock_config.o(.text.BOARD_InitBootClocks) for [Anonymous Symbol]
    clock_config.o(.text.BOARD_BootClockPLL150M) refers to clock_config.o(.text.CLOCK_EnableClock) for CLOCK_EnableClock
    clock_config.o(.text.BOARD_BootClockPLL150M) refers to fsl_clock.o(.text.CLOCK_AttachClk) for CLOCK_AttachClk
    clock_config.o(.text.BOARD_BootClockPLL150M) refers to fsl_spc.o(.text.SPC_SetActiveModeDCDCRegulatorConfig) for SPC_SetActiveModeDCDCRegulatorConfig
    clock_config.o(.text.BOARD_BootClockPLL150M) refers to fsl_spc.o(.text.SPC_SetActiveModeCoreLDORegulatorConfig) for SPC_SetActiveModeCoreLDORegulatorConfig
    clock_config.o(.text.BOARD_BootClockPLL150M) refers to fsl_spc.o(.text.SPC_SetSRAMOperateVoltage) for SPC_SetSRAMOperateVoltage
    clock_config.o(.text.BOARD_BootClockPLL150M) refers to fsl_clock.o(.text.CLOCK_SetupFROHFClocking) for CLOCK_SetupFROHFClocking
    clock_config.o(.text.BOARD_BootClockPLL150M) refers to clock_config.o(.rodata..L__const.BOARD_BootClockPLL150M.pll0Setup) for .L__const.BOARD_BootClockPLL150M.pll0Setup
    clock_config.o(.text.BOARD_BootClockPLL150M) refers to fsl_clock.o(.text.CLOCK_SetPLL0Freq) for CLOCK_SetPLL0Freq
    clock_config.o(.text.BOARD_BootClockPLL150M) refers to fsl_clock.o(.text.CLOCK_SetPll0MonitorMode) for CLOCK_SetPll0MonitorMode
    clock_config.o(.text.BOARD_BootClockPLL150M) refers to fsl_clock.o(.text.CLOCK_SetClkDiv) for CLOCK_SetClkDiv
    clock_config.o(.text.BOARD_BootClockPLL150M) refers to system_mcxn947_cm33_core0.o(.data.SystemCoreClock) for SystemCoreClock
    clock_config.o(.ARM.exidx.text.BOARD_BootClockPLL150M) refers to clock_config.o(.text.BOARD_BootClockPLL150M) for [Anonymous Symbol]
    clock_config.o(.text.BOARD_BootClockFRO12M) refers to clock_config.o(.text.CLOCK_EnableClock) for CLOCK_EnableClock
    clock_config.o(.text.BOARD_BootClockFRO12M) refers to fsl_clock.o(.text.CLOCK_AttachClk) for CLOCK_AttachClk
    clock_config.o(.text.BOARD_BootClockFRO12M) refers to fsl_spc.o(.text.SPC_SetActiveModeCoreLDORegulatorConfig) for SPC_SetActiveModeCoreLDORegulatorConfig
    clock_config.o(.text.BOARD_BootClockFRO12M) refers to fsl_spc.o(.text.SPC_SetActiveModeDCDCRegulatorConfig) for SPC_SetActiveModeDCDCRegulatorConfig
    clock_config.o(.text.BOARD_BootClockFRO12M) refers to fsl_spc.o(.text.SPC_SetSRAMOperateVoltage) for SPC_SetSRAMOperateVoltage
    clock_config.o(.text.BOARD_BootClockFRO12M) refers to fsl_clock.o(.text.CLOCK_SetClkDiv) for CLOCK_SetClkDiv
[...]
    __aeabi_memclr4                          0x0000098b   Thumb Code     0  memseta.o(.text)
    __aeabi_memclr8                          0x0000098b   Thumb Code     0  memseta.o(.text)
    memset                                   0x0000098f   Thumb Code    18  memseta.o(.text)
    strlen                                   0x000009a1   Thumb Code    14  strlen.o(.text)
    __aeabi_f2ulz                            0x000009af   Thumb Code    44  ffixul.o(.text)
    __aeabi_uidiv                            0x000009db   Thumb Code     0  uidiv.o(.text)
    __aeabi_uidivmod                         0x000009db   Thumb Code    44  uidiv.o(.text)
    __aeabi_llsl                             0x00000a07   Thumb Code    30  llshl.o(.text)
    _ll_shift_l                              0x00000a07   Thumb Code     0  llshl.o(.text)
    __I$use$fp                               0x00000a25   Thumb Code     0  iusefp.o(.text)
    __scatterload                            0x00000a25   Thumb Code    28  init.o(.text)
    __scatterload_rt2                        0x00000a25   Thumb Code     0  init.o(.text)
    __decompress                             0x00000a49   Thumb Code     0  __dczerorl.o(.text)
    __decompress0                            0x00000a49   Thumb Code    58  __dczerorl.o(.text)
    BOARD_BootClockPLL150M                   0x00000a85   Thumb Code   184  clock_config.o(.text.BOARD_BootClockPLL150M)
    BOARD_InitBootClocks                     0x00000b3d   Thumb Code     8  clock_config.o(.text.BOARD_InitBootClocks)
    BOARD_InitBootPins                       0x00000b45   Thumb Code     8  pin_mux.o(.text.BOARD_InitBootPins)
    BOARD_InitDebugConsole                   0x00000b4d   Thumb Code    42  board.o(.text.BOARD_InitDebugConsole)
    BOARD_InitPins                           0x00000b79   Thumb Code    40  pin_mux.o(.text.BOARD_InitPins)
    BOARD_PowerMode_OD                       0x00000ba1   Thumb Code    50  board.o(.text.BOARD_PowerMode_OD)
    CLOCK_AttachClk                          0x00000bd5   Thumb Code   114  fsl_clock.o(.text.CLOCK_AttachClk)
    CLOCK_EnableUsbhsClock                   0x00000d19   Thumb Code    34  fsl_clock.o(.text.CLOCK_EnableUsbhsClock)
    CLOCK_EnableUsbhsPhyPllClock             0x00000d3d   Thumb Code   224  fsl_clock.o(.text.CLOCK_EnableUsbhsPhyPllClock)
    CLOCK_GetPLL0InClockRate                 0x00000e85   Thumb Code    50  fsl_clock.o(.text.CLOCK_GetPLL0InClockRate)
    CLOCK_GetPll0OutFreq                     0x00000eb9   Thumb Code    84  fsl_clock.o(.text.CLOCK_GetPll0OutFreq)
    CLOCK_SetClkDiv                          0x00000f1d   Thumb Code    32  fsl_clock.o(.text.CLOCK_SetClkDiv)
    CLOCK_SetPLL0Freq                        0x00000f3d   Thumb Code   172  fsl_clock.o(.text.CLOCK_SetPLL0Freq)
    CLOCK_SetPll0MonitorMode                 0x00000fe9   Thumb Code    20  fsl_clock.o(.text.CLOCK_SetPll0MonitorMode)
    CLOCK_SetupExtClocking                   0x00000ffd   Thumb Code   258  fsl_clock.o(.text.CLOCK_SetupExtClocking)
    CLOCK_SetupFROHFClocking                 0x00001101   Thumb Code    86  fsl_clock.o(.text.CLOCK_SetupFROHFClocking)
    DbgConsole_Flush                         0x000011ad   Thumb Code    56  fsl_debug_console.o(.text.DbgConsole_Flush)
    DbgConsole_Init                          0x000011e5   Thumb Code   230  fsl_debug_console.o(.text.DbgConsole_Init)
    DbgConsole_Printf                        0x00001311   Thumb Code    32  fsl_debug_console.o(.text.DbgConsole_Printf)
    DbgConsole_SendData                      0x00001331   Thumb Code   192  fsl_debug_console.o(.text.DbgConsole_SendData)
    DbgConsole_SendDataReliable              0x000013f1   Thumb Code   176  fsl_debug_console.o(.text.DbgConsole_SendDataReliable)
    DbgConsole_Vprintf                       0x00001595   Thumb Code    66  fsl_debug_console.o(.text.DbgConsole_Vprintf)
    HAL_UartAbortReceive                     0x00001641   Thumb Code    64  fsl_adapter_lpuart.o(.text.HAL_UartAbortReceive)
    HAL_UartInit                             0x0000168d   Thumb Code   180  fsl_adapter_lpuart.o(.text.HAL_UartInit)
    HAL_UartInstallCallback                  0x000017dd   Thumb Code    40  fsl_adapter_lpuart.o(.text.HAL_UartInstallCallback)
    HAL_UartIsrFunction                      0x000019a1   Thumb Code    36  fsl_adapter_lpuart.o(.text.HAL_UartIsrFunction)
    HAL_UartReceiveNonBlocking               0x000019c5   Thumb Code   126  fsl_adapter_lpuart.o(.text.HAL_UartReceiveNonBlocking)
    HAL_UartSendNonBlocking                  0x00001a45   Thumb Code   126  fsl_adapter_lpuart.o(.text.HAL_UartSendNonBlocking)
    LIST_AddTail                             0x00001ac5   Thumb Code    60  fsl_component_generic_list.o(.text.LIST_AddTail)
    LIST_GetHead                             0x00001b19   Thumb Code     4  fsl_component_generic_list.o(.text.LIST_GetHead)
    LIST_RemoveHead                          0x00001b1d   Thumb Code    50  fsl_component_generic_list.o(.text.LIST_RemoveHead)
    LPUART_ClearStatusFlags                  0x00001b51   Thumb Code    68  fsl_lpuart.o(.text.LPUART_ClearStatusFlags)
    LPUART_DisableInterrupts                 0x00001b95   Thumb Code    98  fsl_lpuart.o(.text.LPUART_DisableInterrupts)
    LPUART_EnableInterrupts                  0x00001bf9   Thumb Code    88  fsl_lpuart.o(.text.LPUART_EnableInterrupts)
    LPUART_GetDefaultConfig                  0x00001c51   Thumb Code    56  fsl_lpuart.o(.text.LPUART_GetDefaultConfig)
    LPUART_GetEnabledInterrupts              0x00001c89   Thumb Code    60  fsl_lpuart.o(.text.LPUART_GetEnabledInterrupts)
    LPUART_GetInstance                       0x00001cc5   Thumb Code    50  fsl_lpuart.o(.text.LPUART_GetInstance)
    LPUART_GetStatusFlags                    0x00001cf9   Thumb Code    32  fsl_lpuart.o(.text.LPUART_GetStatusFlags)
    LPUART_Init                              0x00001d19   Thumb Code   800  fsl_lpuart.o(.text.LPUART_Init)
    LP_FLEXCOMM0_DriverIRQHandler            0x00002075   Thumb Code    10  fsl_lpflexcomm.o(.text.LP_FLEXCOMM0_DriverIRQHandler)
    LP_FLEXCOMM0_IRQHandler                  0x00002081   Thumb Code    10  fsl_adapter_lpuart.o(.text.LP_FLEXCOMM0_IRQHandler)
    LP_FLEXCOMM1_DriverIRQHandler            0x0000208d   Thumb Code    10  fsl_lpflexcomm.o(.text.LP_FLEXCOMM1_DriverIRQHandler)
    LP_FLEXCOMM1_IRQHandler                  0x00002099   Thumb Code    10  fsl_adapter_lpuart.o(.text.LP_FLEXCOMM1_IRQHandler)
    LP_FLEXCOMM2_DriverIRQHandler            0x000020a5   Thumb Code    10  fsl_lpflexcomm.o(.text.LP_FLEXCOMM2_DriverIRQHandler)
    LP_FLEXCOMM2_IRQHandler                  0x000020b1   Thumb Code    10  fsl_adapter_lpuart.o(.text.LP_FLEXCOMM2_IRQHandler)
    LP_FLEXCOMM3_DriverIRQHandler            0x000020bd   Thumb Code    10  fsl_lpflexcomm.o(.text.LP_FLEXCOMM3_DriverIRQHandler)
    LP_FLEXCOMM3_IRQHandler                  0x000020c9   Thumb Code    10  fsl_adapter_lpuart.o(.text.LP_FLEXCOMM3_IRQHandler)
    LP_FLEXCOMM4_DriverIRQHandler            0x000020d5   Thumb Code    10  fsl_lpflexcomm.o(.text.LP_FLEXCOMM4_DriverIRQHandler)
    LP_FLEXCOMM4_IRQHandler                  0x000020e1   Thumb Code    10  fsl_adapter_lpuart.o(.text.LP_FLEXCOMM4_IRQHandler)
    LP_FLEXCOMM5_DriverIRQHandler            0x000020ed   Thumb Code    10  fsl_lpflexcomm.o(.text.LP_FLEXCOMM5_DriverIRQHandler)
    LP_FLEXCOMM5_IRQHandler                  0x000020f9   Thumb Code    10  fsl_adapter_lpuart.o(.text.LP_FLEXCOMM5_IRQHandler)
    LP_FLEXCOMM6_DriverIRQHandler            0x00002105   Thumb Code    10  fsl_lpflexcomm.o(.text.LP_FLEXCOMM6_DriverIRQHandler)
    LP_FLEXCOMM6_IRQHandler                  0x00002111   Thumb Code    10  fsl_adapter_lpuart.o(.text.LP_FLEXCOMM6_IRQHandler)
    LP_FLEXCOMM7_DriverIRQHandler            0x0000211d   Thumb Code    10  fsl_lpflexcomm.o(.text.LP_FLEXCOMM7_DriverIRQHandler)
    LP_FLEXCOMM7_IRQHandler                  0x00002129   Thumb Code    10  fsl_adapter_lpuart.o(.text.LP_FLEXCOMM7_IRQHandler)
    LP_FLEXCOMM8_DriverIRQHandler            0x00002135   Thumb Code    10  fsl_lpflexcomm.o(.text.LP_FLEXCOMM8_DriverIRQHandler)
    LP_FLEXCOMM8_IRQHandler                  0x00002141   Thumb Code    10  fsl_adapter_lpuart.o(.text.LP_FLEXCOMM8_IRQHandler)
    LP_FLEXCOMM9_DriverIRQHandler            0x0000214d   Thumb Code    10  fsl_lpflexcomm.o(.text.LP_FLEXCOMM9_DriverIRQHandler)
    LP_FLEXCOMM9_IRQHandler                  0x00002159   Thumb Code    10  fsl_adapter_lpuart.o(.text.LP_FLEXCOMM9_IRQHandler)
    LP_FLEXCOMM_GetInterruptStatus           0x000021d9   Thumb Code    18  fsl_lpflexcomm.o(.text.LP_FLEXCOMM_GetInterruptStatus)
    LP_FLEXCOMM_Init                         0x000021ed   Thumb Code    74  fsl_lpflexcomm.o(.text.LP_FLEXCOMM_Init)
    LP_FLEXCOMM_SetIRQHandler                0x0000225d   Thumb Code    66  fsl_lpflexcomm.o(.text.LP_FLEXCOMM_SetIRQHandler)
    PendSV_Handler                           0x00002391   Thumb Code    84  portasm.o(.text.PendSV_Handler)
    RESET_ClearPeripheralReset               0x00002539   Thumb Code    66  fsl_reset.o(.text.RESET_ClearPeripheralReset)
    SPC_SetActiveModeCoreLDORegulatorConfig  0x000025ad   Thumb Code   120  fsl_spc.o(.text.SPC_SetActiveModeCoreLDORegulatorConfig)
    SPC_SetActiveModeCoreLDORegulatorDriveStrength 0x00002625   Thumb Code    64  fsl_spc.o(.text.SPC_SetActiveModeCoreLDORegulatorDriveStrength)
    SPC_SetActiveModeCoreLDORegulatorVoltageLevel 0x00002665   Thumb Code    54  fsl_spc.o(.text.SPC_SetActiveModeCoreLDORegulatorVoltageLevel)
    SPC_SetActiveModeDCDCRegulatorConfig     0x0000269d   Thumb Code    74  fsl_spc.o(.text.SPC_SetActiveModeDCDCRegulatorConfig)
    SPC_SetActiveModeDCDCRegulatorDriveStrength 0x000026e9   Thumb Code    42  fsl_spc.o(.text.SPC_SetActiveModeDCDCRegulatorDriveStrength)
    SPC_SetSRAMOperateVoltage                0x00002725   Thumb Code    68  fsl_spc.o(.text.SPC_SetSRAMOperateVoltage)
    SVC_Handler                              0x00002771   Thumb Code    36  portasm.o(.text.SVC_Handler)
    SerialManager_Init                       0x0000279d   Thumb Code   134  fsl_component_serial_manager.o(.text.SerialManager_Init)
    SerialManager_InstallTxCallback          0x00002825   Thumb Code    34  fsl_component_serial_manager.o(.text.SerialManager_InstallTxCallback)
    SerialManager_OpenWriteHandle            0x00002869   Thumb Code    66  fsl_component_serial_manager.o(.text.SerialManager_OpenWriteHandle)
    SerialManager_RxCallback                 0x000028d5   Thumb Code   432  fsl_component_serial_manager.o(.text.SerialManager_RxCallback)
    SerialManager_WriteNonBlocking           0x00002ca1   Thumb Code    10  fsl_component_serial_manager.o(.text.SerialManager_WriteNonBlocking)
    SerialManager_WriteTimeDelay             0x00002cad   Thumb Code     2  fsl_component_serial_manager.o(.text.SerialManager_WriteTimeDelay)
    Serial_UartInit                          0x00002d51   Thumb Code    58  fsl_component_serial_port_uart.o(.text.Serial_UartInit)
    Serial_UartInstallRxCallback             0x00002d8d   Thumb Code    18  fsl_component_serial_port_uart.o(.text.Serial_UartInstallRxCallback)
    Serial_UartInstallTxCallback             0x00002da1   Thumb Code    14  fsl_component_serial_port_uart.o(.text.Serial_UartInstallTxCallback)
    Serial_UartIsrFunction                   0x00002db1   Thumb Code    14  fsl_component_serial_port_uart.o(.text.Serial_UartIsrFunction)
    Serial_UartRead                          0x00002dc1   Thumb Code    14  fsl_component_serial_port_uart.o(.text.Serial_UartRead)
    Serial_UartWrite                         0x00002dd1   Thumb Code    58  fsl_component_serial_port_uart.o(.text.Serial_UartWrite)
    StrFormatPrintf                          0x00002e31   Thumb Code   440  fsl_str.o(.text.StrFormatPrintf)
    SysTick_Handler                          0x00002fe9   Thumb Code    36  port.o(.text.SysTick_Handler)
    SystemInit                               0x0000300d   Thumb Code   200  system_mcxn947_cm33_core0.o(.text.SystemInit)
    SystemInitHook                           0x000030d5   Thumb Code     2  system_mcxn947_cm33_core0.o(.text.SystemInitHook)
    USB1_HS_IRQHandler                       0x000030d9   Thumb Code    10  usb_glue_mcx.o(.text.USB1_HS_IRQHandler)
    USBH_IRQHandler                          0x000030e5   Thumb Code   338  usb_hc_ehci.o(.text.USBH_IRQHandler)
    USB_ClockInit                            0x00003239   Thumb Code   232  usb_glue_mcx.o(.text.USB_ClockInit)
    USB_EhciPhyGetBase                       0x00003321   Thumb Code    76  usb_phy.o(.text.USB_EhciPhyGetBase)
    USB_EhciPhyInit                          0x0000336d   Thumb Code   126  usb_phy.o(.text.USB_EhciPhyInit)
    __aeabi_assert                           0x00003451   Thumb Code    76  fsl_assert.o(.text.__aeabi_assert)
    fsl_assert_hook                          0x00003f85   Thumb Code     4  fsl_assert.o(.text.fsl_assert_hook)
    main                                     0x00003fd9   Thumb Code    50  main.o(.text.main)
    pvPortMalloc                             0x00004ee9   Thumb Code   382  heap_4.o(.text.pvPortMalloc)
    pvTaskIncrementMutexHeldCount            0x00005069   Thumb Code    24  tasks.o(.text.pvTaskIncrementMutexHeldCount)
    pvTimerGetTimerID                        0x00005081   Thumb Code    26  timers.o(.text.pvTimerGetTimerID)
    pxPortInitialiseStack                    0x0000509d   Thumb Code   110  port.o(.text.pxPortInitialiseStack)
    ulSetInterruptMask                       0x0000510d   Thumb Code    22  portasm.o(.text.ulSetInterruptMask)
    usb_hc_init                              0x00005125   Thumb Code  1008  usb_hc_ehci.o(.text.usb_hc_init)
    usb_hc_low_level2_init                   0x00005515   Thumb Code    10  usb_glue_mcx.o(.text.usb_hc_low_level2_init)
    usb_hc_low_level_init                    0x00005521   Thumb Code    16  usb_glue_mcx.o(.text.usb_hc_low_level_init)
    usb_osal_enter_critical_section          0x0000557d   Thumb Code    22  usb_osal_freertos.o(.text.usb_osal_enter_critical_section)
    usb_osal_free                            0x00005595   Thumb Code     8  usb_osal_freertos.o(.text.usb_osal_free)
    usb_osal_leave_critical_section          0x0000559d   Thumb Code    24  usb_osal_freertos.o(.text.usb_osal_leave_critical_section)
    usb_osal_malloc                          0x000055b5   Thumb Code     8  usb_osal_freertos.o(.text.usb_osal_malloc)
    usb_osal_mq_create                       0x000055bd   Thumb Code    12  usb_osal_freertos.o(.text.usb_osal_mq_create)
    usb_osal_mq_recv                         0x000055c9   Thumb Code    16  usb_osal_freertos.o(.text.usb_osal_mq_recv)
    usb_osal_mq_send                         0x000055d9   Thumb Code    54  usb_osal_freertos.o(.text.usb_osal_mq_send)
    usb_osal_msleep                          0x00005611   Thumb Code     8  usb_osal_freertos.o(.text.usb_osal_msleep)
    usb_osal_mutex_create                    0x00005619   Thumb Code    10  usb_osal_freertos.o(.text.usb_osal_mutex_create)
    usb_osal_mutex_delete                    0x00005625   Thumb Code     8  usb_osal_freertos.o(.text.usb_osal_mutex_delete)
    usb_osal_mutex_give                      0x0000562d   Thumb Code    22  usb_osal_freertos.o(.text.usb_osal_mutex_give)
    usb_osal_mutex_take                      0x00005645   Thumb Code    20  usb_osal_freertos.o(.text.usb_osal_mutex_take)
    usb_osal_sem_create                      0x00005659   Thumb Code    12  usb_osal_freertos.o(.text.usb_osal_sem_create)
    usb_osal_sem_give                        0x00005665   Thumb Code    74  usb_osal_freertos.o(.text.usb_osal_sem_give)
    usb_osal_sem_take                        0x000056b1   Thumb Code    16  usb_osal_freertos.o(.text.usb_osal_sem_take)
    usb_osal_thread_create                   0x000056c1   Thumb Code    42  usb_osal_freertos.o(.text.usb_osal_thread_create)
    usb_osal_timer_create                    0x000056ed   Thumb Code    92  usb_osal_freertos.o(.text.usb_osal_timer_create)
    usb_osal_timer_delete                    0x00005749   Thumb Code    46  usb_osal_freertos.o(.text.usb_osal_timer_delete)
    usb_osal_timer_start                     0x00005779   Thumb Code    84  usb_osal_freertos.o(.text.usb_osal_timer_start)
    usbh_control_transfer                    0x00005855   Thumb Code    72  usbh_core.o(.text.usbh_control_transfer)
    usbh_enumerate                           0x000058c1   Thumb Code  1352  usbh_core.o(.text.usbh_enumerate)
    usbh_get_port_speed                      0x00005eed   Thumb Code    36  usb_glue_mcx.o(.text.usbh_get_port_speed)
    usbh_hub_clear_feature                   0x00005f79   Thumb Code    56  usbh_hub.o(.text.usbh_hub_clear_feature)
    usbh_hub_initialize                      0x000068c1   Thumb Code   200  usbh_hub.o(.text.usbh_hub_initialize)
    usbh_hub_set_feature                     0x000069bd   Thumb Code    56  usbh_hub.o(.text.usbh_hub_set_feature)
    usbh_hub_thread_wakeup                   0x00006a1d   Thumb Code    22  usbh_hub.o(.text.usbh_hub_thread_wakeup)
    usbh_hubport_release                     0x00006a35   Thumb Code    94  usbh_core.o(.text.usbh_hubport_release)
    usbh_initialize                          0x00006a95   Thumb Code   132  usbh_core.o(.text.usbh_initialize)
    usbh_kill_urb                            0x00006b51   Thumb Code   436  usb_hc_ehci.o(.text.usbh_kill_urb)
    usbh_roothub_control                     0x00006d99   Thumb Code   608  usb_hc_ehci.o(.text.usbh_roothub_control)
    usbh_submit_urb                          0x00006ff9   Thumb Code   292  usb_hc_ehci.o(.text.usbh_submit_urb)
    uxListRemove                             0x0000711d   Thumb Code    40  list.o(.text.uxListRemove)
    uxTaskGetNumberOfTasks                   0x00007145   Thumb Code    12  tasks.o(.text.uxTaskGetNumberOfTasks)
    vClearInterruptMask                      0x00007151   Thumb Code    14  portasm.o(.text.vClearInterruptMask)
    vListInitialise                          0x00007161   Thumb Code    22  list.o(.text.vListInitialise)
    vListInitialiseItem                      0x00007179   Thumb Code     6  list.o(.text.vListInitialiseItem)
    vListInsert                              0x00007181   Thumb Code    58  list.o(.text.vListInsert)
    vPortEnterCritical                       0x000071bd   Thumb Code    30  port.o(.text.vPortEnterCritical)
    vPortExitCritical                        0x000071dd   Thumb Code    42  port.o(.text.vPortExitCritical)
    vPortFree                                0x00007209   Thumb Code   126  heap_4.o(.text.vPortFree)
    vPortSVCHandler_C                        0x00007289   Thumb Code    26  port.o(.text.vPortSVCHandler_C)
    vPortSetupTimerInterrupt                 0x000072a5   Thumb Code    54  port.o(.text.vPortSetupTimerInterrupt)
    vPortValidateInterruptPriority           0x000072dd   Thumb Code    78  port.o(.text.vPortValidateInterruptPriority)
    vPortYield                               0x0000732d   Thumb Code    24  port.o(.text.vPortYield)
    vQueueAddToRegistry                      0x00007345   Thumb Code    82  queue.o(.text.vQueueAddToRegistry)
    vQueueDelete                             0x00007399   Thumb Code    26  queue.o(.text.vQueueDelete)
    vQueueUnregisterQueue                    0x000073b5   Thumb Code    54  queue.o(.text.vQueueUnregisterQueue)
    vQueueWaitForMessageRestricted           0x000073ed   Thumb Code    68  queue.o(.text.vQueueWaitForMessageRestricted)
    vRestoreContextOfFirstTask               0x00007431   Thumb Code    52  portasm.o(.text.vRestoreContextOfFirstTask)
    vStartFirstTask                          0x00007471   Thumb Code    36  portasm.o(.text.vStartFirstTask)
    vTaskDelay                               0x00007495   Thumb Code    58  tasks.o(.text.vTaskDelay)
    vTaskInternalSetTimeOutState             0x000074d1   Thumb Code    26  tasks.o(.text.vTaskInternalSetTimeOutState)
    vTaskMissedYield                         0x000074ed   Thumb Code    14  tasks.o(.text.vTaskMissedYield)
    vTaskPlaceOnEventList                    0x000074fd   Thumb Code    38  tasks.o(.text.vTaskPlaceOnEventList)
    vTaskPlaceOnEventListRestricted          0x00007525   Thumb Code    98  tasks.o(.text.vTaskPlaceOnEventListRestricted)
    vTaskPriorityDisinheritAfterTimeout      0x00007589   Thumb Code   182  tasks.o(.text.vTaskPriorityDisinheritAfterTimeout)
    vTaskStartScheduler                      0x00007641   Thumb Code    86  tasks.o(.text.vTaskStartScheduler)
    vTaskSuspendAll                          0x00007699   Thumb Code    16  tasks.o(.text.vTaskSuspendAll)
    vTaskSwitchContext                       0x000076a9   Thumb Code   126  tasks.o(.text.vTaskSwitchContext)
    xPortIsInsideInterrupt                   0x00007729   Thumb Code    12  port.o(.text.xPortIsInsideInterrupt)
    xPortStartScheduler                      0x00007735   Thumb Code   246  port.o(.text.xPortStartScheduler)
    xQueueCreateCountingSemaphore            0x0000782d   Thumb Code    38  queue.o(.text.xQueueCreateCountingSemaphore)
    xQueueCreateMutex                        0x00007855   Thumb Code    22  queue.o(.text.xQueueCreateMutex)
    xQueueGenericCreate                      0x0000786d   Thumb Code    70  queue.o(.text.xQueueGenericCreate)
    xQueueGenericReset                       0x000078b5   Thumb Code   130  queue.o(.text.xQueueGenericReset)
    xQueueGenericSend                        0x00007939   Thumb Code   302  queue.o(.text.xQueueGenericSend)
    xQueueGenericSendFromISR                 0x00007a69   Thumb Code   190  queue.o(.text.xQueueGenericSendFromISR)
    xQueueGiveFromISR                        0x00007b29   Thumb Code   154  queue.o(.text.xQueueGiveFromISR)
    xQueueReceive                            0x00007bc5   Thumb Code   312  queue.o(.text.xQueueReceive)
    xQueueSemaphoreTake                      0x00007cfd   Thumb Code   354  queue.o(.text.xQueueSemaphoreTake)
    xTaskCheckForTimeOut                     0x00007e61   Thumb Code   116  tasks.o(.text.xTaskCheckForTimeOut)
    xTaskCreate                              0x00007ed5   Thumb Code    36  tasks.o(.text.xTaskCreate)
    xTaskGetSchedulerState                   0x00007ef9   Thumb Code    38  tasks.o(.text.xTaskGetSchedulerState)
    xTaskGetTickCount                        0x00007f21   Thumb Code    12  tasks.o(.text.xTaskGetTickCount)
    xTaskGetTickCountFromISR                 0x00007f2d   Thumb Code    18  tasks.o(.text.xTaskGetTickCountFromISR)
    xTaskIncrementTick                       0x00007f41   Thumb Code   418  tasks.o(.text.xTaskIncrementTick)
    xTaskPriorityDisinherit                  0x000080e5   Thumb Code   174  tasks.o(.text.xTaskPriorityDisinherit)
    xTaskPriorityInherit                     0x00008195   Thumb Code   190  tasks.o(.text.xTaskPriorityInherit)
    xTaskRemoveFromEventList                 0x00008255   Thumb Code   236  tasks.o(.text.xTaskRemoveFromEventList)
    xTaskResumeAll                           0x00008341   Thumb Code   342  tasks.o(.text.xTaskResumeAll)
    xTimerCreate                             0x00008499   Thumb Code    56  timers.o(.text.xTimerCreate)
    xTimerCreateTimerTask                    0x000084d1   Thumb Code    84  timers.o(.text.xTimerCreateTimerTask)
    xTimerGenericCommandFromISR              0x00008525   Thumb Code    66  timers.o(.text.xTimerGenericCommandFromISR)
    xTimerGenericCommandFromTask             0x00008569   Thumb Code    78  timers.o(.text.xTimerGenericCommandFromTask)
    __0snprintf$6                            0x000085b9   Thumb Code    48  printf6.o(i.__0snprintf$6)
    __1snprintf$6                            0x000085b9   Thumb Code     0  printf6.o(i.__0snprintf$6)
    __2snprintf                              0x000085b9   Thumb Code     0  printf6.o(i.__0snprintf$6)
    __scatterload_copy                       0x000085ed   Thumb Code    14  handlers.o(i.__scatterload_copy)
    __scatterload_null                       0x000085fb   Thumb Code     2  handlers.o(i.__scatterload_null)
    __scatterload_zeroinit                   0x000085fd   Thumb Code    14  handlers.o(i.__scatterload_zeroinit)
    hub_class_driver                         0x00008988   Data          12  usbh_hub.o(.rodata.hub_class_driver)
    Region$$Table$$Base                      0x000093a0   Number         0  anon$$obj.o(Region$$Table)
    Region$$Table$$Limit                     0x000093c0   Number         0  anon$$obj.o(Region$$Table)
    hub_class_info                           0x000093c0   Data          12  usbh_hub.o(usbh_class_info)
    usbh_class_info$$Base                    0x000093c0   Number         0  usbh_hub.o(usbh_class_info)
    usbh_class_info$$Limit                   0x000093cc   Number         0  usbh_hub.o(usbh_class_info)
    g_hub_buf                                0x20000000   Data          32  usbh_hub.o(.NonCacheable)
    g_hub_intbuf                             0x20000020   Data           8  usbh_hub.o(.NonCacheable)
    ehci_qh_pool                             0x20001000   Data        2880  usb_hc_ehci.o(.NonCacheable)
    g_async_qh_head                          0x20001b40   Data         288  usb_hc_ehci.o(.NonCacheable)
    g_framelist                              0x20002000   Data        4096  usb_hc_ehci.o(.NonCacheable)
    g_periodic_qh_head                       0x20003000   Data         288  usb_hc_ehci.o(.NonCacheable)
    g_setup_buffer                           0x20003120   Data          64  usbh_core.o(.NonCacheable)
    ep0_request_buffer                       0x20003160   Data         512  usbh_core.o(.NonCacheable)
    SystemCoreClock                          0x20003360   Data           4  system_mcxn947_cm33_core0.o(.data.SystemCoreClock)
    g_bus_head                               0x20003370   Data           4  usbh_core.o(.bss.g_bus_head)
    g_ehci_hcd                               0x20003378   Data          20  usb_hc_ehci.o(.bss.g_ehci_hcd)
    g_serialHandle                           0x20005ed0   Data           4  fsl_debug_console.o(.bss.g_serialHandle)
    g_usbhost_bus                            0x20005ed4   Data       11120  usbh_core.o(.bss.g_usbhost_bus)
    pxCurrentTCB                             0x20008a48   Data           4  tasks.o(.bss.pxCurrentTCB)
    usbh_class_info_table_begin              0x20010f48   Data           4  usbh_core.o(.bss.usbh_class_info_table_begin)
    usbh_class_info_table_end                0x20010f4c   Data           4  usbh_core.o(.bss.usbh_class_info_table_end)
    xQueueRegistry                           0x20010fe8   Data          64  queue.o(.bss.xQueueRegistry)
    Image$$ARM_LIB_HEAP$$ZI$$Base            0x2001106c   Number         0  anon$$obj.o ABSOLUTE
    Image$$ARM_LIB_HEAP$$ZI$$Limit           0x2001116c   Number         0  anon$$obj.o ABSOLUTE
    Image$$ARM_LIB_STACK$$ZI$$Base           0x2004c000   Number         0  anon$$obj.o ABSOLUTE
    Image$$ARM_LIB_STACK$$ZI$$Limit          0x2004e000   Number         0  anon$$obj.o ABSOLUTE



==============================================================================

Memory Map of the image

  Image Entry point : 0x00000415

  Load Region LR_m_flash_conf (Base: 0x80000400, Size: 0x00000000, Max: 0x00000400, ABSOLUTE)

    Execution Region FLASH_CONFIG (Exec base: 0x80000400, Load base: 0x80000400, Size: 0x00000000, Max: 0x00000400, ABSOLUTE)

    **** No section assigned to this execution region ****



  Load Region LR_m_text (Base: 0x00000000, Size: 0x0000d370, Max: 0x000c0000, ABSOLUTE, COMPRESSED[0x0000a078])

    Execution Region VECTOR_ROM (Exec base: 0x00000000, Load base: 0x00000000, Size: 0x000002b0, Max: 0x00000400, ABSOLUTE)

    Exec Addr    Load Addr    Size         Type   Attr      Idx    E Section Name        Object

    0x00000000   0x00000000   0x000002b0   Data   RO         1193    .isr_vector         startup_mcxn947_cm33_core0.o


    Execution Region ER_m_text (Exec base: 0x00000400, Load base: 0x00000400, Size: 0x00008fcc, Max: 0x000bfc00, ABSOLUTE, FIXED)

    Exec Addr    Load Addr    Size         Type   Attr      Idx    E Section Name        Object

    0x00000400   0x00000400   0x00000000   Code   RO         1935  * .ARM.Collect$$$$00000000  mc_w.l(entry.o)
    0x00000400   0x00000400   0x00000004   Code   RO         2256    .ARM.Collect$$$$00000003  mc_w.l(entry4.o)
    0x00000404   0x00000404   0x00000004   Code   RO         2259    .ARM.Collect$$$$00000004  mc_w.l(entry5.o)
    0x00000408   0x00000408   0x00000000   Code   RO         2261    .ARM.Collect$$$$00000008  mc_w.l(entry7b.o)
    0x00000408   0x00000408   0x00000000   Code   RO         2263    .ARM.Collect$$$$0000000A  mc_w.l(entry8b.o)
    0x00000408   0x00000408   0x00000008   Code   RO         2264    .ARM.Collect$$$$0000000B  mc_w.l(entry9a.o)
    0x00000410   0x00000410   0x00000000   Code   RO         2266    .ARM.Collect$$$$0000000D  mc_w.l(entry10a.o)
    0x00000410   0x00000410   0x00000000   Code   RO         2268    .ARM.Collect$$$$0000000F  mc_w.l(entry11a.o)
    0x00000410   0x00000410   0x00000004   Code   RO         2257    .ARM.Collect$$$$00002714  mc_w.l(entry4.o)
    0x00000414   0x00000414   0x00000540   Code   RO         1192  * .text               startup_mcxn947_cm33_core0.o
    0x00000954   0x00000954   0x00000028   Code   RO         1940    .text               mc_w.l(memcpy.o)
    0x0000097c   0x0000097c   0x00000024   Code   RO         1944    .text               mc_w.l(memseta.o)
    0x000009a0   0x000009a0   0x0000000e   Code   RO         1946    .text               mc_w.l(strlen.o)
    0x000009ae   0x000009ae   0x0000002c   Code   RO         2254    .text               mf_w.l(ffixul.o)
    0x000009da   0x000009da   0x0000002c   Code   RO         2275    .text               mc_w.l(uidiv.o)
    0x00000a06   0x00000a06   0x0000001e   Code   RO         2277    .text               mc_w.l(llshl.o)
    0x00000a24   0x00000a24   0x00000000   Code   RO         2317    .text               mc_w.l(iusefp.o)
    0x00000a24   0x00000a24   0x00000024   Code   RO         2328    .text               mc_w.l(init.o)
    0x00000a48   0x00000a48   0x0000003a   Code   RO         2346    .text               mc_w.l(__dczerorl.o)
    0x00000a82   0x00000a82   0x00000002   PAD
    0x00000a84   0x00000a84   0x000000b8   Code   RO           36    .text.BOARD_BootClockPLL150M  clock_config.o
    0x00000b3c   0x00000b3c   0x00000008   Code   RO           34    .text.BOARD_InitBootClocks  clock_config.o
    0x00000b44   0x00000b44   0x00000008   Code   RO            4    .text.BOARD_InitBootPins  pin_mux.o
    0x00000b4c   0x00000b4c   0x0000002a   Code   RO           20    .text.BOARD_InitDebugConsole  board.o
    0x00000b76   0x00000b76   0x00000002   PAD
    0x00000b78   0x00000b78   0x00000028   Code   RO            6    .text.BOARD_InitPins  pin_mux.o
    0x00000ba0   0x00000ba0   0x00000032   Code   RO           24    .text.BOARD_PowerMode_OD  board.o
    0x00000bd2   0x00000bd2   0x00000002   PAD
    0x00000bd4   0x00000bd4   0x00000072   Code   RO          677    .text.CLOCK_AttachClk  fsl_clock.o
    0x00000c46   0x00000c46   0x00000002   PAD
    0x00000c48   0x00000c48   0x00000010   Code   RO            8    .text.CLOCK_EnableClock  pin_mux.o
    0x00000c58   0x00000c58   0x00000010   Code   RO           40    .text.CLOCK_EnableClock  clock_config.o
    0x00000c68   0x00000c68   0x00000058   Code   RO         1129    .text.CLOCK_EnableClock  fsl_lpflexcomm.o
    0x00000cc0   0x00000cc0   0x00000058   Code   RO         1776    .text.CLOCK_EnableClock  usb_glue_mcx.o
    0x00000d18   0x00000d18   0x00000022   Code   RO          837    .text.CLOCK_EnableUsbhsClock  fsl_clock.o
    0x00000d3a   0x00000d3a   0x00000002   PAD
    0x00000d3c   0x00000d3c   0x000000e0   Code   RO          833    .text.CLOCK_EnableUsbhsPhyPllClock  fsl_clock.o
    0x00000e1c   0x00000e1c   0x0000001a   Code   RO          703    .text.CLOCK_GetClk48MFreq  fsl_clock.o
    0x00000e36   0x00000e36   0x00000002   PAD
    0x00000e38   0x00000e38   0x0000001c   Code   RO          709    .text.CLOCK_GetExtClkFreq  fsl_clock.o
    0x00000e54   0x00000e54   0x0000002e   Code   RO          711    .text.CLOCK_GetOsc32KFreq  fsl_clock.o
    0x00000e82   0x00000e82   0x00000002   PAD
    0x00000e84   0x00000e84   0x00000032   Code   RO          745    .text.CLOCK_GetPLL0InClockRate  fsl_clock.o
    0x00000eb6   0x00000eb6   0x00000002   PAD
    0x00000eb8   0x00000eb8   0x00000054   Code   RO          713    .text.CLOCK_GetPll0OutFreq  fsl_clock.o
    0x00000f0c   0x00000f0c   0x00000010   Code   RO          747    .text.CLOCK_IsPLL0Locked  fsl_clock.o
    0x00000f1c   0x00000f1c   0x00000020   Code   RO          681    .text.CLOCK_SetClkDiv  fsl_clock.o
    0x00000f3c   0x00000f3c   0x000000ac   Code   RO          825    .text.CLOCK_SetPLL0Freq  fsl_clock.o
    0x00000fe8   0x00000fe8   0x00000014   Code   RO          669    .text.CLOCK_SetPll0MonitorMode  fsl_clock.o
    0x00000ffc   0x00000ffc   0x00000102   Code   RO          651    .text.CLOCK_SetupExtClocking  fsl_clock.o
    0x000010fe   0x000010fe   0x00000002   PAD
    0x00001100   0x00001100   0x00000056   Code   RO          649    .text.CLOCK_SetupFROHFClocking  fsl_clock.o
    0x00001156   0x00001156   0x00000002   PAD
    0x00001158   0x00001158   0x00000008   Code   RO         1300    .text.ConvertPrecisionWidthToLength  fsl_str.o
    0x00001160   0x00001160   0x0000004a   Code   RO         1282    .text.ConvertRadixNumToString  fsl_str.o
    0x000011aa   0x000011aa   0x00000002   PAD
    0x000011ac   0x000011ac   0x00000038   Code   RO         1223    .text.DbgConsole_Flush  fsl_debug_console.o
    0x000011e4   0x000011e4   0x000000e6   Code   RO         1229    .text.DbgConsole_Init  fsl_debug_console.o
    0x000012ca   0x000012ca   0x00000002   PAD
    0x000012cc   0x000012cc   0x00000044   Code   RO         1245    .text.DbgConsole_PrintCallback  fsl_debug_console.o
    0x00001310   0x00001310   0x00000020   Code   RO         1241    .text.DbgConsole_Printf  fsl_debug_console.o
    0x00001330   0x00001330   0x000000c0   Code   RO         1213    .text.DbgConsole_SendData  fsl_debug_console.o
    0x000013f0   0x000013f0   0x000000b0   Code   RO         1221    .text.DbgConsole_SendDataReliable  fsl_debug_console.o
    0x000014a0   0x000014a0   0x0000007a   Code   RO         1219    .text.DbgConsole_SerialManagerPerformTransfer  fsl_debug_console.o
    0x0000151a   0x0000151a   0x00000002   PAD
    0x0000151c   0x0000151c   0x0000002a   Code   RO         1233    .text.DbgConsole_SerialManagerTx2Callback  fsl_debug_console.o
    0x00001546   0x00001546   0x00000002   PAD
    0x00001548   0x00001548   0x0000004a   Code   RO         1231    .text.DbgConsole_SerialManagerTxCallback  fsl_debug_console.o
    0x00001592   0x00001592   0x00000002   PAD
    0x00001594   0x00001594   0x00000042   Code   RO         1243    .text.DbgConsole_Vprintf  fsl_debug_console.o
    0x000015d6   0x000015d6   0x00000002   PAD
    0x000015d8   0x000015d8   0x00000008   Code   RO          902    .text.DisableGlobalIRQ  fsl_lpuart.o
    0x000015e0   0x000015e0   0x00000008   Code   RO         1215    .text.DisableGlobalIRQ  fsl_debug_console.o
    0x000015e8   0x000015e8   0x00000008   Code   RO         1446    .text.DisableGlobalIRQ  fsl_component_serial_manager.o
    0x000015f0   0x000015f0   0x00000008   Code   RO         1529    .text.DisableGlobalIRQ  fsl_component_generic_list.o
    0x000015f8   0x000015f8   0x00000006   Code   RO          904    .text.EnableGlobalIRQ  fsl_lpuart.o
    0x000015fe   0x000015fe   0x00000002   PAD
    0x00001600   0x00001600   0x00000006   Code   RO         1217    .text.EnableGlobalIRQ  fsl_debug_console.o
    0x00001606   0x00001606   0x00000002   PAD
    0x00001608   0x00001608   0x00000006   Code   RO         1452    .text.EnableGlobalIRQ  fsl_component_serial_manager.o
    0x0000160e   0x0000160e   0x00000002   PAD
    0x00001610   0x00001610   0x00000006   Code   RO         1533    .text.EnableGlobalIRQ  fsl_component_generic_list.o
    0x00001616   0x00001616   0x00000002   PAD
    0x00001618   0x00001618   0x00000014   Code   RO         1338    .text.EnableIRQ     fsl_adapter_lpuart.o
    0x0000162c   0x0000162c   0x00000008   Code   RO         1782    .text.EnableIRQ     usb_glue_mcx.o
    0x00001634   0x00001634   0x0000000a   Code   RO         1334    .text.HAL_LpUartInterruptHandle_Wapper  fsl_adapter_lpuart.o
    0x0000163e   0x0000163e   0x00000002   PAD
    0x00001640   0x00001640   0x00000040   Code   RO         1362    .text.HAL_UartAbortReceive  fsl_adapter_lpuart.o
    0x00001680   0x00001680   0x0000000a   Code   RO         1344    .text.HAL_UartGetStatus  fsl_adapter_lpuart.o
    0x0000168a   0x0000168a   0x00000002   PAD
    0x0000168c   0x0000168c   0x000000b4   Code   RO         1330    .text.HAL_UartInit  fsl_adapter_lpuart.o
    0x00001740   0x00001740   0x0000009a   Code   RO         1332    .text.HAL_UartInitCommon  fsl_adapter_lpuart.o
    0x000017da   0x000017da   0x00000002   PAD
    0x000017dc   0x000017dc   0x00000028   Code   RO         1352    .text.HAL_UartInstallCallback  fsl_adapter_lpuart.o
    0x00001804   0x00001804   0x0000019c   Code   RO         1368    .text.HAL_UartInterruptHandle  fsl_adapter_lpuart.o
    0x000019a0   0x000019a0   0x00000024   Code   RO         1366    .text.HAL_UartIsrFunction  fsl_adapter_lpuart.o
    0x000019c4   0x000019c4   0x0000007e   Code   RO         1354    .text.HAL_UartReceiveNonBlocking  fsl_adapter_lpuart.o
    0x00001a42   0x00001a42   0x00000002   PAD
    0x00001a44   0x00001a44   0x0000007e   Code   RO         1356    .text.HAL_UartSendNonBlocking  fsl_adapter_lpuart.o
    0x00001ac2   0x00001ac2   0x00000002   PAD
    0x00001ac4   0x00001ac4   0x0000003c   Code   RO         1527    .text.LIST_AddTail  fsl_component_generic_list.o
    0x00001b00   0x00001b00   0x00000018   Code   RO         1531    .text.LIST_Error_Check  fsl_component_generic_list.o
    0x00001b18   0x00001b18   0x00000004   Code   RO         1539    .text.LIST_GetHead  fsl_component_generic_list.o
    0x00001b1c   0x00001b1c   0x00000032   Code   RO         1537    .text.LIST_RemoveHead  fsl_component_generic_list.o
    0x00001b4e   0x00001b4e   0x00000002   PAD
    0x00001b50   0x00001b50   0x00000044   Code   RO          912    .text.LPUART_ClearStatusFlags  fsl_lpuart.o
    0x00001b94   0x00001b94   0x00000062   Code   RO          906    .text.LPUART_DisableInterrupts  fsl_lpuart.o
    0x00001bf6   0x00001bf6   0x00000002   PAD
    0x00001bf8   0x00001bf8   0x00000058   Code   RO          900    .text.LPUART_EnableInterrupts  fsl_lpuart.o
    0x00001c50   0x00001c50   0x00000038   Code   RO          892    .text.LPUART_GetDefaultConfig  fsl_lpuart.o
    0x00001c88   0x00001c88   0x0000003c   Code   RO          908    .text.LPUART_GetEnabledInterrupts  fsl_lpuart.o
    0x00001cc4   0x00001cc4   0x00000032   Code   RO          882    .text.LPUART_GetInstance  fsl_lpuart.o
    0x00001cf6   0x00001cf6   0x00000002   PAD
    0x00001cf8   0x00001cf8   0x00000020   Code   RO          910    .text.LPUART_GetStatusFlags  fsl_lpuart.o
    0x00001d18   0x00001d18   0x00000320   Code   RO          886    .text.LPUART_Init   fsl_lpuart.o
    0x00002038   0x00002038   0x00000022   Code   RO         1392    .text.LPUART_ReadByte  fsl_adapter_lpuart.o
    0x0000205a   0x0000205a   0x00000002   PAD
    0x0000205c   0x0000205c   0x00000012   Code   RO          888    .text.LPUART_SoftwareReset  fsl_lpuart.o
    0x0000206e   0x0000206e   0x00000002   PAD
    0x00002070   0x00002070   0x00000004   Code   RO         1394    .text.LPUART_WriteByte  fsl_adapter_lpuart.o
    0x00002074   0x00002074   0x0000000a   Code   RO         1139    .text.LP_FLEXCOMM0_DriverIRQHandler  fsl_lpflexcomm.o
    0x0000207e   0x0000207e   0x00000002   PAD
    0x00002080   0x00002080   0x0000000a   Code   RO         1370    .text.LP_FLEXCOMM0_IRQHandler  fsl_adapter_lpuart.o
    0x0000208a   0x0000208a   0x00000002   PAD
    0x0000208c   0x0000208c   0x0000000a   Code   RO         1143    .text.LP_FLEXCOMM1_DriverIRQHandler  fsl_lpflexcomm.o
    0x00002096   0x00002096   0x00000002   PAD
    0x00002098   0x00002098   0x0000000a   Code   RO         1372    .text.LP_FLEXCOMM1_IRQHandler  fsl_adapter_lpuart.o
    0x000020a2   0x000020a2   0x00000002   PAD
    0x000020a4   0x000020a4   0x0000000a   Code   RO         1145    .text.LP_FLEXCOMM2_DriverIRQHandler  fsl_lpflexcomm.o
    0x000020ae   0x000020ae   0x00000002   PAD
    0x000020b0   0x000020b0   0x0000000a   Code   RO         1374    .text.LP_FLEXCOMM2_IRQHandler  fsl_adapter_lpuart.o
    0x000020ba   0x000020ba   0x00000002   PAD
    0x000020bc   0x000020bc   0x0000000a   Code   RO         1147    .text.LP_FLEXCOMM3_DriverIRQHandler  fsl_lpflexcomm.o
    0x000020c6   0x000020c6   0x00000002   PAD
    0x000020c8   0x000020c8   0x0000000a   Code   RO         1376    .text.LP_FLEXCOMM3_IRQHandler  fsl_adapter_lpuart.o
    0x000020d2   0x000020d2   0x00000002   PAD
    0x000020d4   0x000020d4   0x0000000a   Code   RO         1149    .text.LP_FLEXCOMM4_DriverIRQHandler  fsl_lpflexcomm.o
    0x000020de   0x000020de   0x00000002   PAD
    0x000020e0   0x000020e0   0x0000000a   Code   RO         1378    .text.LP_FLEXCOMM4_IRQHandler  fsl_adapter_lpuart.o
    0x000020ea   0x000020ea   0x00000002   PAD
    0x000020ec   0x000020ec   0x0000000a   Code   RO         1151    .text.LP_FLEXCOMM5_DriverIRQHandler  fsl_lpflexcomm.o
    0x000020f6   0x000020f6   0x00000002   PAD
    0x000020f8   0x000020f8   0x0000000a   Code   RO         1380    .text.LP_FLEXCOMM5_IRQHandler  fsl_adapter_lpuart.o
    0x00002102   0x00002102   0x00000002   PAD
    0x00002104   0x00002104   0x0000000a   Code   RO         1153    .text.LP_FLEXCOMM6_DriverIRQHandler  fsl_lpflexcomm.o
    0x0000210e   0x0000210e   0x00000002   PAD
    0x00002110   0x00002110   0x0000000a   Code   RO         1382    .text.LP_FLEXCOMM6_IRQHandler  fsl_adapter_lpuart.o
    0x0000211a   0x0000211a   0x00000002   PAD
    0x0000211c   0x0000211c   0x0000000a   Code   RO         1155    .text.LP_FLEXCOMM7_DriverIRQHandler  fsl_lpflexcomm.o
    0x00002126   0x00002126   0x00000002   PAD
    0x00002128   0x00002128   0x0000000a   Code   RO         1384    .text.LP_FLEXCOMM7_IRQHandler  fsl_adapter_lpuart.o
    0x00002132   0x00002132   0x00000002   PAD
    0x00002134   0x00002134   0x0000000a   Code   RO         1157    .text.LP_FLEXCOMM8_DriverIRQHandler  fsl_lpflexcomm.o
    0x0000213e   0x0000213e   0x00000002   PAD
    0x00002140   0x00002140   0x0000000a   Code   RO         1386    .text.LP_FLEXCOMM8_IRQHandler  fsl_adapter_lpuart.o
    0x0000214a   0x0000214a   0x00000002   PAD
    0x0000214c   0x0000214c   0x0000000a   Code   RO         1159    .text.LP_FLEXCOMM9_DriverIRQHandler  fsl_lpflexcomm.o
    0x00002156   0x00002156   0x00000002   PAD
    0x00002158   0x00002158   0x0000000a   Code   RO         1388    .text.LP_FLEXCOMM9_IRQHandler  fsl_adapter_lpuart.o
    0x00002162   0x00002162   0x00000002   PAD
    0x00002164   0x00002164   0x00000074   Code   RO         1141    .text.LP_FLEXCOMM_CommonIRQHandler  fsl_lpflexcomm.o
    0x000021d8   0x000021d8   0x00000012   Code   RO         1123    .text.LP_FLEXCOMM_GetInterruptStatus  fsl_lpflexcomm.o
    0x000021ea   0x000021ea   0x00000002   PAD
    0x000021ec   0x000021ec   0x0000004a   Code   RO         1127    .text.LP_FLEXCOMM_Init  fsl_lpflexcomm.o
    0x00002236   0x00002236   0x00000002   PAD
    0x00002238   0x00002238   0x00000022   Code   RO         1161    .text.LP_FLEXCOMM_PeripheralIsPresent  fsl_lpflexcomm.o
    0x0000225a   0x0000225a   0x00000002   PAD
    0x0000225c   0x0000225c   0x00000042   Code   RO         1137    .text.LP_FLEXCOMM_SetIRQHandler  fsl_lpflexcomm.o
    0x0000229e   0x0000229e   0x00000002   PAD
    0x000022a0   0x000022a0   0x00000080   Code   RO         1131    .text.LP_FLEXCOMM_SetPeriph  fsl_lpflexcomm.o
    0x00002320   0x00002320   0x00000064   Code   RO           10    .text.PORT_SetPinConfig  pin_mux.o
    0x00002384   0x00002384   0x0000000c   PAD
    0x00002390   0x00002390   0x00000054   Code   RO          590    .text.PendSV_Handler  portasm.o
    0x000023e4   0x000023e4   0x00000016   Code   RO         1276    .text.PrintFilterLengthFlag  fsl_str.o
    0x000023fa   0x000023fa   0x00000002   PAD
    0x000023fc   0x000023fc   0x00000028   Code   RO         1274    .text.PrintGetPrecision  fsl_str.o
    0x00002424   0x00002424   0x0000001a   Code   RO         1298    .text.PrintGetRadixFromobpu  fsl_str.o
    0x0000243e   0x0000243e   0x00000002   PAD
    0x00002440   0x00002440   0x0000003a   Code   RO         1272    .text.PrintGetWidth  fsl_str.o
    0x0000247a   0x0000247a   0x00000002   PAD
    0x0000247c   0x0000247c   0x00000010   Code   RO         1278    .text.PrintIsdi     fsl_str.o
    0x0000248c   0x0000248c   0x0000000e   Code   RO         1286    .text.PrintIsfF     fsl_str.o
    0x0000249a   0x0000249a   0x00000002   PAD
    0x0000249c   0x0000249c   0x00000024   Code   RO         1294    .text.PrintIsobpu   fsl_str.o
    0x000024c0   0x000024c0   0x0000000e   Code   RO         1288    .text.PrintIsxX     fsl_str.o
    0x000024ce   0x000024ce   0x00000002   PAD
    0x000024d0   0x000024d0   0x00000032   Code   RO         1284    .text.PrintOutputdifFobpu  fsl_str.o
    0x00002502   0x00002502   0x00000002   PAD
    0x00002504   0x00002504   0x00000032   Code   RO         1292    .text.PrintOutputxX  fsl_str.o
    0x00002536   0x00002536   0x00000002   PAD
    0x00002538   0x00002538   0x00000042   Code   RO          869    .text.RESET_ClearPeripheralReset  fsl_reset.o
    0x0000257a   0x0000257a   0x00000002   PAD
    0x0000257c   0x0000257c   0x0000000a   Code   RO         1052    .text.SPC_GetActiveModeBandgapMode  fsl_spc.o
    0x00002586   0x00002586   0x00000002   PAD
    0x00002588   0x00002588   0x0000000a   Code   RO         1060    .text.SPC_GetActiveModeCoreLDODriveStrength  fsl_spc.o
    0x00002592   0x00002592   0x00000002   PAD
    0x00002594   0x00002594   0x0000000a   Code   RO         1054    .text.SPC_GetActiveModeCoreLDOVDDVoltageLevel  fsl_spc.o
    0x0000259e   0x0000259e   0x00000002   PAD
    0x000025a0   0x000025a0   0x0000000a   Code   RO         1008    .text.SPC_GetActiveModeVoltageDetectStatus  fsl_spc.o
    0x000025aa   0x000025aa   0x00000002   PAD
    0x000025ac   0x000025ac   0x00000078   Code   RO         1050    .text.SPC_SetActiveModeCoreLDORegulatorConfig  fsl_spc.o
    0x00002624   0x00002624   0x00000040   Code   RO         1056    .text.SPC_SetActiveModeCoreLDORegulatorDriveStrength  fsl_spc.o
    0x00002664   0x00002664   0x00000036   Code   RO         1058    .text.SPC_SetActiveModeCoreLDORegulatorVoltageLevel  fsl_spc.o
    0x0000269a   0x0000269a   0x00000002   PAD
    0x0000269c   0x0000269c   0x0000004a   Code   RO         1080    .text.SPC_SetActiveModeDCDCRegulatorConfig  fsl_spc.o
    0x000026e6   0x000026e6   0x00000002   PAD
    0x000026e8   0x000026e8   0x0000002a   Code   RO         1082    .text.SPC_SetActiveModeDCDCRegulatorDriveStrength  fsl_spc.o
    0x00002712   0x00002712   0x00000002   PAD
    0x00002714   0x00002714   0x0000000e   Code   RO         1084    .text.SPC_SetActiveModeDCDCRegulatorVoltageLevel  fsl_spc.o
    0x00002722   0x00002722   0x00000002   PAD
    0x00002724   0x00002724   0x00000044   Code   RO         1004    .text.SPC_SetSRAMOperateVoltage  fsl_spc.o
    0x00002768   0x00002768   0x00000008   PAD
    0x00002770   0x00002770   0x00000024   Code   RO          592    .text.SVC_Handler   portasm.o
    0x00002794   0x00002794   0x00000008   Code   RO         1488    .text.SerialManager_AddTail  fsl_component_serial_manager.o
    0x0000279c   0x0000279c   0x00000086   Code   RO         1458    .text.SerialManager_Init  fsl_component_serial_manager.o
    0x00002822   0x00002822   0x00000002   PAD
    0x00002824   0x00002824   0x00000022   Code   RO         1494    .text.SerialManager_InstallTxCallback  fsl_component_serial_manager.o
    0x00002846   0x00002846   0x00000002   PAD
    0x00002848   0x00002848   0x00000020   Code   RO         1510    .text.SerialManager_IsrFunction  fsl_component_serial_manager.o
    0x00002868   0x00002868   0x00000042   Code   RO         1464    .text.SerialManager_OpenWriteHandle  fsl_component_serial_manager.o
    0x000028aa   0x000028aa   0x00000002   PAD
    0x000028ac   0x000028ac   0x0000001e   Code   RO         1506    .text.SerialManager_ReleaseLpConstraint  fsl_component_serial_manager.o
    0x000028ca   0x000028ca   0x00000002   PAD
    0x000028cc   0x000028cc   0x00000008   Code   RO         1504    .text.SerialManager_RemoveHead  fsl_component_serial_manager.o
    0x000028d4   0x000028d4   0x000001b0   Code   RO         1444    .text.SerialManager_RxCallback  fsl_component_serial_manager.o
    0x00002a84   0x00002a84   0x0000001e   Code   RO         1512    .text.SerialManager_SetLpConstraint  fsl_component_serial_manager.o
    0x00002aa2   0x00002aa2   0x00000002   PAD
    0x00002aa4   0x00002aa4   0x00000016   Code   RO         1450    .text.SerialManager_StartReading  fsl_component_serial_manager.o
    0x00002aba   0x00002aba   0x00000002   PAD
    0x00002abc   0x00002abc   0x00000038   Code   RO         1490    .text.SerialManager_StartWriting  fsl_component_serial_manager.o
    0x00002af4   0x00002af4   0x00000086   Code   RO         1448    .text.SerialManager_Task  fsl_component_serial_manager.o
    0x00002b7a   0x00002b7a   0x00000002   PAD
    0x00002b7c   0x00002b7c   0x00000062   Code   RO         1460    .text.SerialManager_TxCallback  fsl_component_serial_manager.o
    0x00002bde   0x00002bde   0x00000002   PAD
    0x00002be0   0x00002be0   0x000000be   Code   RO         1478    .text.SerialManager_Write  fsl_component_serial_manager.o
    0x00002c9e   0x00002c9e   0x00000002   PAD
    0x00002ca0   0x00002ca0   0x0000000a   Code   RO         1484    .text.SerialManager_WriteNonBlocking  fsl_component_serial_manager.o
    0x00002caa   0x00002caa   0x00000002   PAD
    0x00002cac   0x00002cac   0x00000002   Code   RO         1454    .text.SerialManager_WriteTimeDelay  fsl_component_serial_manager.o
    0x00002cae   0x00002cae   0x00000002   PAD
    0x00002cb0   0x00002cb0   0x0000000c   Code   RO         1508    .text.SerialManager_needPollingIsr  fsl_component_serial_manager.o
    0x00002cbc   0x00002cbc   0x0000005e   Code   RO         1410    .text.Serial_UartCallback  fsl_component_serial_port_uart.o
    0x00002d1a   0x00002d1a   0x00000002   PAD
    0x00002d1c   0x00002d1c   0x00000034   Code   RO         1418    .text.Serial_UartEnableReceiving  fsl_component_serial_port_uart.o
    0x00002d50   0x00002d50   0x0000003a   Code   RO         1408    .text.Serial_UartInit  fsl_component_serial_port_uart.o
    0x00002d8a   0x00002d8a   0x00000002   PAD
    0x00002d8c   0x00002d8c   0x00000012   Code   RO         1428    .text.Serial_UartInstallRxCallback  fsl_component_serial_port_uart.o
    0x00002d9e   0x00002d9e   0x00000002   PAD
    0x00002da0   0x00002da0   0x0000000e   Code   RO         1426    .text.Serial_UartInstallTxCallback  fsl_component_serial_port_uart.o
    0x00002dae   0x00002dae   0x00000002   PAD
    0x00002db0   0x00002db0   0x0000000e   Code   RO         1430    .text.Serial_UartIsrFunction  fsl_component_serial_port_uart.o
    0x00002dbe   0x00002dbe   0x00000002   PAD
    0x00002dc0   0x00002dc0   0x0000000e   Code   RO         1416    .text.Serial_UartRead  fsl_component_serial_port_uart.o
    0x00002dce   0x00002dce   0x00000002   PAD
    0x00002dd0   0x00002dd0   0x0000003a   Code   RO         1414    .text.Serial_UartWrite  fsl_component_serial_port_uart.o
    0x00002e0a   0x00002e0a   0x00000002   PAD
    0x00002e0c   0x00002e0c   0x0000000c   Code   RO         1280    .text.StrFormatExaminedi  fsl_str.o
    0x00002e18   0x00002e18   0x0000000c   Code   RO         1296    .text.StrFormatExamineobpu  fsl_str.o
    0x00002e24   0x00002e24   0x0000000c   Code   RO         1290    .text.StrFormatExaminexX  fsl_str.o
    0x00002e30   0x00002e30   0x000001b8   Code   RO         1270    .text.StrFormatPrintf  fsl_str.o
    0x00002fe8   0x00002fe8   0x00000024   Code   RO          549    .text.SysTick_Handler  port.o
    0x0000300c   0x0000300c   0x000000c8   Code   RO         1179    .text.SystemInit    system_mcxn947_cm33_core0.o
    0x000030d4   0x000030d4   0x00000002   Code   RO         1181    .text.SystemInitHook  system_mcxn947_cm33_core0.o
    0x000030d6   0x000030d6   0x00000002   PAD
    0x000030d8   0x000030d8   0x0000000a   Code   RO         1772    .text.USB1_HS_IRQHandler  usb_glue_mcx.o
    0x000030e2   0x000030e2   0x00000002   PAD
    0x000030e4   0x000030e4   0x00000152   Code   RO         1837    .text.USBH_IRQHandler  usb_hc_ehci.o
    0x00003236   0x00003236   0x00000002   PAD
    0x00003238   0x00003238   0x000000e8   Code   RO         1774    .text.USB_ClockInit  usb_glue_mcx.o
    0x00003320   0x00003320   0x0000004c   Code   RO          601    .text.USB_EhciPhyGetBase  usb_phy.o
    0x0000336c   0x0000336c   0x0000007e   Code   RO          603    .text.USB_EhciPhyInit  usb_phy.o
    0x000033ea   0x000033ea   0x00000002   PAD
    0x000033ec   0x000033ec   0x00000020   Code   RO         1390    .text.__NVIC_EnableIRQ  fsl_adapter_lpuart.o
    0x0000340c   0x0000340c   0x0000000e   Code   RO         1794    .text.__NVIC_EnableIRQ  usb_glue_mcx.o
    0x0000341a   0x0000341a   0x00000002   PAD
    0x0000341c   0x0000341c   0x00000022   Code   RO         1336    .text.__NVIC_SetPriority  fsl_adapter_lpuart.o
    0x0000343e   0x0000343e   0x00000002   PAD
    0x00003440   0x00003440   0x0000000e   Code   RO         1780    .text.__NVIC_SetPriority  usb_glue_mcx.o
    0x0000344e   0x0000344e   0x00000002   PAD
    0x00003450   0x00003450   0x0000004c   Code   RO         1201    .text.__aeabi_assert  fsl_assert.o
    0x0000349c   0x0000349c   0x0000000e   Code   RO         1746    .text.__usb_timeout  usb_osal_freertos.o
    0x000034aa   0x000034aa   0x00000002   PAD
    0x000034ac   0x000034ac   0x00000034   Code   RO         1916    .text.__usbh_free_devaddr  usbh_core.o
    0x000034e0   0x000034e0   0x0000002c   Code   RO         1658    .text._usbh_hub_clear_feature  usbh_hub.o
    0x0000350c   0x0000350c   0x00000058   Code   RO         1686    .text._usbh_hub_get_hub_descriptor  usbh_hub.o
    0x00003564   0x00003564   0x00000058   Code   RO         1682    .text._usbh_hub_get_hub_ss_descriptor  usbh_hub.o
    0x000035bc   0x000035bc   0x00000050   Code   RO         1676    .text._usbh_hub_get_portstatus  usbh_hub.o
    0x0000360c   0x0000360c   0x00000022   Code   RO         1692    .text._usbh_hub_set_depth  usbh_hub.o
    0x0000362e   0x0000362e   0x00000002   PAD
    0x00003630   0x00003630   0x0000002c   Code   RO         1654    .text._usbh_hub_set_feature  usbh_hub.o
    0x0000365c   0x0000365c   0x0000016a   Code   RO         1827    .text.ehci_bulk_urb_init  usb_hc_ehci.o
    0x000037c6   0x000037c6   0x00000002   PAD
    0x000037c8   0x000037c8   0x00000050   Code   RO         1853    .text.ehci_caculate_smask  usb_hc_ehci.o
    0x00003818   0x00003818   0x000000ae   Code   RO         1859    .text.ehci_check_qh  usb_hc_ehci.o
    0x000038c6   0x000038c6   0x00000002   PAD
    0x000038c8   0x000038c8   0x00000152   Code   RO         1825    .text.ehci_control_urb_init  usb_hc_ehci.o
    0x00003a1a   0x00003a1a   0x00000002   PAD
    0x00003a1c   0x00003a1c   0x00000172   Code   RO         1829    .text.ehci_intr_urb_init  usb_hc_ehci.o
    0x00003b8e   0x00003b8e   0x00000002   PAD
    0x00003b90   0x00003b90   0x00000028   Code   RO         1835    .text.ehci_kill_qh  usb_hc_ehci.o
    0x00003bb8   0x00003bb8   0x0000000e   Code   RO         1851    .text.ehci_qh_add_head  usb_hc_ehci.o
    0x00003bc6   0x00003bc6   0x00000002   PAD
    0x00003bc8   0x00003bc8   0x0000009a   Code   RO         1845    .text.ehci_qh_alloc  usb_hc_ehci.o
    0x00003c62   0x00003c62   0x00000002   PAD
    0x00003c64   0x00003c64   0x0000008c   Code   RO         1847    .text.ehci_qh_fill  usb_hc_ehci.o
    0x00003cf0   0x00003cf0   0x00000060   Code   RO         1831    .text.ehci_qh_free  usb_hc_ehci.o
    0x00003d50   0x00003d50   0x0000001a   Code   RO         1857    .text.ehci_qh_remove  usb_hc_ehci.o
    0x00003d6a   0x00003d6a   0x00000002   PAD
    0x00003d6c   0x00003d6c   0x0000003a   Code   RO         1861    .text.ehci_qh_scan_qtds  usb_hc_ehci.o
    0x00003da6   0x00003da6   0x00000002   PAD
    0x00003da8   0x00003da8   0x0000004e   Code   RO         1855    .text.ehci_qtd_bpl_fill  usb_hc_ehci.o
    0x00003df6   0x00003df6   0x00000002   PAD
    0x00003df8   0x00003df8   0x00000010   Code   RO         1849    .text.ehci_qtd_fill  usb_hc_ehci.o
    0x00003e08   0x00003e08   0x0000004c   Code   RO         1839    .text.ehci_scan_async_list  usb_hc_ehci.o
    0x00003e54   0x00003e54   0x00000040   Code   RO         1841    .text.ehci_scan_periodic_list  usb_hc_ehci.o
    0x00003e94   0x00003e94   0x0000003a   Code   RO         1843    .text.ehci_urb_waitup  usb_hc_ehci.o
    0x00003ece   0x00003ece   0x00000002   PAD
    0x00003ed0   0x00003ed0   0x0000006c   Code   RO          753    .text.findPll0MMult  fsl_clock.o
    0x00003f3c   0x00003f3c   0x00000028   Code   RO          751    .text.findPll0PostDiv  fsl_clock.o
    0x00003f64   0x00003f64   0x0000001e   Code   RO          749    .text.findPll0PreDiv  fsl_clock.o
    0x00003f82   0x00003f82   0x00000002   PAD
    0x00003f84   0x00003f84   0x00000004   Code   RO         1199    .text.fsl_assert_hook  fsl_assert.o
    0x00003f88   0x00003f88   0x0000001e   Code   RO         1696    .text.hub_int_complete_callback  usbh_hub.o
    0x00003fa6   0x00003fa6   0x00000002   PAD
    0x00003fa8   0x00003fa8   0x00000030   Code   RO         1690    .text.hub_int_timeout  usbh_hub.o
    0x00003fd8   0x00003fd8   0x00000032   Code   RO           57    .text.main          main.o
    0x0000400a   0x0000400a   0x00000002   PAD
    0x0000400c   0x0000400c   0x0000022c   Code   RO         1884    .text.parse_config_descriptor  usbh_core.o
    0x00004238   0x00004238   0x000000c0   Code   RO         1880    .text.parse_device_descriptor  usbh_core.o
    0x000042f8   0x000042f8   0x000000f8   Code   RO         1688    .text.parse_hub_descriptor  usbh_hub.o
    0x000043f0   0x000043f0   0x000000dc   Code   RO         1684    .text.parse_hub_ss_descriptor  usbh_hub.o
    0x000044cc   0x000044cc   0x000000cc   Code   RO          280    .text.prvAddCurrentTaskToDelayedList  tasks.o
    0x00004598   0x00004598   0x000000be   Code   RO          268    .text.prvAddNewTaskToReadyList  tasks.o
    0x00004656   0x00004656   0x00000002   PAD
    0x00004658   0x00004658   0x0000006c   Code   RO          436    .text.prvCheckForValidListAndQueue  timers.o
    0x000046c4   0x000046c4   0x0000004e   Code   RO          400    .text.prvCheckTasksWaitingTermination  tasks.o
    0x00004712   0x00004712   0x00000002   PAD
    0x00004714   0x00004714   0x00000026   Code   RO          157    .text.prvCopyDataFromQueue  queue.o
    0x0000473a   0x0000473a   0x00000002   PAD
    0x0000473c   0x0000473c   0x0000007a   Code   RO          145    .text.prvCopyDataToQueue  queue.o
    0x000047b6   0x000047b6   0x00000002   PAD
    0x000047b8   0x000047b8   0x00000050   Code   RO          310    .text.prvCreateIdleTasks  tasks.o
    0x00004808   0x00004808   0x00000058   Code   RO          266    .text.prvCreateTask  tasks.o
    0x00004860   0x00004860   0x00000012   Code   RO          274    .text.prvDeleteTCB  tasks.o
    0x00004872   0x00004872   0x00000002   PAD
    0x00004874   0x00004874   0x00000012   Code   RO          161    .text.prvGetDisinheritPriorityAfterTimeout  queue.o
    0x00004886   0x00004886   0x00000002   PAD
    0x00004888   0x00004888   0x00000020   Code   RO          476    .text.prvGetNextExpireTime  timers.o
    0x000048a8   0x000048a8   0x0000006a   Code   RO          509    .text.prvHeapInit   heap_4.o
    0x00004912   0x00004912   0x00000002   PAD
    0x00004914   0x00004914   0x00000018   Code   RO          398    .text.prvIdleTask   tasks.o
    0x0000492c   0x0000492c   0x00000020   Code   RO          129    .text.prvInitialiseMutex  queue.o
    0x0000494c   0x0000494c   0x00000020   Code   RO          125    .text.prvInitialiseNewQueue  queue.o
    0x0000496c   0x0000496c   0x0000008c   Code   RO          394    .text.prvInitialiseNewTask  tasks.o
    0x000049f8   0x000049f8   0x00000046   Code   RO          442    .text.prvInitialiseNewTimer  timers.o
    0x00004a3e   0x00004a3e   0x00000002   PAD
    0x00004a40   0x00004a40   0x00000070   Code   RO          396    .text.prvInitialiseTaskLists  tasks.o
    0x00004ab0   0x00004ab0   0x00000084   Code   RO          513    .text.prvInsertBlockIntoFreeList  heap_4.o
    0x00004b34   0x00004b34   0x00000040   Code   RO          490    .text.prvInsertTimerInActiveList  timers.o
    0x00004b74   0x00004b74   0x00000018   Code   RO          159    .text.prvIsQueueEmpty  queue.o
    0x00004b8c   0x00004b8c   0x0000001c   Code   RO          147    .text.prvIsQueueFull  queue.o
    0x00004ba8   0x00004ba8   0x0000003e   Code   RO          484    .text.prvProcessExpiredTimer  timers.o
    0x00004be6   0x00004be6   0x00000002   PAD
    0x00004be8   0x00004be8   0x00000112   Code   RO          480    .text.prvProcessReceivedCommands  timers.o
    0x00004cfa   0x00004cfa   0x00000002   PAD
    0x00004cfc   0x00004cfc   0x0000006e   Code   RO          478    .text.prvProcessTimerOrBlockTask  timers.o
    0x00004d6a   0x00004d6a   0x00000002   PAD
    0x00004d6c   0x00004d6c   0x0000003a   Code   RO          488    .text.prvReloadTimer  timers.o
    0x00004da6   0x00004da6   0x00000002   PAD
    0x00004da8   0x00004da8   0x00000026   Code   RO          272    .text.prvResetNextTaskUnblockTime  tasks.o
    0x00004dce   0x00004dce   0x00000002   PAD
    0x00004dd0   0x00004dd0   0x0000002a   Code   RO          482    .text.prvSampleTimeNow  timers.o
    0x00004dfa   0x00004dfa   0x00000002   PAD
    0x00004dfc   0x00004dfc   0x00000034   Code   RO          486    .text.prvSwitchTimerLists  timers.o
    0x00004e30   0x00004e30   0x0000002a   Code   RO          555    .text.prvTaskExitError  port.o
    0x00004e5a   0x00004e5a   0x00000002   PAD
    0x00004e5c   0x00004e5c   0x00000016   Code   RO          438    .text.prvTimerTask  timers.o
    0x00004e72   0x00004e72   0x00000002   PAD
    0x00004e74   0x00004e74   0x00000072   Code   RO          149    .text.prvUnlockQueue  queue.o
    0x00004ee6   0x00004ee6   0x00000002   PAD
    0x00004ee8   0x00004ee8   0x0000017e   Code   RO          507    .text.pvPortMalloc  heap_4.o
    0x00005066   0x00005066   0x00000002   PAD
    0x00005068   0x00005068   0x00000018   Code   RO          378    .text.pvTaskIncrementMutexHeldCount  tasks.o
    0x00005080   0x00005080   0x0000001a   Code   RO          464    .text.pvTimerGetTimerID  timers.o
    0x0000509a   0x0000509a   0x00000002   PAD
    0x0000509c   0x0000509c   0x0000006e   Code   RO          553    .text.pxPortInitialiseStack  port.o
    0x0000510a   0x0000510a   0x00000002   PAD
    0x0000510c   0x0000510c   0x00000016   Code   RO          586    .text.ulSetInterruptMask  portasm.o
    0x00005122   0x00005122   0x00000002   PAD
    0x00005124   0x00005124   0x000003f0   Code   RO         1813    .text.usb_hc_init   usb_hc_ehci.o
    0x00005514   0x00005514   0x0000000a   Code   RO         1784    .text.usb_hc_low_level2_init  usb_glue_mcx.o
    0x0000551e   0x0000551e   0x00000002   PAD
    0x00005520   0x00005520   0x00000010   Code   RO         1778    .text.usb_hc_low_level_init  usb_glue_mcx.o
    0x00005530   0x00005530   0x0000004a   Code   RO         1786    .text.usb_host_mode_init  usb_glue_mcx.o
    0x0000557a   0x0000557a   0x00000002   PAD
    0x0000557c   0x0000557c   0x00000016   Code   RO         1754    .text.usb_osal_enter_critical_section  usb_osal_freertos.o
    0x00005592   0x00005592   0x00000002   PAD
    0x00005594   0x00005594   0x00000008   Code   RO         1762    .text.usb_osal_free  usb_osal_freertos.o
    0x0000559c   0x0000559c   0x00000018   Code   RO         1756    .text.usb_osal_leave_critical_section  usb_osal_freertos.o
    0x000055b4   0x000055b4   0x00000008   Code   RO         1760    .text.usb_osal_malloc  usb_osal_freertos.o
    0x000055bc   0x000055bc   0x0000000c   Code   RO         1736    .text.usb_osal_mq_create  usb_osal_freertos.o
    0x000055c8   0x000055c8   0x00000010   Code   RO         1742    .text.usb_osal_mq_recv  usb_osal_freertos.o
    0x000055d8   0x000055d8   0x00000036   Code   RO         1740    .text.usb_osal_mq_send  usb_osal_freertos.o
    0x0000560e   0x0000560e   0x00000002   PAD
    0x00005610   0x00005610   0x00000008   Code   RO         1758    .text.usb_osal_msleep  usb_osal_freertos.o
    0x00005618   0x00005618   0x0000000a   Code   RO         1728    .text.usb_osal_mutex_create  usb_osal_freertos.o
    0x00005622   0x00005622   0x00000002   PAD
    0x00005624   0x00005624   0x00000008   Code   RO         1730    .text.usb_osal_mutex_delete  usb_osal_freertos.o
    0x0000562c   0x0000562c   0x00000016   Code   RO         1734    .text.usb_osal_mutex_give  usb_osal_freertos.o
    0x00005642   0x00005642   0x00000002   PAD
    0x00005644   0x00005644   0x00000014   Code   RO         1732    .text.usb_osal_mutex_take  usb_osal_freertos.o
    0x00005658   0x00005658   0x0000000c   Code   RO         1718    .text.usb_osal_sem_create  usb_osal_freertos.o
    0x00005664   0x00005664   0x0000004a   Code   RO         1724    .text.usb_osal_sem_give  usb_osal_freertos.o
    0x000056ae   0x000056ae   0x00000002   PAD
    0x000056b0   0x000056b0   0x00000010   Code   RO         1722    .text.usb_osal_sem_take  usb_osal_freertos.o
    0x000056c0   0x000056c0   0x0000002a   Code   RO         1714    .text.usb_osal_thread_create  usb_osal_freertos.o
    0x000056ea   0x000056ea   0x00000002   PAD
    0x000056ec   0x000056ec   0x0000005c   Code   RO         1744    .text.usb_osal_timer_create  usb_osal_freertos.o
    0x00005748   0x00005748   0x0000002e   Code   RO         1748    .text.usb_osal_timer_delete  usb_osal_freertos.o
    0x00005776   0x00005776   0x00000002   PAD
    0x00005778   0x00005778   0x00000054   Code   RO         1750    .text.usb_osal_timer_start  usb_osal_freertos.o
    0x000057cc   0x000057cc   0x00000018   Code   RO         1918    .text.usb_slist_add_tail  usbh_core.o
    0x000057e4   0x000057e4   0x00000046   Code   RO         1882    .text.usbh_allocate_devaddr  usbh_core.o
    0x0000582a   0x0000582a   0x00000002   PAD
    0x0000582c   0x0000582c   0x00000028   Code   RO         1894    .text.usbh_bus_init  usbh_core.o
    0x00005854   0x00005854   0x00000048   Code   RO         1878    .text.usbh_control_transfer  usbh_core.o
    0x0000589c   0x0000589c   0x00000024   Code   RO         1900    .text.usbh_control_urb_fill  usbh_core.o
    0x000058c0   0x000058c0   0x00000548   Code   RO         1874    .text.usbh_enumerate  usbh_core.o
    0x00005e08   0x00005e08   0x000000a0   Code   RO         1886    .text.usbh_find_class_driver  usbh_core.o
    0x00005ea8   0x00005ea8   0x0000001a   Code   RO         1890    .text.usbh_free_devaddr  usbh_core.o
    0x00005ec2   0x00005ec2   0x00000002   PAD
    0x00005ec4   0x00005ec4   0x00000028   Code   RO         1876    .text.usbh_get_default_mps  usbh_core.o
    0x00005eec   0x00005eec   0x00000024   Code   RO         1792    .text.usbh_get_port_speed  usb_glue_mcx.o
    0x00005f10   0x00005f10   0x00000036   Code   RO         1678    .text.usbh_hub_class_alloc  usbh_hub.o
    0x00005f46   0x00005f46   0x00000002   PAD
    0x00005f48   0x00005f48   0x0000002e   Code   RO         1698    .text.usbh_hub_class_free  usbh_hub.o
    0x00005f76   0x00005f76   0x00000002   PAD
    0x00005f78   0x00005f78   0x00000038   Code   RO         1656    .text.usbh_hub_clear_feature  usbh_hub.o
    0x00005fb0   0x00005fb0   0x00000390   Code   RO         1668    .text.usbh_hub_connect  usbh_hub.o
    0x00006340   0x00006340   0x000000b0   Code   RO         1670    .text.usbh_hub_disconnect  usbh_hub.o
    0x000063f0   0x000063f0   0x000004a0   Code   RO         1672    .text.usbh_hub_events  usbh_hub.o
    0x00006890   0x00006890   0x0000002e   Code   RO         1674    .text.usbh_hub_get_portstatus  usbh_hub.o
    0x000068be   0x000068be   0x00000002   PAD
    0x000068c0   0x000068c0   0x000000c8   Code   RO         1662    .text.usbh_hub_initialize  usbh_hub.o
    0x00006988   0x00006988   0x00000032   Code   RO         1680    .text.usbh_hub_set_depth  usbh_hub.o
    0x000069ba   0x000069ba   0x00000002   PAD
    0x000069bc   0x000069bc   0x00000038   Code   RO         1652    .text.usbh_hub_set_feature  usbh_hub.o
    0x000069f4   0x000069f4   0x00000028   Code   RO         1664    .text.usbh_hub_thread  usbh_hub.o
    0x00006a1c   0x00006a1c   0x00000016   Code   RO         1660    .text.usbh_hub_thread_wakeup  usbh_hub.o
    0x00006a32   0x00006a32   0x00000002   PAD
    0x00006a34   0x00006a34   0x0000005e   Code   RO         1888    .text.usbh_hubport_release  usbh_core.o
    0x00006a92   0x00006a92   0x00000002   PAD
    0x00006a94   0x00006a94   0x00000084   Code   RO         1892    .text.usbh_initialize  usbh_core.o
    0x00006b18   0x00006b18   0x00000038   Code   RO         1694    .text.usbh_int_urb_fill  usbh_hub.o
    0x00006b50   0x00006b50   0x000001b4   Code   RO         1833    .text.usbh_kill_urb  usb_hc_ehci.o
    0x00006d04   0x00006d04   0x00000092   Code   RO         1821    .text.usbh_reset_port  usb_hc_ehci.o
    0x00006d96   0x00006d96   0x00000002   PAD
    0x00006d98   0x00006d98   0x00000260   Code   RO         1819    .text.usbh_roothub_control  usb_hc_ehci.o
    0x00006ff8   0x00006ff8   0x00000124   Code   RO         1823    .text.usbh_submit_urb  usb_hc_ehci.o
    0x0000711c   0x0000711c   0x00000028   Code   RO          111    .text.uxListRemove  list.o
    0x00007144   0x00007144   0x0000000c   Code   RO          320    .text.uxTaskGetNumberOfTasks  tasks.o
    0x00007150   0x00007150   0x0000000e   Code   RO          588    .text.vClearInterruptMask  portasm.o
    0x0000715e   0x0000715e   0x00000002   PAD
    0x00007160   0x00007160   0x00000016   Code   RO          103    .text.vListInitialise  list.o
    0x00007176   0x00007176   0x00000002   PAD
    0x00007178   0x00007178   0x00000006   Code   RO          105    .text.vListInitialiseItem  list.o
    0x0000717e   0x0000717e   0x00000002   PAD
    0x00007180   0x00007180   0x0000003a   Code   RO          109    .text.vListInsert   list.o
    0x000071ba   0x000071ba   0x00000002   PAD
    0x000071bc   0x000071bc   0x0000001e   Code   RO          545    .text.vPortEnterCritical  port.o
    0x000071da   0x000071da   0x00000002   PAD
    0x000071dc   0x000071dc   0x0000002a   Code   RO          547    .text.vPortExitCritical  port.o
    0x00007206   0x00007206   0x00000002   PAD
    0x00007208   0x00007208   0x0000007e   Code   RO          511    .text.vPortFree     heap_4.o
    0x00007286   0x00007286   0x00000002   PAD
    0x00007288   0x00007288   0x0000001a   Code   RO          551    .text.vPortSVCHandler_C  port.o
    0x000072a2   0x000072a2   0x00000002   PAD
    0x000072a4   0x000072a4   0x00000036   Code   RO          541    .text.vPortSetupTimerInterrupt  port.o
    0x000072da   0x000072da   0x00000002   PAD
    0x000072dc   0x000072dc   0x0000004e   Code   RO          563    .text.vPortValidateInterruptPriority  port.o
    0x0000732a   0x0000732a   0x00000002   PAD
    0x0000732c   0x0000732c   0x00000018   Code   RO          543    .text.vPortYield    port.o
    0x00007344   0x00007344   0x00000052   Code   RO          193    .text.vQueueAddToRegistry  queue.o
    0x00007396   0x00007396   0x00000002   PAD
    0x00007398   0x00007398   0x0000001a   Code   RO          175    .text.vQueueDelete  queue.o
    0x000073b2   0x000073b2   0x00000002   PAD
    0x000073b4   0x000073b4   0x00000036   Code   RO          177    .text.vQueueUnregisterQueue  queue.o
    0x000073ea   0x000073ea   0x00000002   PAD
    0x000073ec   0x000073ec   0x00000044   Code   RO          197    .text.vQueueWaitForMessageRestricted  queue.o
    0x00007430   0x00007430   0x00000034   Code   RO          576    .text.vRestoreContextOfFirstTask  portasm.o
    0x00007464   0x00007464   0x0000000c   PAD
    0x00007470   0x00007470   0x00000024   Code   RO          584    .text.vStartFirstTask  portasm.o
    0x00007494   0x00007494   0x0000003a   Code   RO          284    .text.vTaskDelay    tasks.o
    0x000074ce   0x000074ce   0x00000002   PAD
    0x000074d0   0x000074d0   0x0000001a   Code   RO          342    .text.vTaskInternalSetTimeOutState  tasks.o
    0x000074ea   0x000074ea   0x00000002   PAD
    0x000074ec   0x000074ec   0x0000000e   Code   RO          346    .text.vTaskMissedYield  tasks.o
    0x000074fa   0x000074fa   0x00000002   PAD
    0x000074fc   0x000074fc   0x00000026   Code   RO          330    .text.vTaskPlaceOnEventList  tasks.o
    0x00007522   0x00007522   0x00000002   PAD
    0x00007524   0x00007524   0x00000062   Code   RO          334    .text.vTaskPlaceOnEventListRestricted  tasks.o
    0x00007586   0x00007586   0x00000002   PAD
    0x00007588   0x00007588   0x000000b6   Code   RO          368    .text.vTaskPriorityDisinheritAfterTimeout  tasks.o
    0x0000763e   0x0000763e   0x00000002   PAD
    0x00007640   0x00007640   0x00000056   Code   RO          308    .text.vTaskStartScheduler  tasks.o
    0x00007696   0x00007696   0x00000002   PAD
    0x00007698   0x00007698   0x00000010   Code   RO          278    .text.vTaskSuspendAll  tasks.o
    0x000076a8   0x000076a8   0x0000007e   Code   RO          300    .text.vTaskSwitchContext  tasks.o
    0x00007726   0x00007726   0x00000002   PAD
    0x00007728   0x00007728   0x0000000c   Code   RO          561    .text.xPortIsInsideInterrupt  port.o
    0x00007734   0x00007734   0x000000f6   Code   RO          557    .text.xPortStartScheduler  port.o
    0x0000782a   0x0000782a   0x00000002   PAD
    0x0000782c   0x0000782c   0x00000026   Code   RO          143    .text.xQueueCreateCountingSemaphore  queue.o
    0x00007852   0x00007852   0x00000002   PAD
    0x00007854   0x00007854   0x00000016   Code   RO          127    .text.xQueueCreateMutex  queue.o
    0x0000786a   0x0000786a   0x00000002   PAD
    0x0000786c   0x0000786c   0x00000046   Code   RO          123    .text.xQueueGenericCreate  queue.o
    0x000078b2   0x000078b2   0x00000002   PAD
    0x000078b4   0x000078b4   0x00000082   Code   RO          121    .text.xQueueGenericReset  queue.o
    0x00007936   0x00007936   0x00000002   PAD
    0x00007938   0x00007938   0x0000012e   Code   RO          137    .text.xQueueGenericSend  queue.o
    0x00007a66   0x00007a66   0x00000002   PAD
    0x00007a68   0x00007a68   0x000000be   Code   RO          151    .text.xQueueGenericSendFromISR  queue.o
    0x00007b26   0x00007b26   0x00000002   PAD
    0x00007b28   0x00007b28   0x0000009a   Code   RO          153    .text.xQueueGiveFromISR  queue.o
    0x00007bc2   0x00007bc2   0x00000002   PAD
    0x00007bc4   0x00007bc4   0x00000138   Code   RO          155    .text.xQueueReceive  queue.o
    0x00007cfc   0x00007cfc   0x00000162   Code   RO          141    .text.xQueueSemaphoreTake  queue.o
    0x00007e5e   0x00007e5e   0x00000002   PAD
    0x00007e60   0x00007e60   0x00000074   Code   RO          344    .text.xTaskCheckForTimeOut  tasks.o
    0x00007ed4   0x00007ed4   0x00000024   Code   RO          264    .text.xTaskCreate   tasks.o
    0x00007ef8   0x00007ef8   0x00000026   Code   RO          362    .text.xTaskGetSchedulerState  tasks.o
    0x00007f1e   0x00007f1e   0x00000002   PAD
    0x00007f20   0x00007f20   0x0000000c   Code   RO          316    .text.xTaskGetTickCount  tasks.o
    0x00007f2c   0x00007f2c   0x00000012   Code   RO          318    .text.xTaskGetTickCountFromISR  tasks.o
    0x00007f3e   0x00007f3e   0x00000002   PAD
    0x00007f40   0x00007f40   0x000001a2   Code   RO          314    .text.xTaskIncrementTick  tasks.o
    0x000080e2   0x000080e2   0x00000002   PAD
    0x000080e4   0x000080e4   0x000000ae   Code   RO          366    .text.xTaskPriorityDisinherit  tasks.o
    0x00008192   0x00008192   0x00000002   PAD
    0x00008194   0x00008194   0x000000be   Code   RO          364    .text.xTaskPriorityInherit  tasks.o
    0x00008252   0x00008252   0x00000002   PAD
    0x00008254   0x00008254   0x000000ec   Code   RO          336    .text.xTaskRemoveFromEventList  tasks.o
    0x00008340   0x00008340   0x00000156   Code   RO          282    .text.xTaskResumeAll  tasks.o
    0x00008496   0x00008496   0x00000002   PAD
    0x00008498   0x00008498   0x00000038   Code   RO          440    .text.xTimerCreate  timers.o
    0x000084d0   0x000084d0   0x00000054   Code   RO          434    .text.xTimerCreateTimerTask  timers.o
    0x00008524   0x00008524   0x00000042   Code   RO          446    .text.xTimerGenericCommandFromISR  timers.o
    0x00008566   0x00008566   0x00000002   PAD
    0x00008568   0x00008568   0x0000004e   Code   RO          444    .text.xTimerGenericCommandFromTask  timers.o
    0x000085b6   0x000085b6   0x00000002   PAD
    0x000085b8   0x000085b8   0x00000034   Code   RO         2112    i.__0snprintf$6     mc_w.l(printf6.o)
    0x000085ec   0x000085ec   0x0000000e   Code   RO         2340    i.__scatterload_copy  mc_w.l(handlers.o)
    0x000085fa   0x000085fa   0x00000002   Code   RO         2341    i.__scatterload_null  mc_w.l(handlers.o)
    0x000085fc   0x000085fc   0x0000000e   Code   RO         2342    i.__scatterload_zeroinit  mc_w.l(handlers.o)
    0x0000860a   0x0000860a   0x00000002   PAD
    0x0000860c   0x0000860c   0x000002f0   Code   RO         2118    i._printf_core      mc_w.l(printf6.o)
    0x000088fc   0x000088fc   0x00000024   Code   RO         2119    i._printf_post_padding  mc_w.l(printf6.o)
    0x00008920   0x00008920   0x0000002e   Code   RO         2120    i._printf_pre_padding  mc_w.l(printf6.o)
    0x0000894e   0x0000894e   0x00000016   Code   RO         2121    i._snputc           mc_w.l(printf6.o)
    0x00008964   0x00008964   0x0000001c   Data   RO           48    .rodata..L__const.BOARD_BootClockPLL150M.pll0Setup  clock_config.o
    0x00008980   0x00008980   0x00000003   Data   RO         1798    .rodata..L__const.USB_ClockInit.phyConfig  usb_glue_mcx.o
    0x00008983   0x00008983   0x00000001   PAD
    0x00008984   0x00008984   0x00000004   Data   RO          611    .rodata.cst4        usb_phy.o
    0x00008988   0x00008988   0x0000000c   Data   RO         1701    .rodata.hub_class_driver  usbh_hub.o
    0x00008994   0x00008994   0x00000028   Data   RO         1397    .rodata.s_LpuartAdapterBase  fsl_adapter_lpuart.o
    0x000089bc   0x000089bc   0x00000014   Data   RO         1399    .rodata.s_LpuartIRQ  fsl_adapter_lpuart.o
    0x000089d0   0x000089d0   0x00000028   Data   RO         1165    .rodata.s_lpflexcommBase  fsl_lpflexcomm.o
    0x000089f8   0x000089f8   0x00000014   Data   RO         1167    .rodata.s_lpflexcommClocks  fsl_lpflexcomm.o
    0x00008a0c   0x00008a0c   0x00000028   Data   RO         1168    .rodata.s_lpflexcommResets  fsl_lpflexcomm.o
    0x00008a34   0x00008a34   0x00000028   Data   RO          959    .rodata.s_lpuartBases  fsl_lpuart.o
    0x00008a5c   0x00008a5c   0x00000046   Data   RO          873    .rodata.str1.1      fsl_reset.o
    0x00008aa2   0x00008aa2   0x000000fc   Data   RO          960    .rodata.str1.1      fsl_lpuart.o
    0x00008b9e   0x00008b9e   0x00000055   Data   RO         1112    .rodata.str1.1      fsl_spc.o
    0x00008bf3   0x00008bf3   0x00000070   Data   RO         1166    .rodata.str1.1      fsl_lpflexcomm.o
    0x00008c63   0x00008c63   0x000000b0   Data   RO         1396    .rodata.str1.1      fsl_adapter_lpuart.o
    0x00008d13   0x00008d13   0x00000383   Data   RO         1700    .rodata.str1.1      usbh_hub.o
    0x00009096   0x00009096   0x0000008f   Data   RO         1865    .rodata.str1.1      usb_hc_ehci.o
    0x00009125   0x00009125   0x00000274   Data   RO         1926    .rodata.str1.1      usbh_core.o
    0x00009399   0x00009399   0x00000003   PAD
    0x0000939c   0x0000939c   0x00000004   Data   RO          419    .rodata.uxTopUsedPriority  tasks.o
    0x000093a0   0x000093a0   0x00000020   Data   RO         2339    Region$$Table       anon$$obj.o
    0x000093c0   0x000093c0   0x0000000c   Data   RO         1702    usbh_class_info     usbh_hub.o


    Execution Region RW_m_data (Exec base: 0x20000000, Load base: 0x0000a000, Size: 0x0001106c, Max: 0x0004bf00, ABSOLUTE, COMPRESSED[0x00000078])

    Exec Addr    Load Addr    Size         Type   Attr      Idx    E Section Name        Object

    0x20000000   COMPRESSED   0x00000028   Data   RW         1703    .NonCacheable       usbh_hub.o
    0x20000028   COMPRESSED   0x00000fd8   PAD
    0x20001000   COMPRESSED   0x00002120   Data   RW         1864    .NonCacheable       usb_hc_ehci.o
    0x20003120   COMPRESSED   0x00000240   Data   RW         1925    .NonCacheable       usbh_core.o
    0x20003360   COMPRESSED   0x00000004   Data   RW         1185    .data.SystemCoreClock  system_mcxn947_cm33_core0.o
    0x20003364   COMPRESSED   0x00000004   Data   RW          847    .data.s_Ext_Clk_Freq  fsl_clock.o
    0x20003368   COMPRESSED   0x00000004   Data   RW          848    .data.s_Xtal32_Freq  fsl_clock.o
    0x2000336c   COMPRESSED   0x00000004   Data   RW          565    .data.ulCriticalNesting  port.o
    0x20003370        -       0x00000004   Zero   RW         1924    .bss.g_bus_head     usbh_core.o
    0x20003374        -       0x00000004   Zero   RW         1704    .bss.g_devinuse     usbh_hub.o
    0x20003378        -       0x00000014   Zero   RW         1863    .bss.g_ehci_hcd     usb_hc_ehci.o
    0x2000338c        -       0x00002b44   Zero   RW         1705    .bss.g_hub_class    usbh_hub.o
    0x20005ed0        -       0x00000004   Zero   RW         1260    .bss.g_serialHandle  fsl_debug_console.o
    0x20005ed4        -       0x00002b70   Zero   RW         1927    .bss.g_usbhost_bus  usbh_core.o
    0x20008a44        -       0x00000004   Zero   RW          496    .bss.prvSampleTimeNow.xLastTime  timers.o
    0x20008a48        -       0x00000004   Zero   RW          402    .bss.pxCurrentTCB   tasks.o
    0x20008a4c        -       0x00000004   Zero   RW          494    .bss.pxCurrentTimerList  timers.o
    0x20008a50        -       0x00000004   Zero   RW          412    .bss.pxDelayedTaskList  tasks.o
    0x20008a54        -       0x00000004   Zero   RW          525    .bss.pxEnd          heap_4.o
    0x20008a58        -       0x00000004   Zero   RW          413    .bss.pxOverflowDelayedTaskList  tasks.o
    0x20008a5c        -       0x00000004   Zero   RW          495    .bss.pxOverflowTimerList  timers.o
    0x20008a60        -       0x00000168   Zero   RW          403    .bss.pxReadyTasksLists  tasks.o
    0x20008bc8        -       0x00000028   Zero   RW         1398    .bss.s_UartState    fsl_adapter_lpuart.o
    0x20008bf0        -       0x00000004   Zero   RW         1261    .bss.s_debugConsoleReadSemaphore  fsl_debug_console.o
    0x20008bf4        -       0x00000208   Zero   RW         1259    .bss.s_debugConsoleState  fsl_debug_console.o
    0x20008dfc        -       0x000000a0   Zero   RW         1170    .bss.s_lpflexcommHandle  fsl_lpflexcomm.o
    0x20008e9c        -       0x000000a0   Zero   RW         1169    .bss.s_lpflexcommIrqHandler  fsl_lpflexcomm.o
    0x20008f3c        -       0x00000004   Zero   RW         1514    .bss.s_pfserialLowpowerCriticalCallbacks  fsl_component_serial_manager.o
    0x20008f40        -       0x00008000   Zero   RW          528    .bss.ucHeap         heap_4.o
    0x20010f40        -       0x00000001   Zero   RW          566    .bss.ucMaxSysCallPriority  port.o
    0x20010f41   COMPRESSED   0x00000003   PAD
    0x20010f44        -       0x00000004   Zero   RW          567    .bss.ulMaxPRIGROUPValue  port.o
    0x20010f48        -       0x00000004   Zero   RW         1922    .bss.usbh_class_info_table_begin  usbh_core.o
    0x20010f4c        -       0x00000004   Zero   RW         1923    .bss.usbh_class_info_table_end  usbh_core.o
    0x20010f50        -       0x00000004   Zero   RW          408    .bss.uxCurrentNumberOfTasks  tasks.o
    0x20010f54        -       0x00000004   Zero   RW          407    .bss.uxDeletedTasksWaitingCleanUp  tasks.o
    0x20010f58        -       0x00000004   Zero   RW          410    .bss.uxSchedulerSuspended  tasks.o
    0x20010f5c        -       0x00000004   Zero   RW          405    .bss.uxTaskNumber   tasks.o
    0x20010f60        -       0x00000004   Zero   RW          404    .bss.uxTopReadyPriority  tasks.o
    0x20010f64        -       0x00000014   Zero   RW          497    .bss.xActiveTimerList1  timers.o
    0x20010f78        -       0x00000014   Zero   RW          498    .bss.xActiveTimerList2  timers.o
    0x20010f8c        -       0x00000014   Zero   RW          424    .bss.xDelayedTaskList1  tasks.o
    0x20010fa0        -       0x00000014   Zero   RW          425    .bss.xDelayedTaskList2  tasks.o
    0x20010fb4        -       0x00000004   Zero   RW          526    .bss.xFreeBytesRemaining  heap_4.o
    0x20010fb8        -       0x00000004   Zero   RW          418    .bss.xIdleTaskHandles  tasks.o
    0x20010fbc        -       0x00000004   Zero   RW          529    .bss.xMinimumEverFreeBytesRemaining  heap_4.o
    0x20010fc0        -       0x00000004   Zero   RW          417    .bss.xNextTaskUnblockTime  tasks.o
    0x20010fc4        -       0x00000004   Zero   RW          421    .bss.xNumOfOverflows  tasks.o
    0x20010fc8        -       0x00000004   Zero   RW          530    .bss.xNumberOfSuccessfulAllocations  heap_4.o
    0x20010fcc        -       0x00000004   Zero   RW          531    .bss.xNumberOfSuccessfulFrees  heap_4.o
    0x20010fd0        -       0x00000004   Zero   RW          420    .bss.xPendedTicks   tasks.o
    0x20010fd4        -       0x00000014   Zero   RW          414    .bss.xPendingReadyList  tasks.o
    0x20010fe8        -       0x00000040   Zero   RW          199    .bss.xQueueRegistry  queue.o
    0x20011028        -       0x00000004   Zero   RW          409    .bss.xSchedulerRunning  tasks.o
    0x2001102c        -       0x00000008   Zero   RW          527    .bss.xStart         heap_4.o
    0x20011034        -       0x00000014   Zero   RW          415    .bss.xSuspendedTaskList  tasks.o
    0x20011048        -       0x00000014   Zero   RW          406    .bss.xTasksWaitingTermination  tasks.o
    0x2001105c        -       0x00000004   Zero   RW          411    .bss.xTickCount     tasks.o
    0x20011060        -       0x00000004   Zero   RW          492    .bss.xTimerQueue    timers.o
    0x20011064        -       0x00000004   Zero   RW          493    .bss.xTimerTaskHandle  timers.o
    0x20011068        -       0x00000004   Zero   RW          416    .bss.xYieldPendings  tasks.o


    Execution Region ARM_LIB_HEAP (Exec base: 0x2001106c, Load base: 0x0000a078, Size: 0x00000100, Max: 0x00000100, ABSOLUTE)

    Exec Addr    Load Addr    Size         Type   Attr      Idx    E Section Name        Object

    0x2001106c        -       0x00000100   Zero   RW            1    ARM_LIB_HEAP.bss    anon$$obj.o


    Execution Region ARM_LIB_STACK (Exec base: 0x2004c000, Load base: 0x0000a078, Size: 0x00002000, Max: 0x00002000, ABSOLUTE)

    Exec Addr    Load Addr    Size         Type   Attr      Idx    E Section Name        Object

    0x2004c000        -       0x00002000   Zero   RW            2    ARM_LIB_STACK.bss   anon$$obj.o


    Execution Region RW_m_usb_bdt (Exec base: 0x400ba000, Load base: 0x0000a078, Size: 0x00000000, Max: 0x00000200, ABSOLUTE, UNINIT)

    **** No section assigned to this execution region ****


    Execution Region RW_m_usb_ram (Exec base: 0x400ba200, Load base: 0x0000a078, Size: 0x00000000, Max: 0x00000e00, ABSOLUTE, UNINIT)

    **** No section assigned to this execution region ****



  Load Region LR_CORE1_IMAGE (Base: 0x000c0000, Size: 0x00000000, Max: 0xffffffff, ABSOLUTE)

    Execution Region CORE1_REGION (Exec base: 0x000c0000, Load base: 0x000c0000, Size: 0x00000000, Max: 0x00040000, ABSOLUTE)

    **** No section assigned to this execution region ****


==============================================================================

Image component sizes


      Code (inc. data)   RO Data    RW Data    ZI Data      Debug   Object Name

        92          0          0          0          0      16402   board.o
       208          0         28          0          0      26794   clock_config.o
      1382         40        236          0         40      21006   fsl_adapter_lpuart.o
        80         44          0          0          0        954   fsl_assert.o
      1368         30          0          8          0      61670   fsl_clock.o
       152          0          0          0          0       5139   fsl_component_generic_list.o
      1312          0          0          0          4      17787   fsl_component_serial_manager.o
       322          0          0          0          0       8429   fsl_component_serial_port_uart.o
      1072          0          0          0        528      12975   fsl_debug_console.o
       624         44        212          0        320      22662   fsl_lpflexcomm.o
      1284         28        292          0          0      30094   fsl_lpuart.o
        66          0         70          0          0      10908   fsl_reset.o
       476          0         85          0          0      22808   fsl_spc.o
       884          0          0          0          0      12732   fsl_str.o
       746          0          0          0      32796       5116   heap_4.o
       126          0          0          0          0       2315   list.o
        50          0          0          0          0        401   main.o
       164         64          0          0          0      12059   pin_mux.o
       700          0          0          4          5       3713   port.o
       244         16          0          0          0       1457   portasm.o
      2210          0          0          0         64      19203   queue.o
      1344        664        688          0          0       6767   startup_mcxn947_cm33_core0.o
       202          0          0          4          0      10248   system_mcxn947_cm33_core0.o
      3232          8          4          0        520      33486   tasks.o
      1204         26          0          0         60      12286   timers.o
       502          0          3          0          0      25969   usb_glue_mcx.o
      4972        168        143       8480         20      21754   usb_hc_ehci.o
       592          8          0          0          0       6946   usb_osal_freertos.o
       202          0          4          0          0       5555   usb_phy.o
      2846        380        628        576      11132      17182   usbh_core.o
      3822        412        923         40      11080      15890   usbh_hub.o

    ----------------------------------------------------------------------
     32884       1956       3352      13168      65020     470707   Object Totals
         0          0         32          0       8448          0   (incl. Generated)
       404         24          4       4056          3          0   (incl. Padding)

    ----------------------------------------------------------------------

      Code (inc. data)   RO Data    RW Data    ZI Data      Debug   Library Member Name

        58          0          0          0          0          0   __dczerorl.o
         0          0          0          0          0          0   entry.o
         0          0          0          0          0          0   entry10a.o
         0          0          0          0          0          0   entry11a.o
         8          4          0          0          0          0   entry4.o
         4          0          0          0          0          0   entry5.o
         0          0          0          0          0          0   entry7b.o
         0          0          0          0          0          0   entry8b.o
         8          4          0          0          0          0   entry9a.o
        30          0          0          0          0          0   handlers.o
        36          8          0          0          0         68   init.o
         0          0          0          0          0          0   iusefp.o
        30          0          0          0          0         68   llshl.o
        40          0          0          0          0         76   memcpy.o
        36          0          0          0          0        108   memseta.o
       908          8          0          0          0        424   printf6.o
        14          0          0          0          0         68   strlen.o
        44          0          0          0          0         80   uidiv.o
        44          0          0          0          0         68   ffixul.o

    ----------------------------------------------------------------------
      1264         24          0          0          0        960   Library Totals
         4          0          0          0          0          0   (incl. Padding)

    ----------------------------------------------------------------------

      Code (inc. data)   RO Data    RW Data    ZI Data      Debug   Library Name

      1216         24          0          0          0        892   mc_w.l
        44          0          0          0          0         68   mf_w.l

    ----------------------------------------------------------------------
      1264         24          0          0          0        960   Library Totals

    ----------------------------------------------------------------------

==============================================================================


      Code (inc. data)   RO Data    RW Data    ZI Data      Debug   

     34148       1980       3352      13168      65020     471071   Grand Totals
     34148       1980       3352        120      65020     471071   ELF Image Totals (compressed)
     34148       1980       3352        120          0          0   ROM Totals

==============================================================================

    Total RO  Size (Code + RO Data)                37500 (  36.62kB)
    Total RW  Size (RW Data + ZI Data)             78188 (  76.36kB)
    Total ROM Size (Code + RO Data + RW Data)      37620 (  36.74kB)

==============================================================================

