Component: ARM Compiler 6.14.1 Tool: armlink [5db06d00]

==============================================================================

Section Cross References

    pin_mux.o(.text.BOARD_InitBootPins) refers to pin_mux.o(.text.BOARD_InitPins) for BOARD_InitPins
    pin_mux.o(.ARM.exidx.text.BOARD_InitBootPins) refers to pin_mux.o(.text.BOARD_InitBootPins) for [Anonymous Symbol]
    pin_mux.o(.text.BOARD_InitPins) refers to pin_mux.o(.text.CLOCK_EnableClock) for CLOCK_EnableClock
    pin_mux.o(.text.BOARD_InitPins) refers to pin_mux.o(.text.PORT_SetPinConfig) for PORT_SetPinConfig
    pin_mux.o(.ARM.exidx.text.BOARD_InitPins) refers to pin_mux.o(.text.BOARD_InitPins) for [Anonymous Symbol]
    pin_mux.o(.ARM.exidx.text.CLOCK_EnableClock) refers to pin_mux.o(.text.CLOCK_EnableClock) for [Anonymous Symbol]
    pin_mux.o(.text.PORT_SetPinConfig) refers to fsl_assert.o(.text.__aeabi_assert) for __aeabi_assert
    pin_mux.o(.ARM.exidx.text.PORT_SetPinConfig) refers to pin_mux.o(.text.PORT_SetPinConfig) for [Anonymous Symbol]
    board.o(.text.BOARD_InitDebugConsole) refers to fsl_clock.o(.text.CLOCK_AttachClk) for CLOCK_AttachClk
    board.o(.text.BOARD_InitDebugConsole) refers to fsl_reset.o(.text.RESET_ClearPeripheralReset) for RESET_ClearPeripheralReset
    board.o(.text.BOARD_InitDebugConsole) refers to fsl_debug_console.o(.text.DbgConsole_Init) for DbgConsole_Init
    board.o(.ARM.exidx.text.BOARD_InitDebugConsole) refers to board.o(.text.BOARD_InitDebugConsole) for [Anonymous Symbol]
    board.o(.text.BOARD_InitDebugConsole_Core1) refers to fsl_reset.o(.text.RESET_ClearPeripheralReset) for RESET_ClearPeripheralReset
    board.o(.text.BOARD_InitDebugConsole_Core1) refers to fsl_debug_console.o(.text.DbgConsole_Init) for DbgConsole_Init
    board.o(.ARM.exidx.text.BOARD_InitDebugConsole_Core1) refers to board.o(.text.BOARD_InitDebugConsole_Core1) for [Anonymous Symbol]
    board.o(.text.BOARD_PowerMode_OD) refers to fsl_spc.o(.text.SPC_SetActiveModeDCDCRegulatorConfig) for SPC_SetActiveModeDCDCRegulatorConfig
    board.o(.text.BOARD_PowerMode_OD) refers to fsl_spc.o(.text.SPC_SetSRAMOperateVoltage) for SPC_SetSRAMOperateVoltage
    board.o(.ARM.exidx.text.BOARD_PowerMode_OD) refers to board.o(.text.BOARD_PowerMode_OD) for [Anonymous Symbol]
    clock_config.o(.text.BOARD_InitBootClocks) refers to clock_config.o(.text.BOARD_BootClockPLL150M) for BOARD_BootClockPLL150M
    clock_config.o(.ARM.exidx.text.BOARD_InitBootClocks) refers to clock_config.o(.text.BOARD_InitBootClocks) for [Anonymous Symbol]
    clock_config.o(.text.BOARD_BootClockPLL150M) refers to clock_config.o(.text.CLOCK_EnableClock) for CLOCK_EnableClock
    clock_config.o(.text.BOARD_BootClockPLL150M) refers to fsl_clock.o(.text.CLOCK_AttachClk) for CLOCK_AttachClk
    clock_config.o(.text.BOARD_BootClockPLL150M) refers to fsl_spc.o(.text.SPC_SetActiveModeDCDCRegulatorConfig) for SPC_SetActiveModeDCDCRegulatorConfig
    clock_config.o(.text.BOARD_BootClockPLL150M) refers to fsl_spc.o(.text.SPC_SetActiveModeCoreLDORegulatorConfig) for SPC_SetActiveModeCoreLDORegulatorConfig
    clock_config.o(.text.BOARD_BootClockPLL150M) refers to fsl_spc.o(.text.SPC_SetSRAMOperateVoltage) for SPC_SetSRAMOperateVoltage
    clock_config.o(.text.BOARD_BootClockPLL150M) refers to fsl_clock.o(.text.CLOCK_SetupFROHFClocking) for CLOCK_SetupFROHFClocking
    clock_config.o(.text.BOARD_BootClockPLL150M) refers to clock_config.o(.rodata..L__const.BOARD_BootClockPLL150M.pll0Setup) for .L__const.BOARD_BootClockPLL150M.pll0Setup
    clock_config.o(.text.BOARD_BootClockPLL150M) refers to fsl_clock.o(.text.CLOCK_SetPLL0Freq) for CLOCK_SetPLL0Freq
    clock_config.o(.text.BOARD_BootClockPLL150M) refers to fsl_clock.o(.text.CLOCK_SetPll0MonitorMode) for CLOCK_SetPll0MonitorMode
    clock_config.o(.text.BOARD_BootClockPLL150M) refers to fsl_clock.o(.text.CLOCK_SetClkDiv) for CLOCK_SetClkDiv
    clock_config.o(.text.BOARD_BootClockPLL150M) refers to system_mcxn947_cm33_core0.o(.data.SystemCoreClock) for SystemCoreClock
    clock_config.o(.ARM.exidx.text.BOARD_BootClockPLL150M) refers to clock_config.o(.text.BOARD_BootClockPLL150M) for [Anonymous Symbol]
    clock_config.o(.text.BOARD_BootClockFRO12M) refers to clock_config.o(.text.CLOCK_EnableClock) for CLOCK_EnableClock
    clock_config.o(.text.BOARD_BootClockFRO12M) refers to fsl_clock.o(.text.CLOCK_AttachClk) for CLOCK_AttachClk
    clock_config.o(.text.BOARD_BootClockFRO12M) refers to fsl_spc.o(.text.SPC_SetActiveModeCoreLDORegulatorConfig) for SPC_SetActiveModeCoreLDORegulatorConfig
    clock_config.o(.text.BOARD_BootClockFRO12M) refers to fsl_spc.o(.text.SPC_SetActiveModeDCDCRegulatorConfig) for SPC_SetActiveModeDCDCRegulatorConfig
    clock_config.o(.text.BOARD_BootClockFRO12M) refers to fsl_spc.o(.text.SPC_SetSRAMOperateVoltage) for SPC_SetSRAMOperateVoltage
    clock_config.o(.text.BOARD_BootClockFRO12M) refers to fsl_clock.o(.text.CLOCK_SetClkDiv) for CLOCK_SetClkDiv
[...]
    [Anonymous Symbol]                       0x20001ae4   Section        0  msc_ram_template.o(.bss.intf0)
    mass_ep_data                             0x20002f00   Data          16  usbd_msc.o(.bss.mass_ep_data)
    [Anonymous Symbol]                       0x20002f00   Section        0  usbd_msc.o(.bss.mass_ep_data)
    s_debugConsoleReadWaitSemaphore          0x20002f10   Data           1  fsl_debug_console.o(.bss.s_debugConsoleReadWaitSemaphore)
    [Anonymous Symbol]                       0x20002f10   Section        0  fsl_debug_console.o(.bss.s_debugConsoleReadWaitSemaphore)
    s_debugConsoleState                      0x20002f14   Data          32  fsl_debug_console.o(.bss.s_debugConsoleState)
    [Anonymous Symbol]                       0x20002f14   Section        0  fsl_debug_console.o(.bss.s_debugConsoleState)
    s_lpflexcommHandle                       0x20002f34   Data         160  fsl_lpflexcomm.o(.bss.s_lpflexcommHandle)
    [Anonymous Symbol]                       0x20002f34   Section        0  fsl_lpflexcomm.o(.bss.s_lpflexcommHandle)
    s_lpflexcommIrqHandler                   0x20002fd4   Data         160  fsl_lpflexcomm.o(.bss.s_lpflexcommIrqHandler)
    [Anonymous Symbol]                       0x20002fd4   Section        0  fsl_lpflexcomm.o(.bss.s_lpflexcommIrqHandler)
    VTOR                                     0xe000ed08   Number         0  startup_mcxn947_cm33_core0.o ABSOLUTE

    Global Symbols

    Symbol Name                              Value     Ov Type        Size  Object(Section)

    BuildAttributes$$THM_ISAv4$E$P$D$K$B$S$7EM$8M$VFPi5$EXTD16$VFPS$VFMA$PE$A:L22UL41UL21$X:L11$S22US41US21$IEEE1$IW$USESV6$~STKCKD$USESV7$~SHL$OTIME$ROPI$EBA8$MICROLIB$REQ8$PRES8$EABIv2 0x00000000   Number         0  anon$$obj.o ABSOLUTE
    __Vectors                                0x00000000   Number       688  startup_mcxn947_cm33_core0.o(.isr_vector)
    __cpp_initialize__aeabi_                  - Undefined Weak Reference
    __cxa_finalize                            - Undefined Weak Reference
    _clock_init                               - Undefined Weak Reference
    _microlib_exit                            - Undefined Weak Reference
    __main                                   0x00000401   Thumb Code     0  entry.o(.ARM.Collect$$$$00000000)
    _main_stk                                0x00000401   Thumb Code     0  entry4.o(.ARM.Collect$$$$00000003)
    _main_scatterload                        0x00000405   Thumb Code     0  entry5.o(.ARM.Collect$$$$00000004)
    __main_after_scatterload                 0x00000409   Thumb Code     0  entry5.o(.ARM.Collect$$$$00000004)
    _main_clock                              0x00000409   Thumb Code     0  entry7b.o(.ARM.Collect$$$$00000008)
    _main_cpp_init                           0x00000409   Thumb Code     0  entry8b.o(.ARM.Collect$$$$0000000A)
    _main_init                               0x00000409   Thumb Code     0  entry9a.o(.ARM.Collect$$$$0000000B)
    __rt_final_cpp                           0x00000411   Thumb Code     0  entry10a.o(.ARM.Collect$$$$0000000D)
    __rt_final_exit                          0x00000411   Thumb Code     0  entry11a.o(.ARM.Collect$$$$0000000F)
    Reset_Handler                            0x00000415   Thumb Code    52  startup_mcxn947_cm33_core0.o(.text)
    ADC0_DriverIRQHandler                    0x00000449   Thumb Code     4  startup_mcxn947_cm33_core0.o(.text)
    ADC1_DriverIRQHandler                    0x00000449   Thumb Code     4  startup_mcxn947_cm33_core0.o(.text)
    BSP32_DriverIRQHandler                   0x00000449   Thumb Code     4  startup_mcxn947_cm33_core0.o(.text)
    BusFault_Handler                         0x00000449   Thumb Code     4  startup_mcxn947_cm33_core0.o(.text)
    CAN0_DriverIRQHandler                    0x00000449   Thumb Code     4  startup_mcxn947_cm33_core0.o(.text)
    CAN1_DriverIRQHandler                    0x00000449   Thumb Code     4  startup_mcxn947_cm33_core0.o(.text)
    CDOG0_DriverIRQHandler                   0x00000449   Thumb Code     4  startup_mcxn947_cm33_core0.o(.text)
    CDOG1_DriverIRQHandler                   0x00000449   Thumb Code     4  startup_mcxn947_cm33_core0.o(.text)
    CMC0_DriverIRQHandler                    0x00000449   Thumb Code     4  startup_mcxn947_cm33_core0.o(.text)
    CTI0_DriverIRQHandler                    0x00000449   Thumb Code     4  startup_mcxn947_cm33_core0.o(.text)
    CTIMER0_DriverIRQHandler                 0x00000449   Thumb Code     4  startup_mcxn947_cm33_core0.o(.text)
    CTIMER1_DriverIRQHandler                 0x00000449   Thumb Code     4  startup_mcxn947_cm33_core0.o(.text)
    CTIMER2_DriverIRQHandler                 0x00000449   Thumb Code     4  startup_mcxn947_cm33_core0.o(.text)
    CTIMER3_DriverIRQHandler                 0x00000449   Thumb Code     4  startup_mcxn947_cm33_core0.o(.text)
    CTIMER4_DriverIRQHandler                 0x00000449   Thumb Code     4  startup_mcxn947_cm33_core0.o(.text)
    DAC0_DriverIRQHandler                    0x00000449   Thumb Code     4  startup_mcxn947_cm33_core0.o(.text)
    DAC1_DriverIRQHandler                    0x00000449   Thumb Code     4  startup_mcxn947_cm33_core0.o(.text)
    DAC2_DriverIRQHandler                    0x00000449   Thumb Code     4  startup_mcxn947_cm33_core0.o(.text)
    DebugMon_Handler                         0x00000449   Thumb Code     4  startup_mcxn947_cm33_core0.o(.text)
    DefaultISR                               0x00000449   Thumb Code     4  startup_mcxn947_cm33_core0.o(.text)
    EDMA_0_CH0_DriverIRQHandler              0x00000449   Thumb Code     4  startup_mcxn947_cm33_core0.o(.text)
    EDMA_0_CH10_DriverIRQHandler             0x00000449   Thumb Code     4  startup_mcxn947_cm33_core0.o(.text)
    EDMA_0_CH11_DriverIRQHandler             0x00000449   Thumb Code     4  startup_mcxn947_cm33_core0.o(.text)
    EDMA_0_CH12_DriverIRQHandler             0x00000449   Thumb Code     4  startup_mcxn947_cm33_core0.o(.text)
    EDMA_0_CH13_DriverIRQHandler             0x00000449   Thumb Code     4  startup_mcxn947_cm33_core0.o(.text)
    EDMA_0_CH14_DriverIRQHandler             0x00000449   Thumb Code     4  startup_mcxn947_cm33_core0.o(.text)
    EDMA_0_CH15_DriverIRQHandler             0x00000449   Thumb Code     4  startup_mcxn947_cm33_core0.o(.text)
    EDMA_0_CH1_DriverIRQHandler              0x00000449   Thumb Code     4  startup_mcxn947_cm33_core0.o(.text)
    EDMA_0_CH2_DriverIRQHandler              0x00000449   Thumb Code     4  startup_mcxn947_cm33_core0.o(.text)
    EDMA_0_CH3_DriverIRQHandler              0x00000449   Thumb Code     4  startup_mcxn947_cm33_core0.o(.text)
    EDMA_0_CH4_DriverIRQHandler              0x00000449   Thumb Code     4  startup_mcxn947_cm33_core0.o(.text)
    EDMA_0_CH5_DriverIRQHandler              0x00000449   Thumb Code     4  startup_mcxn947_cm33_core0.o(.text)
    EDMA_0_CH6_DriverIRQHandler              0x00000449   Thumb Code     4  startup_mcxn947_cm33_core0.o(.text)
    EDMA_0_CH7_DriverIRQHandler              0x00000449   Thumb Code     4  startup_mcxn947_cm33_core0.o(.text)
    EDMA_0_CH8_DriverIRQHandler              0x00000449   Thumb Code     4  startup_mcxn947_cm33_core0.o(.text)
    EDMA_0_CH9_DriverIRQHandler              0x00000449   Thumb Code     4  startup_mcxn947_cm33_core0.o(.text)
    EDMA_1_CH0_DriverIRQHandler              0x00000449   Thumb Code     4  startup_mcxn947_cm33_core0.o(.text)
    EDMA_1_CH10_DriverIRQHandler             0x00000449   Thumb Code     4  startup_mcxn947_cm33_core0.o(.text)
    EDMA_1_CH11_DriverIRQHandler             0x00000449   Thumb Code     4  startup_mcxn947_cm33_core0.o(.text)
    EDMA_1_CH12_DriverIRQHandler             0x00000449   Thumb Code     4  startup_mcxn947_cm33_core0.o(.text)
    EDMA_1_CH13_DriverIRQHandler             0x00000449   Thumb Code     4  startup_mcxn947_cm33_core0.o(.text)
    EDMA_1_CH14_DriverIRQHandler             0x00000449   Thumb Code     4  startup_mcxn947_cm33_core0.o(.text)
    EDMA_1_CH15_DriverIRQHandler             0x00000449   Thumb Code     4  startup_mcxn947_cm33_core0.o(.text)
    EDMA_1_CH1_DriverIRQHandler              0x00000449   Thumb Code     4  startup_mcxn947_cm33_core0.o(.text)
    EDMA_1_CH2_DriverIRQHandler              0x00000449   Thumb Code     4  startup_mcxn947_cm33_core0.o(.text)
    EDMA_1_CH3_DriverIRQHandler              0x00000449   Thumb Code     4  startup_mcxn947_cm33_core0.o(.text)
    EDMA_1_CH4_DriverIRQHandler              0x00000449   Thumb Code     4  startup_mcxn947_cm33_core0.o(.text)
    EDMA_1_CH5_DriverIRQHandler              0x00000449   Thumb Code     4  startup_mcxn947_cm33_core0.o(.text)
    EDMA_1_CH6_DriverIRQHandler              0x00000449   Thumb Code     4  startup_mcxn947_cm33_core0.o(.text)
    EDMA_1_CH7_DriverIRQHandler              0x00000449   Thumb Code     4  startup_mcxn947_cm33_core0.o(.text)
    EDMA_1_CH8_DriverIRQHandler              0x00000449   Thumb Code     4  startup_mcxn947_cm33_core0.o(.text)
    EDMA_1_CH9_DriverIRQHandler              0x00000449   Thumb Code     4  startup_mcxn947_cm33_core0.o(.text)
    ELS_DriverIRQHandler                     0x00000449   Thumb Code     4  startup_mcxn947_cm33_core0.o(.text)
    ELS_ERR_DriverIRQHandler                 0x00000449   Thumb Code     4  startup_mcxn947_cm33_core0.o(.text)
    EMVSIM0_DriverIRQHandler                 0x00000449   Thumb Code     4  startup_mcxn947_cm33_core0.o(.text)
    EMVSIM1_DriverIRQHandler                 0x00000449   Thumb Code     4  startup_mcxn947_cm33_core0.o(.text)
    ERM_MULTI_BIT_ERROR_DriverIRQHandler     0x00000449   Thumb Code     4  startup_mcxn947_cm33_core0.o(.text)
    ERM_SINGLE_BIT_ERROR_DriverIRQHandler    0x00000449   Thumb Code     4  startup_mcxn947_cm33_core0.o(.text)
    ETB0_DriverIRQHandler                    0x00000449   Thumb Code     4  startup_mcxn947_cm33_core0.o(.text)
    ETHERNET_DriverIRQHandler                0x00000449   Thumb Code     4  startup_mcxn947_cm33_core0.o(.text)
    ETHERNET_MACLP_DriverIRQHandler          0x00000449   Thumb Code     4  startup_mcxn947_cm33_core0.o(.text)
    ETHERNET_PMT_DriverIRQHandler            0x00000449   Thumb Code     4  startup_mcxn947_cm33_core0.o(.text)
    EWM0_DriverIRQHandler                    0x00000449   Thumb Code     4  startup_mcxn947_cm33_core0.o(.text)
    FLEXIO_DriverIRQHandler                  0x00000449   Thumb Code     4  startup_mcxn947_cm33_core0.o(.text)
    FLEXPWM0_FAULT_DriverIRQHandler          0x00000449   Thumb Code     4  startup_mcxn947_cm33_core0.o(.text)
    FLEXPWM0_RELOAD_ERROR_DriverIRQHandler   0x00000449   Thumb Code     4  startup_mcxn947_cm33_core0.o(.text)
    FLEXPWM0_SUBMODULE0_DriverIRQHandler     0x00000449   Thumb Code     4  startup_mcxn947_cm33_core0.o(.text)
    FLEXPWM0_SUBMODULE1_DriverIRQHandler     0x00000449   Thumb Code     4  startup_mcxn947_cm33_core0.o(.text)
    FLEXPWM0_SUBMODULE2_DriverIRQHandler     0x00000449   Thumb Code     4  startup_mcxn947_cm33_core0.o(.text)
    FLEXPWM0_SUBMODULE3_DriverIRQHandler     0x00000449   Thumb Code     4  startup_mcxn947_cm33_core0.o(.text)
    FLEXPWM1_FAULT_DriverIRQHandler          0x00000449   Thumb Code     4  startup_mcxn947_cm33_core0.o(.text)
    FLEXPWM1_RELOAD_ERROR_DriverIRQHandler   0x00000449   Thumb Code     4  startup_mcxn947_cm33_core0.o(.text)
    FLEXPWM1_SUBMODULE0_DriverIRQHandler     0x00000449   Thumb Code     4  startup_mcxn947_cm33_core0.o(.text)
    FLEXPWM1_SUBMODULE1_DriverIRQHandler     0x00000449   Thumb Code     4  startup_mcxn947_cm33_core0.o(.text)
    FLEXPWM1_SUBMODULE2_DriverIRQHandler     0x00000449   Thumb Code     4  startup_mcxn947_cm33_core0.o(.text)
    FLEXPWM1_SUBMODULE3_DriverIRQHandler     0x00000449   Thumb Code     4  startup_mcxn947_cm33_core0.o(.text)
    FLEXSPI0_DriverIRQHandler                0x00000449   Thumb Code     4  startup_mcxn947_cm33_core0.o(.text)
    FMU0_DriverIRQHandler                    0x00000449   Thumb Code     4  startup_mcxn947_cm33_core0.o(.text)
    Freqme_DriverIRQHandler                  0x00000449   Thumb Code     4  startup_mcxn947_cm33_core0.o(.text)
    GDET_DriverIRQHandler                    0x00000449   Thumb Code     4  startup_mcxn947_cm33_core0.o(.text)
    GPIO00_DriverIRQHandler                  0x00000449   Thumb Code     4  startup_mcxn947_cm33_core0.o(.text)
    GPIO01_DriverIRQHandler                  0x00000449   Thumb Code     4  startup_mcxn947_cm33_core0.o(.text)
    GPIO10_DriverIRQHandler                  0x00000449   Thumb Code     4  startup_mcxn947_cm33_core0.o(.text)
    GPIO11_DriverIRQHandler                  0x00000449   Thumb Code     4  startup_mcxn947_cm33_core0.o(.text)
    GPIO20_DriverIRQHandler                  0x00000449   Thumb Code     4  startup_mcxn947_cm33_core0.o(.text)
    GPIO21_DriverIRQHandler                  0x00000449   Thumb Code     4  startup_mcxn947_cm33_core0.o(.text)
    GPIO30_DriverIRQHandler                  0x00000449   Thumb Code     4  startup_mcxn947_cm33_core0.o(.text)
    GPIO31_DriverIRQHandler                  0x00000449   Thumb Code     4  startup_mcxn947_cm33_core0.o(.text)
    GPIO40_DriverIRQHandler                  0x00000449   Thumb Code     4  startup_mcxn947_cm33_core0.o(.text)
    GPIO41_DriverIRQHandler                  0x00000449   Thumb Code     4  startup_mcxn947_cm33_core0.o(.text)
    GPIO50_DriverIRQHandler                  0x00000449   Thumb Code     4  startup_mcxn947_cm33_core0.o(.text)
    GPIO51_DriverIRQHandler                  0x00000449   Thumb Code     4  startup_mcxn947_cm33_core0.o(.text)
    HSCMP0_DriverIRQHandler                  0x00000449   Thumb Code     4  startup_mcxn947_cm33_core0.o(.text)
    HSCMP1_DriverIRQHandler                  0x00000449   Thumb Code     4  startup_mcxn947_cm33_core0.o(.text)
    HSCMP2_DriverIRQHandler                  0x00000449   Thumb Code     4  startup_mcxn947_cm33_core0.o(.text)
    I3C0_DriverIRQHandler                    0x00000449   Thumb Code     4  startup_mcxn947_cm33_core0.o(.text)
    I3C1_DriverIRQHandler                    0x00000449   Thumb Code     4  startup_mcxn947_cm33_core0.o(.text)
    ITRC0_DriverIRQHandler                   0x00000449   Thumb Code     4  startup_mcxn947_cm33_core0.o(.text)
    LPTMR0_DriverIRQHandler                  0x00000449   Thumb Code     4  startup_mcxn947_cm33_core0.o(.text)
    LPTMR1_DriverIRQHandler                  0x00000449   Thumb Code     4  startup_mcxn947_cm33_core0.o(.text)
    MAILBOX_DriverIRQHandler                 0x00000449   Thumb Code     4  startup_mcxn947_cm33_core0.o(.text)
    MRT0_DriverIRQHandler                    0x00000449   Thumb Code     4  startup_mcxn947_cm33_core0.o(.text)
    MemManage_Handler                        0x00000449   Thumb Code     4  startup_mcxn947_cm33_core0.o(.text)
    NPU_DriverIRQHandler                     0x00000449   Thumb Code     4  startup_mcxn947_cm33_core0.o(.text)
    OR_DriverIRQHandler                      0x00000449   Thumb Code     4  startup_mcxn947_cm33_core0.o(.text)
    OS_EVENT_DriverIRQHandler                0x00000449   Thumb Code     4  startup_mcxn947_cm33_core0.o(.text)
    PDM_EVENT_DriverIRQHandler               0x00000449   Thumb Code     4  startup_mcxn947_cm33_core0.o(.text)
    PINT0_DriverIRQHandler                   0x00000449   Thumb Code     4  startup_mcxn947_cm33_core0.o(.text)
    PKC_DriverIRQHandler                     0x00000449   Thumb Code     4  startup_mcxn947_cm33_core0.o(.text)
    PKC_ERR_DriverIRQHandler                 0x00000449   Thumb Code     4  startup_mcxn947_cm33_core0.o(.text)
    PLU_DriverIRQHandler                     0x00000449   Thumb Code     4  startup_mcxn947_cm33_core0.o(.text)
    PORT_EFT_DriverIRQHandler                0x00000449   Thumb Code     4  startup_mcxn947_cm33_core0.o(.text)
    PQ_DriverIRQHandler                      0x00000449   Thumb Code     4  startup_mcxn947_cm33_core0.o(.text)
    PUF_DriverIRQHandler                     0x00000449   Thumb Code     4  startup_mcxn947_cm33_core0.o(.text)
    QDC0_COMPARE_DriverIRQHandler            0x00000449   Thumb Code     4  startup_mcxn947_cm33_core0.o(.text)
    QDC0_HOME_DriverIRQHandler               0x00000449   Thumb Code     4  startup_mcxn947_cm33_core0.o(.text)
    QDC0_IDX_DriverIRQHandler                0x00000449   Thumb Code     4  startup_mcxn947_cm33_core0.o(.text)
    QDC0_WDG_SAB_DriverIRQHandler            0x00000449   Thumb Code     4  startup_mcxn947_cm33_core0.o(.text)
    QDC1_COMPARE_DriverIRQHandler            0x00000449   Thumb Code     4  startup_mcxn947_cm33_core0.o(.text)
    QDC1_HOME_DriverIRQHandler               0x00000449   Thumb Code     4  startup_mcxn947_cm33_core0.o(.text)
    QDC1_IDX_DriverIRQHandler                0x00000449   Thumb Code     4  startup_mcxn947_cm33_core0.o(.text)
    QDC1_WDG_SAB_DriverIRQHandler            0x00000449   Thumb Code     4  startup_mcxn947_cm33_core0.o(.text)
    RTC_DriverIRQHandler                     0x00000449   Thumb Code     4  startup_mcxn947_cm33_core0.o(.text)
    Reserved166_DriverIRQHandler             0x00000449   Thumb Code     4  startup_mcxn947_cm33_core0.o(.text)
    Reserved167_DriverIRQHandler             0x00000449   Thumb Code     4  startup_mcxn947_cm33_core0.o(.text)
    Reserved65_DriverIRQHandler              0x00000449   Thumb Code     4  startup_mcxn947_cm33_core0.o(.text)
    Reserved80_DriverIRQHandler              0x00000449   Thumb Code     4  startup_mcxn947_cm33_core0.o(.text)
    Reserved81_DriverIRQHandler              0x00000449   Thumb Code     4  startup_mcxn947_cm33_core0.o(.text)
    Reserved85_DriverIRQHandler              0x00000449   Thumb Code     4  startup_mcxn947_cm33_core0.o(.text)
    SAI0_DriverIRQHandler                    0x00000449   Thumb Code     4  startup_mcxn947_cm33_core0.o(.text)
    SAI1_DriverIRQHandler                    0x00000449   Thumb Code     4  startup_mcxn947_cm33_core0.o(.text)
    SCG_DriverIRQHandler                     0x00000449   Thumb Code     4  startup_mcxn947_cm33_core0.o(.text)
    SCT0_DriverIRQHandler                    0x00000449   Thumb Code     4  startup_mcxn947_cm33_core0.o(.text)
    SEC_HYPERVISOR_CALL_DriverIRQHandler     0x00000449   Thumb Code     4  startup_mcxn947_cm33_core0.o(.text)
    SEC_VIO_DriverIRQHandler                 0x00000449   Thumb Code     4  startup_mcxn947_cm33_core0.o(.text)
    SINC_FILTER_DriverIRQHandler             0x00000449   Thumb Code     4  startup_mcxn947_cm33_core0.o(.text)
    SMARTDMA_DriverIRQHandler                0x00000449   Thumb Code     4  startup_mcxn947_cm33_core0.o(.text)
    SPC_DriverIRQHandler                     0x00000449   Thumb Code     4  startup_mcxn947_cm33_core0.o(.text)
    SecureFault_Handler                      0x00000449   Thumb Code     4  startup_mcxn947_cm33_core0.o(.text)
    TSI_END_OF_SCAN_DriverIRQHandler         0x00000449   Thumb Code     4  startup_mcxn947_cm33_core0.o(.text)
    TSI_OUT_OF_SCAN_DriverIRQHandler         0x00000449   Thumb Code     4  startup_mcxn947_cm33_core0.o(.text)
    USB0_DCD_DriverIRQHandler                0x00000449   Thumb Code     4  startup_mcxn947_cm33_core0.o(.text)
    USB0_FS_DriverIRQHandler                 0x00000449   Thumb Code     4  startup_mcxn947_cm33_core0.o(.text)
    USB1_HS_DriverIRQHandler                 0x00000449   Thumb Code     4  startup_mcxn947_cm33_core0.o(.text)
    USB1_HS_PHY_DriverIRQHandler             0x00000449   Thumb Code     4  startup_mcxn947_cm33_core0.o(.text)
    USDHC0_DriverIRQHandler                  0x00000449   Thumb Code     4  startup_mcxn947_cm33_core0.o(.text)
    UTICK0_DriverIRQHandler                  0x00000449   Thumb Code     4  startup_mcxn947_cm33_core0.o(.text)
    UsageFault_Handler                       0x00000449   Thumb Code     4  startup_mcxn947_cm33_core0.o(.text)
    VBAT0_DriverIRQHandler                   0x00000449   Thumb Code     4  startup_mcxn947_cm33_core0.o(.text)
    WUU_DriverIRQHandler                     0x00000449   Thumb Code     4  startup_mcxn947_cm33_core0.o(.text)
    WWDT0_DriverIRQHandler                   0x00000449   Thumb Code     4  startup_mcxn947_cm33_core0.o(.text)
    WWDT1_DriverIRQHandler                   0x00000449   Thumb Code     4  startup_mcxn947_cm33_core0.o(.text)
    NMI_Handler                              0x0000044d   Thumb Code     4  startup_mcxn947_cm33_core0.o(.text)
    HardFault_Handler                        0x00000451   Thumb Code     4  startup_mcxn947_cm33_core0.o(.text)
    SVC_Handler                              0x00000455   Thumb Code     4  startup_mcxn947_cm33_core0.o(.text)
    PendSV_Handler                           0x00000459   Thumb Code     4  startup_mcxn947_cm33_core0.o(.text)
    SysTick_Handler                          0x0000045d   Thumb Code     4  startup_mcxn947_cm33_core0.o(.text)
    OR_IRQHandler                            0x00000461   Thumb Code     4  startup_mcxn947_cm33_core0.o(.text)
    EDMA_0_CH0_IRQHandler                    0x00000465   Thumb Code     4  startup_mcxn947_cm33_core0.o(.text)
    EDMA_0_CH1_IRQHandler                    0x00000469   Thumb Code     4  startup_mcxn947_cm33_core0.o(.text)
    EDMA_0_CH2_IRQHandler                    0x0000046d   Thumb Code     4  startup_mcxn947_cm33_core0.o(.text)
    EDMA_0_CH3_IRQHandler                    0x00000471   Thumb Code     4  startup_mcxn947_cm33_core0.o(.text)
    EDMA_0_CH4_IRQHandler                    0x00000475   Thumb Code     4  startup_mcxn947_cm33_core0.o(.text)
    EDMA_0_CH5_IRQHandler                    0x00000479   Thumb Code     4  startup_mcxn947_cm33_core0.o(.text)
    EDMA_0_CH6_IRQHandler                    0x0000047d   Thumb Code     4  startup_mcxn947_cm33_core0.o(.text)
    EDMA_0_CH7_IRQHandler                    0x00000481   Thumb Code     4  startup_mcxn947_cm33_core0.o(.text)
    EDMA_0_CH8_IRQHandler                    0x00000485   Thumb Code     4  startup_mcxn947_cm33_core0.o(.text)
    EDMA_0_CH9_IRQHandler                    0x00000489   Thumb Code     4  startup_mcxn947_cm33_core0.o(.text)
    EDMA_0_CH10_IRQHandler                   0x0000048d   Thumb Code     4  startup_mcxn947_cm33_core0.o(.text)
    EDMA_0_CH11_IRQHandler                   0x00000491   Thumb Code     4  startup_mcxn947_cm33_core0.o(.text)
    EDMA_0_CH12_IRQHandler                   0x00000495   Thumb Code     4  startup_mcxn947_cm33_core0.o(.text)
    EDMA_0_CH13_IRQHandler                   0x00000499   Thumb Code     4  startup_mcxn947_cm33_core0.o(.text)
    EDMA_0_CH14_IRQHandler                   0x0000049d   Thumb Code     4  startup_mcxn947_cm33_core0.o(.text)
    EDMA_0_CH15_IRQHandler                   0x000004a1   Thumb Code     4  startup_mcxn947_cm33_core0.o(.text)
    GPIO00_IRQHandler                        0x000004a5   Thumb Code     4  startup_mcxn947_cm33_core0.o(.text)
    GPIO01_IRQHandler                        0x000004a9   Thumb Code     4  startup_mcxn947_cm33_core0.o(.text)
    GPIO10_IRQHandler                        0x000004ad   Thumb Code     4  startup_mcxn947_cm33_core0.o(.text)
    GPIO11_IRQHandler                        0x000004b1   Thumb Code     4  startup_mcxn947_cm33_core0.o(.text)
    GPIO20_IRQHandler                        0x000004b5   Thumb Code     4  startup_mcxn947_cm33_core0.o(.text)
    GPIO21_IRQHandler                        0x000004b9   Thumb Code     4  startup_mcxn947_cm33_core0.o(.text)
    GPIO30_IRQHandler                        0x000004bd   Thumb Code     4  startup_mcxn947_cm33_core0.o(.text)
    GPIO31_IRQHandler                        0x000004c1   Thumb Code     4  startup_mcxn947_cm33_core0.o(.text)
    GPIO40_IRQHandler                        0x000004c5   Thumb Code     4  startup_mcxn947_cm33_core0.o(.text)
    GPIO41_IRQHandler                        0x000004c9   Thumb Code     4  startup_mcxn947_cm33_core0.o(.text)
    GPIO50_IRQHandler                        0x000004cd   Thumb Code     4  startup_mcxn947_cm33_core0.o(.text)
    GPIO51_IRQHandler                        0x000004d1   Thumb Code     4  startup_mcxn947_cm33_core0.o(.text)
    UTICK0_IRQHandler                        0x000004d5   Thumb Code     4  startup_mcxn947_cm33_core0.o(.text)
    MRT0_IRQHandler                          0x000004d9   Thumb Code     4  startup_mcxn947_cm33_core0.o(.text)
    CTIMER0_IRQHandler                       0x000004dd   Thumb Code     4  startup_mcxn947_cm33_core0.o(.text)
    CTIMER1_IRQHandler                       0x000004e1   Thumb Code     4  startup_mcxn947_cm33_core0.o(.text)
    SCT0_IRQHandler                          0x000004e5   Thumb Code     4  startup_mcxn947_cm33_core0.o(.text)
    CTIMER2_IRQHandler                       0x000004e9   Thumb Code     4  startup_mcxn947_cm33_core0.o(.text)
    LP_FLEXCOMM0_IRQHandler                  0x000004ed   Thumb Code     4  startup_mcxn947_cm33_core0.o(.text)
    LP_FLEXCOMM1_IRQHandler                  0x000004f1   Thumb Code     4  startup_mcxn947_cm33_core0.o(.text)
    LP_FLEXCOMM2_IRQHandler                  0x000004f5   Thumb Code     4  startup_mcxn947_cm33_core0.o(.text)
    LP_FLEXCOMM3_IRQHandler                  0x000004f9   Thumb Code     4  startup_mcxn947_cm33_core0.o(.text)
    LP_FLEXCOMM4_IRQHandler                  0x000004fd   Thumb Code     4  startup_mcxn947_cm33_core0.o(.text)
    LP_FLEXCOMM5_IRQHandler                  0x00000501   Thumb Code     4  startup_mcxn947_cm33_core0.o(.text)
    LP_FLEXCOMM6_IRQHandler                  0x00000505   Thumb Code     4  startup_mcxn947_cm33_core0.o(.text)
    LP_FLEXCOMM7_IRQHandler                  0x00000509   Thumb Code     4  startup_mcxn947_cm33_core0.o(.text)
    LP_FLEXCOMM8_IRQHandler                  0x0000050d   Thumb Code     4  startup_mcxn947_cm33_core0.o(.text)
    LP_FLEXCOMM9_IRQHandler                  0x00000511   Thumb Code     4  startup_mcxn947_cm33_core0.o(.text)
    ADC0_IRQHandler                          0x00000515   Thumb Code     4  startup_mcxn947_cm33_core0.o(.text)
    ADC1_IRQHandler                          0x00000519   Thumb Code     4  startup_mcxn947_cm33_core0.o(.text)
    PINT0_IRQHandler                         0x0000051d   Thumb Code     4  startup_mcxn947_cm33_core0.o(.text)
    PDM_EVENT_IRQHandler                     0x00000521   Thumb Code     4  startup_mcxn947_cm33_core0.o(.text)
    Reserved65_IRQHandler                    0x00000525   Thumb Code     4  startup_mcxn947_cm33_core0.o(.text)
    USB0_FS_IRQHandler                       0x00000529   Thumb Code     4  startup_mcxn947_cm33_core0.o(.text)
    USB0_DCD_IRQHandler                      0x0000052d   Thumb Code     4  startup_mcxn947_cm33_core0.o(.text)
    RTC_IRQHandler                           0x00000531   Thumb Code     4  startup_mcxn947_cm33_core0.o(.text)
    SMARTDMA_IRQHandler                      0x00000535   Thumb Code     4  startup_mcxn947_cm33_core0.o(.text)
    MAILBOX_IRQHandler                       0x00000539   Thumb Code     4  startup_mcxn947_cm33_core0.o(.text)
    CTIMER3_IRQHandler                       0x0000053d   Thumb Code     4  startup_mcxn947_cm33_core0.o(.text)
    CTIMER4_IRQHandler                       0x00000541   Thumb Code     4  startup_mcxn947_cm33_core0.o(.text)
    OS_EVENT_IRQHandler                      0x00000545   Thumb Code     4  startup_mcxn947_cm33_core0.o(.text)
    FLEXSPI0_IRQHandler                      0x00000549   Thumb Code     4  startup_mcxn947_cm33_core0.o(.text)
    SAI0_IRQHandler                          0x0000054d   Thumb Code     4  startup_mcxn947_cm33_core0.o(.text)
    SAI1_IRQHandler                          0x00000551   Thumb Code     4  startup_mcxn947_cm33_core0.o(.text)
    USDHC0_IRQHandler                        0x00000555   Thumb Code     4  startup_mcxn947_cm33_core0.o(.text)
    CAN0_IRQHandler                          0x00000559   Thumb Code     4  startup_mcxn947_cm33_core0.o(.text)
    CAN1_IRQHandler                          0x0000055d   Thumb Code     4  startup_mcxn947_cm33_core0.o(.text)
    Reserved80_IRQHandler                    0x00000561   Thumb Code     4  startup_mcxn947_cm33_core0.o(.text)
    Reserved81_IRQHandler                    0x00000565   Thumb Code     4  startup_mcxn947_cm33_core0.o(.text)
    USB1_HS_PHY_IRQHandler                   0x00000569   Thumb Code     4  startup_mcxn947_cm33_core0.o(.text)
    SEC_HYPERVISOR_CALL_IRQHandler           0x00000571   Thumb Code     4  startup_mcxn947_cm33_core0.o(.text)
    Reserved85_IRQHandler                    0x00000575   Thumb Code     4  startup_mcxn947_cm33_core0.o(.text)
    PLU_IRQHandler                           0x00000579   Thumb Code     4  startup_mcxn947_cm33_core0.o(.text)
    Freqme_IRQHandler                        0x0000057d   Thumb Code     4  startup_mcxn947_cm33_core0.o(.text)
    SEC_VIO_IRQHandler                       0x00000581   Thumb Code     4  startup_mcxn947_cm33_core0.o(.text)
    ELS_IRQHandler                           0x00000585   Thumb Code     4  startup_mcxn947_cm33_core0.o(.text)
    PKC_IRQHandler                           0x00000589   Thumb Code     4  startup_mcxn947_cm33_core0.o(.text)
    PUF_IRQHandler                           0x0000058d   Thumb Code     4  startup_mcxn947_cm33_core0.o(.text)
    PQ_IRQHandler                            0x00000591   Thumb Code     4  startup_mcxn947_cm33_core0.o(.text)
    EDMA_1_CH0_IRQHandler                    0x00000595   Thumb Code     4  startup_mcxn947_cm33_core0.o(.text)
    EDMA_1_CH1_IRQHandler                    0x00000599   Thumb Code     4  startup_mcxn947_cm33_core0.o(.text)
    EDMA_1_CH2_IRQHandler                    0x0000059d   Thumb Code     4  startup_mcxn947_cm33_core0.o(.text)
    EDMA_1_CH3_IRQHandler                    0x000005a1   Thumb Code     4  startup_mcxn947_cm33_core0.o(.text)
    EDMA_1_CH4_IRQHandler                    0x000005a5   Thumb Code     4  startup_mcxn947_cm33_core0.o(.text)
    EDMA_1_CH5_IRQHandler                    0x000005a9   Thumb Code     4  startup_mcxn947_cm33_core0.o(.text)
    EDMA_1_CH6_IRQHandler                    0x000005ad   Thumb Code     4  startup_mcxn947_cm33_core0.o(.text)
    EDMA_1_CH7_IRQHandler                    0x000005b1   Thumb Code     4  startup_mcxn947_cm33_core0.o(.text)
    EDMA_1_CH8_IRQHandler                    0x000005b5   Thumb Code     4  startup_mcxn947_cm33_core0.o(.text)
    EDMA_1_CH9_IRQHandler                    0x000005b9   Thumb Code     4  startup_mcxn947_cm33_core0.o(.text)
    EDMA_1_CH10_IRQHandler                   0x000005bd   Thumb Code     4  startup_mcxn947_cm33_core0.o(.text)
    EDMA_1_CH11_IRQHandler                   0x000005c1   Thumb Code     4  startup_mcxn947_cm33_core0.o(.text)
    EDMA_1_CH12_IRQHandler                   0x000005c5   Thumb Code     4  startup_mcxn947_cm33_core0.o(.text)
    EDMA_1_CH13_IRQHandler                   0x000005c9   Thumb Code     4  startup_mcxn947_cm33_core0.o(.text)
    EDMA_1_CH14_IRQHandler                   0x000005cd   Thumb Code     4  startup_mcxn947_cm33_core0.o(.text)
    EDMA_1_CH15_IRQHandler                   0x000005d1   Thumb Code     4  startup_mcxn947_cm33_core0.o(.text)
    CDOG0_IRQHandler                         0x000005d5   Thumb Code     4  startup_mcxn947_cm33_core0.o(.text)
    CDOG1_IRQHandler                         0x000005d9   Thumb Code     4  startup_mcxn947_cm33_core0.o(.text)
    I3C0_IRQHandler                          0x000005dd   Thumb Code     4  startup_mcxn947_cm33_core0.o(.text)
    I3C1_IRQHandler                          0x000005e1   Thumb Code     4  startup_mcxn947_cm33_core0.o(.text)
    NPU_IRQHandler                           0x000005e5   Thumb Code     4  startup_mcxn947_cm33_core0.o(.text)
    GDET_IRQHandler                          0x000005e9   Thumb Code     4  startup_mcxn947_cm33_core0.o(.text)
    VBAT0_IRQHandler                         0x000005ed   Thumb Code     4  startup_mcxn947_cm33_core0.o(.text)
    EWM0_IRQHandler                          0x000005f1   Thumb Code     4  startup_mcxn947_cm33_core0.o(.text)
    TSI_END_OF_SCAN_IRQHandler               0x000005f5   Thumb Code     4  startup_mcxn947_cm33_core0.o(.text)
    TSI_OUT_OF_SCAN_IRQHandler               0x000005f9   Thumb Code     4  startup_mcxn947_cm33_core0.o(.text)
    EMVSIM0_IRQHandler                       0x000005fd   Thumb Code     4  startup_mcxn947_cm33_core0.o(.text)
    EMVSIM1_IRQHandler                       0x00000601   Thumb Code     4  startup_mcxn947_cm33_core0.o(.text)
    FLEXIO_IRQHandler                        0x00000605   Thumb Code     4  startup_mcxn947_cm33_core0.o(.text)
    DAC0_IRQHandler                          0x00000609   Thumb Code     4  startup_mcxn947_cm33_core0.o(.text)
    DAC1_IRQHandler                          0x0000060d   Thumb Code     4  startup_mcxn947_cm33_core0.o(.text)
    DAC2_IRQHandler                          0x00000611   Thumb Code     4  startup_mcxn947_cm33_core0.o(.text)
    HSCMP0_IRQHandler                        0x00000615   Thumb Code     4  startup_mcxn947_cm33_core0.o(.text)
    HSCMP1_IRQHandler                        0x00000619   Thumb Code     4  startup_mcxn947_cm33_core0.o(.text)
    HSCMP2_IRQHandler                        0x0000061d   Thumb Code     4  startup_mcxn947_cm33_core0.o(.text)
    FLEXPWM0_RELOAD_ERROR_IRQHandler         0x00000621   Thumb Code     4  startup_mcxn947_cm33_core0.o(.text)
    FLEXPWM0_FAULT_IRQHandler                0x00000625   Thumb Code     4  startup_mcxn947_cm33_core0.o(.text)
    FLEXPWM0_SUBMODULE0_IRQHandler           0x00000629   Thumb Code     4  startup_mcxn947_cm33_core0.o(.text)
    FLEXPWM0_SUBMODULE1_IRQHandler           0x0000062d   Thumb Code     4  startup_mcxn947_cm33_core0.o(.text)
    FLEXPWM0_SUBMODULE2_IRQHandler           0x00000631   Thumb Code     4  startup_mcxn947_cm33_core0.o(.text)
    FLEXPWM0_SUBMODULE3_IRQHandler           0x00000635   Thumb Code     4  startup_mcxn947_cm33_core0.o(.text)
    FLEXPWM1_RELOAD_ERROR_IRQHandler         0x00000639   Thumb Code     4  startup_mcxn947_cm33_core0.o(.text)
    FLEXPWM1_FAULT_IRQHandler                0x0000063d   Thumb Code     4  startup_mcxn947_cm33_core0.o(.text)
    FLEXPWM1_SUBMODULE0_IRQHandler           0x00000641   Thumb Code     4  startup_mcxn947_cm33_core0.o(.text)
    FLEXPWM1_SUBMODULE1_IRQHandler           0x00000645   Thumb Code     4  startup_mcxn947_cm33_core0.o(.text)
    FLEXPWM1_SUBMODULE2_IRQHandler           0x00000649   Thumb Code     4  startup_mcxn947_cm33_core0.o(.text)
    FLEXPWM1_SUBMODULE3_IRQHandler           0x0000064d   Thumb Code     4  startup_mcxn947_cm33_core0.o(.text)
    QDC0_COMPARE_IRQHandler                  0x00000651   Thumb Code     4  startup_mcxn947_cm33_core0.o(.text)
    QDC0_HOME_IRQHandler                     0x00000655   Thumb Code     4  startup_mcxn947_cm33_core0.o(.text)
    QDC0_WDG_SAB_IRQHandler                  0x00000659   Thumb Code     4  startup_mcxn947_cm33_core0.o(.text)
    QDC0_IDX_IRQHandler                      0x0000065d   Thumb Code     4  startup_mcxn947_cm33_core0.o(.text)
    QDC1_COMPARE_IRQHandler                  0x00000661   Thumb Code     4  startup_mcxn947_cm33_core0.o(.text)
    QDC1_HOME_IRQHandler                     0x00000665   Thumb Code     4  startup_mcxn947_cm33_core0.o(.text)
    QDC1_WDG_SAB_IRQHandler                  0x00000669   Thumb Code     4  startup_mcxn947_cm33_core0.o(.text)
    QDC1_IDX_IRQHandler                      0x0000066d   Thumb Code     4  startup_mcxn947_cm33_core0.o(.text)
    ITRC0_IRQHandler                         0x00000671   Thumb Code     4  startup_mcxn947_cm33_core0.o(.text)
    BSP32_IRQHandler                         0x00000675   Thumb Code     4  startup_mcxn947_cm33_core0.o(.text)
    ELS_ERR_IRQHandler                       0x00000679   Thumb Code     4  startup_mcxn947_cm33_core0.o(.text)
    PKC_ERR_IRQHandler                       0x0000067d   Thumb Code     4  startup_mcxn947_cm33_core0.o(.text)
    ERM_SINGLE_BIT_ERROR_IRQHandler          0x00000681   Thumb Code     4  startup_mcxn947_cm33_core0.o(.text)
    ERM_MULTI_BIT_ERROR_IRQHandler           0x00000685   Thumb Code     4  startup_mcxn947_cm33_core0.o(.text)
    FMU0_IRQHandler                          0x00000689   Thumb Code     4  startup_mcxn947_cm33_core0.o(.text)
    ETHERNET_IRQHandler                      0x0000068d   Thumb Code     4  startup_mcxn947_cm33_core0.o(.text)
    ETHERNET_PMT_IRQHandler                  0x00000691   Thumb Code     4  startup_mcxn947_cm33_core0.o(.text)
    ETHERNET_MACLP_IRQHandler                0x00000695   Thumb Code     4  startup_mcxn947_cm33_core0.o(.text)
    SINC_FILTER_IRQHandler                   0x00000699   Thumb Code     4  startup_mcxn947_cm33_core0.o(.text)
    LPTMR0_IRQHandler                        0x0000069d   Thumb Code     4  startup_mcxn947_cm33_core0.o(.text)
    LPTMR1_IRQHandler                        0x000006a1   Thumb Code     4  startup_mcxn947_cm33_core0.o(.text)
    SCG_IRQHandler                           0x000006a5   Thumb Code     4  startup_mcxn947_cm33_core0.o(.text)
    SPC_IRQHandler                           0x000006a9   Thumb Code     4  startup_mcxn947_cm33_core0.o(.text)
    WUU_IRQHandler                           0x000006ad   Thumb Code     4  startup_mcxn947_cm33_core0.o(.text)
    PORT_EFT_IRQHandler                      0x000006b1   Thumb Code     4  startup_mcxn947_cm33_core0.o(.text)
    ETB0_IRQHandler                          0x000006b5   Thumb Code     4  startup_mcxn947_cm33_core0.o(.text)
    Reserved166_IRQHandler                   0x000006b9   Thumb Code     4  startup_mcxn947_cm33_core0.o(.text)
    Reserved167_IRQHandler                   0x000006bd   Thumb Code     4  startup_mcxn947_cm33_core0.o(.text)
    WWDT0_IRQHandler                         0x000006c1   Thumb Code     4  startup_mcxn947_cm33_core0.o(.text)
    WWDT1_IRQHandler                         0x000006c5   Thumb Code     4  startup_mcxn947_cm33_core0.o(.text)
    CMC0_IRQHandler                          0x000006c9   Thumb Code     4  startup_mcxn947_cm33_core0.o(.text)
    CTI0_IRQHandler                          0x000006cd   Thumb Code     4  startup_mcxn947_cm33_core0.o(.text)
    ___aeabi_memcpy4$ret                     0x00000955   Thumb Code     0  memcpy.o(.text)
    ___aeabi_memcpy8$ret                     0x00000955   Thumb Code     0  memcpy.o(.text)
    __aeabi_memcpy                           0x00000955   Thumb Code    40  memcpy.o(.text)
    memcpy                                   0x00000955   Thumb Code     0  memcpy.o(.text)
    __aeabi_memset                           0x0000097d   Thumb Code    14  memseta.o(.text)
    __aeabi_memset4                          0x0000097d   Thumb Code     0  memseta.o(.text)
    __aeabi_memset8                          0x0000097d   Thumb Code     0  memseta.o(.text)
    __aeabi_memclr                           0x0000098b   Thumb Code     4  memseta.o(.text)
    __aeabi_memclr4                          0x0000098b   Thumb Code     0  memseta.o(.text)
    __aeabi_memclr8                          0x0000098b   Thumb Code     0  memseta.o(.text)
    memset                                   0x0000098f   Thumb Code    18  memseta.o(.text)
    strlen                                   0x000009a1   Thumb Code    14  strlen.o(.text)
    __aeabi_f2ulz                            0x000009af   Thumb Code    44  ffixul.o(.text)
    __aeabi_llsl                             0x000009db   Thumb Code    30  llshl.o(.text)
    _ll_shift_l                              0x000009db   Thumb Code     0  llshl.o(.text)
    __I$use$fp                               0x000009f9   Thumb Code     0  iusefp.o(.text)
    __scatterload                            0x000009f9   Thumb Code    28  init.o(.text)
    __scatterload_rt2                        0x000009f9   Thumb Code     0  init.o(.text)
    __decompress                             0x00000a1d   Thumb Code     0  __dczerorl.o(.text)
    __decompress0                            0x00000a1d   Thumb Code    58  __dczerorl.o(.text)
    BOARD_BootClockPLL150M                   0x00000a59   Thumb Code   184  clock_config.o(.text.BOARD_BootClockPLL150M)
    BOARD_InitBootClocks                     0x00000b11   Thumb Code     8  clock_config.o(.text.BOARD_InitBootClocks)
    BOARD_InitBootPins                       0x00000b19   Thumb Code     8  pin_mux.o(.text.BOARD_InitBootPins)
    BOARD_InitDebugConsole                   0x00000b21   Thumb Code    42  board.o(.text.BOARD_InitDebugConsole)
    BOARD_InitPins                           0x00000b4d   Thumb Code    40  pin_mux.o(.text.BOARD_InitPins)
    BOARD_PowerMode_OD                       0x00000b75   Thumb Code    50  board.o(.text.BOARD_PowerMode_OD)
    CLOCK_AttachClk                          0x00000ba9   Thumb Code   114  fsl_clock.o(.text.CLOCK_AttachClk)
    CLOCK_EnableUsbhsClock                   0x00000ced   Thumb Code    34  fsl_clock.o(.text.CLOCK_EnableUsbhsClock)
    CLOCK_EnableUsbhsPhyPllClock             0x00000d11   Thumb Code   224  fsl_clock.o(.text.CLOCK_EnableUsbhsPhyPllClock)
    CLOCK_GetPLL0InClockRate                 0x00000e59   Thumb Code    50  fsl_clock.o(.text.CLOCK_GetPLL0InClockRate)
    CLOCK_GetPll0OutFreq                     0x00000e8d   Thumb Code    84  fsl_clock.o(.text.CLOCK_GetPll0OutFreq)
    CLOCK_SetClkDiv                          0x00000ef1   Thumb Code    32  fsl_clock.o(.text.CLOCK_SetClkDiv)
    CLOCK_SetPLL0Freq                        0x00000f11   Thumb Code   172  fsl_clock.o(.text.CLOCK_SetPLL0Freq)
    CLOCK_SetPll0MonitorMode                 0x00000fbd   Thumb Code    20  fsl_clock.o(.text.CLOCK_SetPll0MonitorMode)
    CLOCK_SetupExtClocking                   0x00000fd1   Thumb Code   258  fsl_clock.o(.text.CLOCK_SetupExtClocking)
    CLOCK_SetupFROHFClocking                 0x000010d5   Thumb Code    86  fsl_clock.o(.text.CLOCK_SetupFROHFClocking)
    DbgConsole_Init                          0x00001181   Thumb Code   170  fsl_debug_console.o(.text.DbgConsole_Init)
    DbgConsole_Printf                        0x00001271   Thumb Code    32  fsl_debug_console.o(.text.DbgConsole_Printf)
    DbgConsole_SendDataReliable              0x00001291   Thumb Code    62  fsl_debug_console.o(.text.DbgConsole_SendDataReliable)
    DbgConsole_Vprintf                       0x000012d1   Thumb Code    66  fsl_debug_console.o(.text.DbgConsole_Vprintf)
    HAL_UartInit                             0x00001339   Thumb Code   120  fsl_adapter_lpuart.o(.text.HAL_UartInit)
    HAL_UartSendBlocking                     0x0000144d   Thumb Code   102  fsl_adapter_lpuart.o(.text.HAL_UartSendBlocking)
    LPUART_GetDefaultConfig                  0x000014b5   Thumb Code    56  fsl_lpuart.o(.text.LPUART_GetDefaultConfig)
    LPUART_GetInstance                       0x000014ed   Thumb Code    50  fsl_lpuart.o(.text.LPUART_GetInstance)
    LPUART_Init                              0x00001521   Thumb Code   800  fsl_lpuart.o(.text.LPUART_Init)
    LPUART_WriteBlocking                     0x00001855   Thumb Code    54  fsl_lpuart.o(.text.LPUART_WriteBlocking)
    LP_FLEXCOMM0_DriverIRQHandler            0x0000188d   Thumb Code    10  fsl_lpflexcomm.o(.text.LP_FLEXCOMM0_DriverIRQHandler)
    LP_FLEXCOMM1_DriverIRQHandler            0x00001899   Thumb Code    10  fsl_lpflexcomm.o(.text.LP_FLEXCOMM1_DriverIRQHandler)
    LP_FLEXCOMM2_DriverIRQHandler            0x000018a5   Thumb Code    10  fsl_lpflexcomm.o(.text.LP_FLEXCOMM2_DriverIRQHandler)
    LP_FLEXCOMM3_DriverIRQHandler            0x000018b1   Thumb Code    10  fsl_lpflexcomm.o(.text.LP_FLEXCOMM3_DriverIRQHandler)
    LP_FLEXCOMM4_DriverIRQHandler            0x000018bd   Thumb Code    10  fsl_lpflexcomm.o(.text.LP_FLEXCOMM4_DriverIRQHandler)
    LP_FLEXCOMM5_DriverIRQHandler            0x000018c9   Thumb Code    10  fsl_lpflexcomm.o(.text.LP_FLEXCOMM5_DriverIRQHandler)
    LP_FLEXCOMM6_DriverIRQHandler            0x000018d5   Thumb Code    10  fsl_lpflexcomm.o(.text.LP_FLEXCOMM6_DriverIRQHandler)
    LP_FLEXCOMM7_DriverIRQHandler            0x000018e1   Thumb Code    10  fsl_lpflexcomm.o(.text.LP_FLEXCOMM7_DriverIRQHandler)
    LP_FLEXCOMM8_DriverIRQHandler            0x000018ed   Thumb Code    10  fsl_lpflexcomm.o(.text.LP_FLEXCOMM8_DriverIRQHandler)
    LP_FLEXCOMM9_DriverIRQHandler            0x000018f9   Thumb Code    10  fsl_lpflexcomm.o(.text.LP_FLEXCOMM9_DriverIRQHandler)
    LP_FLEXCOMM_GetInterruptStatus           0x00001979   Thumb Code    18  fsl_lpflexcomm.o(.text.LP_FLEXCOMM_GetInterruptStatus)
    LP_FLEXCOMM_Init                         0x0000198d   Thumb Code    74  fsl_lpflexcomm.o(.text.LP_FLEXCOMM_Init)
    RESET_ClearPeripheralReset               0x00001c35   Thumb Code    66  fsl_reset.o(.text.RESET_ClearPeripheralReset)
    SPC_SetActiveModeCoreLDORegulatorConfig  0x00002771   Thumb Code   120  fsl_spc.o(.text.SPC_SetActiveModeCoreLDORegulatorConfig)
    SPC_SetActiveModeCoreLDORegulatorDriveStrength 0x000027e9   Thumb Code    64  fsl_spc.o(.text.SPC_SetActiveModeCoreLDORegulatorDriveStrength)
    SPC_SetActiveModeCoreLDORegulatorVoltageLevel 0x00002829   Thumb Code    54  fsl_spc.o(.text.SPC_SetActiveModeCoreLDORegulatorVoltageLevel)
    SPC_SetActiveModeDCDCRegulatorConfig     0x00002861   Thumb Code    74  fsl_spc.o(.text.SPC_SetActiveModeDCDCRegulatorConfig)
    SPC_SetActiveModeDCDCRegulatorDriveStrength 0x000028ad   Thumb Code    42  fsl_spc.o(.text.SPC_SetActiveModeDCDCRegulatorDriveStrength)
    SPC_SetSRAMOperateVoltage                0x000028e9   Thumb Code    68  fsl_spc.o(.text.SPC_SetSRAMOperateVoltage)
    SerialManager_Init                       0x0000292d   Thumb Code    54  fsl_component_serial_manager.o(.text.SerialManager_Init)
    SerialManager_OpenReadHandle             0x00002965   Thumb Code    62  fsl_component_serial_manager.o(.text.SerialManager_OpenReadHandle)
    SerialManager_OpenWriteHandle            0x000029a5   Thumb Code    46  fsl_component_serial_manager.o(.text.SerialManager_OpenWriteHandle)
    SerialManager_WriteBlocking              0x00002a0d   Thumb Code     8  fsl_component_serial_manager.o(.text.SerialManager_WriteBlocking)
    Serial_UartInit                          0x00002a15   Thumb Code    30  fsl_component_serial_port_uart.o(.text.Serial_UartInit)
    Serial_UartWrite                         0x00002a35   Thumb Code    26  fsl_component_serial_port_uart.o(.text.Serial_UartWrite)
    StrFormatPrintf                          0x00002a75   Thumb Code   440  fsl_str.o(.text.StrFormatPrintf)
    SystemInit                               0x00002c2d   Thumb Code   200  system_mcxn947_cm33_core0.o(.text.SystemInit)
    SystemInitHook                           0x00002cf5   Thumb Code     2  system_mcxn947_cm33_core0.o(.text.SystemInitHook)
    USB1_HS_IRQHandler                       0x00002cf9   Thumb Code    10  usb_glue_mcx.o(.text.USB1_HS_IRQHandler)
    USBD_IRQHandler                          0x00002d05   Thumb Code   552  usb_dc_chipidea.o(.text.USBD_IRQHandler)
    USB_ClockInit                            0x00002f2d   Thumb Code   232  usb_glue_mcx.o(.text.USB_ClockInit)
    USB_EhciPhyGetBase                       0x00003015   Thumb Code    76  usb_phy.o(.text.USB_EhciPhyGetBase)
    USB_EhciPhyInit                          0x00003061   Thumb Code   126  usb_phy.o(.text.USB_EhciPhyInit)
    __aeabi_assert                           0x00003101   Thumb Code    76  fsl_assert.o(.text.__aeabi_assert)
    fsl_assert_hook                          0x000035e9   Thumb Code     4  fsl_assert.o(.text.fsl_assert_hook)
    main                                     0x00003609   Thumb Code    46  main.o(.text.main)
    mass_storage_bulk_in                     0x00003639   Thumb Code   116  usbd_msc.o(.text.mass_storage_bulk_in)
    mass_storage_bulk_out                    0x000036ad   Thumb Code   152  usbd_msc.o(.text.mass_storage_bulk_out)
    msc_ram_init                             0x00003745   Thumb Code    62  msc_ram_template.o(.text.msc_ram_init)
    msc_storage_notify_handler               0x00003809   Thumb Code    56  usbd_msc.o(.text.msc_storage_notify_handler)
    usb_dc_init                              0x00003841   Thumb Code   130  usb_dc_chipidea.o(.text.usb_dc_init)
    usb_dc_low_level_init                    0x000038c5   Thumb Code    16  usb_glue_mcx.o(.text.usb_dc_low_level_init)
    usbd_add_endpoint                        0x0000392d   Thumb Code    58  usbd_core.o(.text.usbd_add_endpoint)
    usbd_add_interface                       0x00003969   Thumb Code    38  usbd_core.o(.text.usbd_add_interface)
    usbd_desc_register                       0x00003b05   Thumb Code    76  usbd_core.o(.text.usbd_desc_register)
    usbd_ep_clear_stall                      0x00003b51   Thumb Code    24  usb_dc_chipidea.o(.text.usbd_ep_clear_stall)
    usbd_ep_close                            0x00003b69   Thumb Code    74  usb_dc_chipidea.o(.text.usbd_ep_close)
    usbd_ep_is_stalled                       0x00003bb5   Thumb Code    30  usb_dc_chipidea.o(.text.usbd_ep_is_stalled)
    usbd_ep_open                             0x00003bd5   Thumb Code   116  usb_dc_chipidea.o(.text.usbd_ep_open)
    usbd_ep_set_stall                        0x00003c49   Thumb Code    24  usb_dc_chipidea.o(.text.usbd_ep_set_stall)
    usbd_ep_start_read                       0x00003c61   Thumb Code    82  usb_dc_chipidea.o(.text.usbd_ep_start_read)
    usbd_ep_start_write                      0x00003cb5   Thumb Code    80  usb_dc_chipidea.o(.text.usbd_ep_start_write)
    usbd_event_connect_handler               0x00003d05   Thumb Code    28  usbd_core.o(.text.usbd_event_connect_handler)
    usbd_event_disconnect_handler            0x00003d21   Thumb Code    28  usbd_core.o(.text.usbd_event_disconnect_handler)
    usbd_event_ep0_in_complete_handler       0x00003d3d   Thumb Code   106  usbd_core.o(.text.usbd_event_ep0_in_complete_handler)
    usbd_event_ep0_out_complete_handler      0x00003da9   Thumb Code   108  usbd_core.o(.text.usbd_event_ep0_out_complete_handler)
    usbd_event_ep0_setup_complete_handler    0x00003e15   Thumb Code   244  usbd_core.o(.text.usbd_event_ep0_setup_complete_handler)
    usbd_event_ep_in_complete_handler        0x00003f09   Thumb Code    42  usbd_core.o(.text.usbd_event_ep_in_complete_handler)
    usbd_event_ep_out_complete_handler       0x00003f35   Thumb Code    42  usbd_core.o(.text.usbd_event_ep_out_complete_handler)
    usbd_event_reset_handler                 0x00003f65   Thumb Code   102  usbd_core.o(.text.usbd_event_reset_handler)
    usbd_event_resume_handler                0x00003fcd   Thumb Code    34  usbd_core.o(.text.usbd_event_resume_handler)
    usbd_event_suspend_handler               0x00003ff1   Thumb Code    44  usbd_core.o(.text.usbd_event_suspend_handler)
    usbd_initialize                          0x00004161   Thumb Code   124  usbd_core.o(.text.usbd_initialize)
    usbd_msc_get_cap                         0x0000422d   Thumb Code    14  msc_ram_template.o(.text.usbd_msc_get_cap)
    usbd_msc_init_intf                       0x0000423d   Thumb Code   248  usbd_msc.o(.text.usbd_msc_init_intf)
    usbd_msc_sector_read                     0x00004355   Thumb Code    38  msc_ram_template.o(.text.usbd_msc_sector_read)
    usbd_msc_sector_write                    0x0000437d   Thumb Code    38  msc_ram_template.o(.text.usbd_msc_sector_write)
    usbd_set_address                         0x0000448d   Thumb Code    28  usb_dc_chipidea.o(.text.usbd_set_address)
    __scatterload_copy                       0x00004c41   Thumb Code    14  handlers.o(i.__scatterload_copy)
    __scatterload_null                       0x00004c4f   Thumb Code     2  handlers.o(i.__scatterload_null)
    __scatterload_zeroinit                   0x00004c51   Thumb Code    14  handlers.o(i.__scatterload_zeroinit)
    msc_ram_descriptor                       0x00004cd8   Data         145  msc_ram_template.o(.rodata.msc_ram_descriptor)
    Region$$Table$$Base                      0x000051d0   Number         0  anon$$obj.o(Region$$Table)
    Region$$Table$$Limit                     0x000051f0   Number         0  anon$$obj.o(Region$$Table)
    g_usbd_msc                               0x20001400   Data         584  usbd_msc.o(.NonCacheable)
    g_usbd_core                              0x20001648   Data         828  usbd_core.o(.NonCacheable)
    SystemCoreClock                          0x20001984   Data           4  system_mcxn947_cm33_core0.o(.data.SystemCoreClock)
    g_chipidea_udc                           0x20001990   Data         328  usb_dc_chipidea.o(.bss.g_chipidea_udc)
    g_serialHandle                           0x20001ad8   Data           4  fsl_debug_console.o(.bss.g_serialHandle)
    g_usbdev_bus                             0x20001adc   Data           8  usbd_core.o(.bss.g_usbdev_bus)
    mass_block                               0x20001b00   Data        5120  msc_ram_template.o(.bss.mass_block)
    Image$$ARM_LIB_HEAP$$ZI$$Base            0x20003074   Number         0  anon$$obj.o ABSOLUTE
    Image$$ARM_LIB_HEAP$$ZI$$Limit           0x20005074   Number         0  anon$$obj.o ABSOLUTE
    Image$$ARM_LIB_STACK$$ZI$$Base           0x2004c000   Number         0  anon$$obj.o ABSOLUTE
    Image$$ARM_LIB_STACK$$ZI$$Limit          0x2004e000   Number         0  anon$$obj.o ABSOLUTE



==============================================================================

Memory Map of the image

  Image Entry point : 0x00000415

  Load Region LR_m_flash_conf (Base: 0x80000400, Size: 0x00000000, Max: 0x00000400, ABSOLUTE)

    Execution Region FLASH_CONFIG (Exec base: 0x80000400, Load base: 0x80000400, Size: 0x00000000, Max: 0x00000400, ABSOLUTE)

    **** No section assigned to this execution region ****



  Load Region LR_m_text (Base: 0x00000000, Size: 0x00007190, Max: 0x000c0000, ABSOLUTE, COMPRESSED[0x00005840])

    Execution Region VECTOR_ROM (Exec base: 0x00000000, Load base: 0x00000000, Size: 0x000002b0, Max: 0x00000400, ABSOLUTE)

    Exec Addr    Load Addr    Size         Type   Attr      Idx    E Section Name        Object

    0x00000000   0x00000000   0x000002b0   Data   RO          679    .isr_vector         startup_mcxn947_cm33_core0.o


    Execution Region ER_m_text (Exec base: 0x00000400, Load base: 0x00000400, Size: 0x00004df0, Max: 0x000bfc00, ABSOLUTE, FIXED)

    Exec Addr    Load Addr    Size         Type   Attr      Idx    E Section Name        Object

    0x00000400   0x00000400   0x00000000   Code   RO         1313  * .ARM.Collect$$$$00000000  mc_w.l(entry.o)
    0x00000400   0x00000400   0x00000004   Code   RO         1367    .ARM.Collect$$$$00000003  mc_w.l(entry4.o)
    0x00000404   0x00000404   0x00000004   Code   RO         1370    .ARM.Collect$$$$00000004  mc_w.l(entry5.o)
    0x00000408   0x00000408   0x00000000   Code   RO         1372    .ARM.Collect$$$$00000008  mc_w.l(entry7b.o)
    0x00000408   0x00000408   0x00000000   Code   RO         1374    .ARM.Collect$$$$0000000A  mc_w.l(entry8b.o)
    0x00000408   0x00000408   0x00000008   Code   RO         1375    .ARM.Collect$$$$0000000B  mc_w.l(entry9a.o)
    0x00000410   0x00000410   0x00000000   Code   RO         1377    .ARM.Collect$$$$0000000D  mc_w.l(entry10a.o)
    0x00000410   0x00000410   0x00000000   Code   RO         1379    .ARM.Collect$$$$0000000F  mc_w.l(entry11a.o)
    0x00000410   0x00000410   0x00000004   Code   RO         1368    .ARM.Collect$$$$00002714  mc_w.l(entry4.o)
    0x00000414   0x00000414   0x00000540   Code   RO          678  * .text               startup_mcxn947_cm33_core0.o
    0x00000954   0x00000954   0x00000028   Code   RO         1318    .text               mc_w.l(memcpy.o)
    0x0000097c   0x0000097c   0x00000024   Code   RO         1322    .text               mc_w.l(memseta.o)
    0x000009a0   0x000009a0   0x0000000e   Code   RO         1324    .text               mc_w.l(strlen.o)
    0x000009ae   0x000009ae   0x0000002c   Code   RO         1365    .text               mf_w.l(ffixul.o)
    0x000009da   0x000009da   0x0000001e   Code   RO         1381    .text               mc_w.l(llshl.o)
    0x000009f8   0x000009f8   0x00000000   Code   RO         1421    .text               mc_w.l(iusefp.o)
    0x000009f8   0x000009f8   0x00000024   Code   RO         1422    .text               mc_w.l(init.o)
    0x00000a1c   0x00000a1c   0x0000003a   Code   RO         1434    .text               mc_w.l(__dczerorl.o)
    0x00000a56   0x00000a56   0x00000002   PAD
    0x00000a58   0x00000a58   0x000000b8   Code   RO           36    .text.BOARD_BootClockPLL150M  clock_config.o
    0x00000b10   0x00000b10   0x00000008   Code   RO           34    .text.BOARD_InitBootClocks  clock_config.o
    0x00000b18   0x00000b18   0x00000008   Code   RO            4    .text.BOARD_InitBootPins  pin_mux.o
    0x00000b20   0x00000b20   0x0000002a   Code   RO           20    .text.BOARD_InitDebugConsole  board.o
    0x00000b4a   0x00000b4a   0x00000002   PAD
    0x00000b4c   0x00000b4c   0x00000028   Code   RO            6    .text.BOARD_InitPins  pin_mux.o
    0x00000b74   0x00000b74   0x00000032   Code   RO           24    .text.BOARD_PowerMode_OD  board.o
    0x00000ba6   0x00000ba6   0x00000002   PAD
    0x00000ba8   0x00000ba8   0x00000072   Code   RO          163    .text.CLOCK_AttachClk  fsl_clock.o
    0x00000c1a   0x00000c1a   0x00000002   PAD
    0x00000c1c   0x00000c1c   0x00000010   Code   RO            8    .text.CLOCK_EnableClock  pin_mux.o
    0x00000c2c   0x00000c2c   0x00000010   Code   RO           40    .text.CLOCK_EnableClock  clock_config.o
    0x00000c3c   0x00000c3c   0x00000058   Code   RO          615    .text.CLOCK_EnableClock  fsl_lpflexcomm.o
    0x00000c94   0x00000c94   0x00000058   Code   RO         1031    .text.CLOCK_EnableClock  usb_glue_mcx.o
    0x00000cec   0x00000cec   0x00000022   Code   RO          323    .text.CLOCK_EnableUsbhsClock  fsl_clock.o
    0x00000d0e   0x00000d0e   0x00000002   PAD
    0x00000d10   0x00000d10   0x000000e0   Code   RO          319    .text.CLOCK_EnableUsbhsPhyPllClock  fsl_clock.o
    0x00000df0   0x00000df0   0x0000001a   Code   RO          189    .text.CLOCK_GetClk48MFreq  fsl_clock.o
    0x00000e0a   0x00000e0a   0x00000002   PAD
    0x00000e0c   0x00000e0c   0x0000001c   Code   RO          195    .text.CLOCK_GetExtClkFreq  fsl_clock.o
    0x00000e28   0x00000e28   0x0000002e   Code   RO          197    .text.CLOCK_GetOsc32KFreq  fsl_clock.o
    0x00000e56   0x00000e56   0x00000002   PAD
    0x00000e58   0x00000e58   0x00000032   Code   RO          231    .text.CLOCK_GetPLL0InClockRate  fsl_clock.o
    0x00000e8a   0x00000e8a   0x00000002   PAD
    0x00000e8c   0x00000e8c   0x00000054   Code   RO          199    .text.CLOCK_GetPll0OutFreq  fsl_clock.o
    0x00000ee0   0x00000ee0   0x00000010   Code   RO          233    .text.CLOCK_IsPLL0Locked  fsl_clock.o
    0x00000ef0   0x00000ef0   0x00000020   Code   RO          167    .text.CLOCK_SetClkDiv  fsl_clock.o
    0x00000f10   0x00000f10   0x000000ac   Code   RO          311    .text.CLOCK_SetPLL0Freq  fsl_clock.o
    0x00000fbc   0x00000fbc   0x00000014   Code   RO          155    .text.CLOCK_SetPll0MonitorMode  fsl_clock.o
    0x00000fd0   0x00000fd0   0x00000102   Code   RO          137    .text.CLOCK_SetupExtClocking  fsl_clock.o
    0x000010d2   0x000010d2   0x00000002   PAD
    0x000010d4   0x000010d4   0x00000056   Code   RO          135    .text.CLOCK_SetupFROHFClocking  fsl_clock.o
    0x0000112a   0x0000112a   0x00000002   PAD
    0x0000112c   0x0000112c   0x00000008   Code   RO          774    .text.ConvertPrecisionWidthToLength  fsl_str.o
    0x00001134   0x00001134   0x0000004a   Code   RO          756    .text.ConvertRadixNumToString  fsl_str.o
    0x0000117e   0x0000117e   0x00000002   PAD
    0x00001180   0x00001180   0x000000aa   Code   RO          707    .text.DbgConsole_Init  fsl_debug_console.o
    0x0000122a   0x0000122a   0x00000002   PAD
    0x0000122c   0x0000122c   0x00000044   Code   RO          721    .text.DbgConsole_PrintCallback  fsl_debug_console.o
    0x00001270   0x00001270   0x00000020   Code   RO          717    .text.DbgConsole_Printf  fsl_debug_console.o
    0x00001290   0x00001290   0x0000003e   Code   RO          701    .text.DbgConsole_SendDataReliable  fsl_debug_console.o
    0x000012ce   0x000012ce   0x00000002   PAD
    0x000012d0   0x000012d0   0x00000042   Code   RO          719    .text.DbgConsole_Vprintf  fsl_debug_console.o
    0x00001312   0x00001312   0x00000002   PAD
    0x00001314   0x00001314   0x00000008   Code   RO          856    .text.DisableGlobalIRQ  fsl_component_serial_manager.o
    0x0000131c   0x0000131c   0x00000006   Code   RO          858    .text.EnableGlobalIRQ  fsl_component_serial_manager.o
    0x00001322   0x00001322   0x00000002   PAD
    0x00001324   0x00001324   0x00000008   Code   RO         1037    .text.EnableIRQ     usb_glue_mcx.o
    0x0000132c   0x0000132c   0x0000000a   Code   RO          812    .text.HAL_UartGetStatus  fsl_adapter_lpuart.o
    0x00001336   0x00001336   0x00000002   PAD
    0x00001338   0x00001338   0x00000078   Code   RO          804    .text.HAL_UartInit  fsl_adapter_lpuart.o
    0x000013b0   0x000013b0   0x0000009a   Code   RO          806    .text.HAL_UartInitCommon  fsl_adapter_lpuart.o
    0x0000144a   0x0000144a   0x00000002   PAD
    0x0000144c   0x0000144c   0x00000066   Code   RO          814    .text.HAL_UartSendBlocking  fsl_adapter_lpuart.o
    0x000014b2   0x000014b2   0x00000002   PAD
    0x000014b4   0x000014b4   0x00000038   Code   RO          378    .text.LPUART_GetDefaultConfig  fsl_lpuart.o
    0x000014ec   0x000014ec   0x00000032   Code   RO          368    .text.LPUART_GetInstance  fsl_lpuart.o
    0x0000151e   0x0000151e   0x00000002   PAD
    0x00001520   0x00001520   0x00000320   Code   RO          372    .text.LPUART_Init   fsl_lpuart.o
    0x00001840   0x00001840   0x00000012   Code   RO          374    .text.LPUART_SoftwareReset  fsl_lpuart.o
    0x00001852   0x00001852   0x00000002   PAD
    0x00001854   0x00001854   0x00000036   Code   RO          400    .text.LPUART_WriteBlocking  fsl_lpuart.o
    0x0000188a   0x0000188a   0x00000002   PAD
    0x0000188c   0x0000188c   0x0000000a   Code   RO          625    .text.LP_FLEXCOMM0_DriverIRQHandler  fsl_lpflexcomm.o
    0x00001896   0x00001896   0x00000002   PAD
    0x00001898   0x00001898   0x0000000a   Code   RO          629    .text.LP_FLEXCOMM1_DriverIRQHandler  fsl_lpflexcomm.o
    0x000018a2   0x000018a2   0x00000002   PAD
    0x000018a4   0x000018a4   0x0000000a   Code   RO          631    .text.LP_FLEXCOMM2_DriverIRQHandler  fsl_lpflexcomm.o
    0x000018ae   0x000018ae   0x00000002   PAD
    0x000018b0   0x000018b0   0x0000000a   Code   RO          633    .text.LP_FLEXCOMM3_DriverIRQHandler  fsl_lpflexcomm.o
    0x000018ba   0x000018ba   0x00000002   PAD
    0x000018bc   0x000018bc   0x0000000a   Code   RO          635    .text.LP_FLEXCOMM4_DriverIRQHandler  fsl_lpflexcomm.o
    0x000018c6   0x000018c6   0x00000002   PAD
    0x000018c8   0x000018c8   0x0000000a   Code   RO          637    .text.LP_FLEXCOMM5_DriverIRQHandler  fsl_lpflexcomm.o
    0x000018d2   0x000018d2   0x00000002   PAD
    0x000018d4   0x000018d4   0x0000000a   Code   RO          639    .text.LP_FLEXCOMM6_DriverIRQHandler  fsl_lpflexcomm.o
    0x000018de   0x000018de   0x00000002   PAD
    0x000018e0   0x000018e0   0x0000000a   Code   RO          641    .text.LP_FLEXCOMM7_DriverIRQHandler  fsl_lpflexcomm.o
    0x000018ea   0x000018ea   0x00000002   PAD
    0x000018ec   0x000018ec   0x0000000a   Code   RO          643    .text.LP_FLEXCOMM8_DriverIRQHandler  fsl_lpflexcomm.o
    0x000018f6   0x000018f6   0x00000002   PAD
    0x000018f8   0x000018f8   0x0000000a   Code   RO          645    .text.LP_FLEXCOMM9_DriverIRQHandler  fsl_lpflexcomm.o
    0x00001902   0x00001902   0x00000002   PAD
    0x00001904   0x00001904   0x00000074   Code   RO          627    .text.LP_FLEXCOMM_CommonIRQHandler  fsl_lpflexcomm.o
    0x00001978   0x00001978   0x00000012   Code   RO          609    .text.LP_FLEXCOMM_GetInterruptStatus  fsl_lpflexcomm.o
    0x0000198a   0x0000198a   0x00000002   PAD
    0x0000198c   0x0000198c   0x0000004a   Code   RO          613    .text.LP_FLEXCOMM_Init  fsl_lpflexcomm.o
    0x000019d6   0x000019d6   0x00000002   PAD
    0x000019d8   0x000019d8   0x00000022   Code   RO          647    .text.LP_FLEXCOMM_PeripheralIsPresent  fsl_lpflexcomm.o
    0x000019fa   0x000019fa   0x00000002   PAD
    0x000019fc   0x000019fc   0x00000080   Code   RO          617    .text.LP_FLEXCOMM_SetPeriph  fsl_lpflexcomm.o
    0x00001a7c   0x00001a7c   0x00000064   Code   RO           10    .text.PORT_SetPinConfig  pin_mux.o
    0x00001ae0   0x00001ae0   0x00000016   Code   RO          750    .text.PrintFilterLengthFlag  fsl_str.o
    0x00001af6   0x00001af6   0x00000002   PAD
    0x00001af8   0x00001af8   0x00000028   Code   RO          748    .text.PrintGetPrecision  fsl_str.o
    0x00001b20   0x00001b20   0x0000001a   Code   RO          772    .text.PrintGetRadixFromobpu  fsl_str.o
    0x00001b3a   0x00001b3a   0x00000002   PAD
    0x00001b3c   0x00001b3c   0x0000003a   Code   RO          746    .text.PrintGetWidth  fsl_str.o
    0x00001b76   0x00001b76   0x00000002   PAD
    0x00001b78   0x00001b78   0x00000010   Code   RO          752    .text.PrintIsdi     fsl_str.o
    0x00001b88   0x00001b88   0x0000000e   Code   RO          760    .text.PrintIsfF     fsl_str.o
    0x00001b96   0x00001b96   0x00000002   PAD
    0x00001b98   0x00001b98   0x00000024   Code   RO          768    .text.PrintIsobpu   fsl_str.o
    0x00001bbc   0x00001bbc   0x0000000e   Code   RO          762    .text.PrintIsxX     fsl_str.o
    0x00001bca   0x00001bca   0x00000002   PAD
    0x00001bcc   0x00001bcc   0x00000032   Code   RO          758    .text.PrintOutputdifFobpu  fsl_str.o
    0x00001bfe   0x00001bfe   0x00000002   PAD
    0x00001c00   0x00001c00   0x00000032   Code   RO          766    .text.PrintOutputxX  fsl_str.o
    0x00001c32   0x00001c32   0x00000002   PAD
    0x00001c34   0x00001c34   0x00000042   Code   RO          355    .text.RESET_ClearPeripheralReset  fsl_reset.o
    0x00001c76   0x00001c76   0x00000002   PAD
    0x00001c78   0x00001c78   0x00000274   Code   RO         1135    .text.SCSI_CBWDecode  usbd_msc.o
    0x00001eec   0x00001eec   0x00000022   Code   RO         1157    .text.SCSI_SetSenseData  usbd_msc.o
    0x00001f0e   0x00001f0e   0x00000002   PAD
    0x00001f10   0x00001f10   0x00000128   Code   RO         1163    .text.SCSI_inquiry  usbd_msc.o
    0x00002038   0x00002038   0x0000006e   Code   RO         1171    .text.SCSI_modeSense10  usbd_msc.o
    0x000020a6   0x000020a6   0x00000002   PAD
    0x000020a8   0x000020a8   0x00000054   Code   RO         1169    .text.SCSI_modeSense6  usbd_msc.o
    0x000020fc   0x000020fc   0x0000002c   Code   RO         1167    .text.SCSI_preventAllowMediaRemoval  usbd_msc.o
    0x00002128   0x00002128   0x000000b8   Code   RO         1145    .text.SCSI_processRead  usbd_msc.o
    0x000021e0   0x000021e0   0x000000a8   Code   RO         1139    .text.SCSI_processWrite  usbd_msc.o
    0x00002288   0x00002288   0x000000c0   Code   RO         1177    .text.SCSI_read10   usbd_msc.o
    0x00002348   0x00002348   0x000000c0   Code   RO         1179    .text.SCSI_read12   usbd_msc.o
    0x00002408   0x00002408   0x00000062   Code   RO         1175    .text.SCSI_readCapacity10  usbd_msc.o
    0x0000246a   0x0000246a   0x00000002   PAD
    0x0000246c   0x0000246c   0x00000072   Code   RO         1173    .text.SCSI_readFormatCapacity  usbd_msc.o
    0x000024de   0x000024de   0x00000002   PAD
    0x000024e0   0x000024e0   0x00000072   Code   RO         1161    .text.SCSI_requestSense  usbd_msc.o
    0x00002552   0x00002552   0x00000002   PAD
    0x00002554   0x00002554   0x00000048   Code   RO         1165    .text.SCSI_startStopUnit  usbd_msc.o
    0x0000259c   0x0000259c   0x0000002c   Code   RO         1159    .text.SCSI_testUnitReady  usbd_msc.o
    0x000025c8   0x000025c8   0x000000ba   Code   RO         1181    .text.SCSI_write10  usbd_msc.o
    0x00002682   0x00002682   0x00000002   PAD
    0x00002684   0x00002684   0x000000ba   Code   RO         1183    .text.SCSI_write12  usbd_msc.o
    0x0000273e   0x0000273e   0x00000002   PAD
    0x00002740   0x00002740   0x0000000a   Code   RO          538    .text.SPC_GetActiveModeBandgapMode  fsl_spc.o
    0x0000274a   0x0000274a   0x00000002   PAD
    0x0000274c   0x0000274c   0x0000000a   Code   RO          546    .text.SPC_GetActiveModeCoreLDODriveStrength  fsl_spc.o
    0x00002756   0x00002756   0x00000002   PAD
    0x00002758   0x00002758   0x0000000a   Code   RO          540    .text.SPC_GetActiveModeCoreLDOVDDVoltageLevel  fsl_spc.o
    0x00002762   0x00002762   0x00000002   PAD
    0x00002764   0x00002764   0x0000000a   Code   RO          494    .text.SPC_GetActiveModeVoltageDetectStatus  fsl_spc.o
    0x0000276e   0x0000276e   0x00000002   PAD
    0x00002770   0x00002770   0x00000078   Code   RO          536    .text.SPC_SetActiveModeCoreLDORegulatorConfig  fsl_spc.o
    0x000027e8   0x000027e8   0x00000040   Code   RO          542    .text.SPC_SetActiveModeCoreLDORegulatorDriveStrength  fsl_spc.o
    0x00002828   0x00002828   0x00000036   Code   RO          544    .text.SPC_SetActiveModeCoreLDORegulatorVoltageLevel  fsl_spc.o
    0x0000285e   0x0000285e   0x00000002   PAD
    0x00002860   0x00002860   0x0000004a   Code   RO          566    .text.SPC_SetActiveModeDCDCRegulatorConfig  fsl_spc.o
    0x000028aa   0x000028aa   0x00000002   PAD
    0x000028ac   0x000028ac   0x0000002a   Code   RO          568    .text.SPC_SetActiveModeDCDCRegulatorDriveStrength  fsl_spc.o
    0x000028d6   0x000028d6   0x00000002   PAD
    0x000028d8   0x000028d8   0x0000000e   Code   RO          570    .text.SPC_SetActiveModeDCDCRegulatorVoltageLevel  fsl_spc.o
    0x000028e6   0x000028e6   0x00000002   PAD
    0x000028e8   0x000028e8   0x00000044   Code   RO          490    .text.SPC_SetSRAMOperateVoltage  fsl_spc.o
    0x0000292c   0x0000292c   0x00000036   Code   RO          850    .text.SerialManager_Init  fsl_component_serial_manager.o
    0x00002962   0x00002962   0x00000002   PAD
    0x00002964   0x00002964   0x0000003e   Code   RO          862    .text.SerialManager_OpenReadHandle  fsl_component_serial_manager.o
    0x000029a2   0x000029a2   0x00000002   PAD
    0x000029a4   0x000029a4   0x0000002e   Code   RO          854    .text.SerialManager_OpenWriteHandle  fsl_component_serial_manager.o
    0x000029d2   0x000029d2   0x00000002   PAD
    0x000029d4   0x000029d4   0x00000014   Code   RO          880    .text.SerialManager_StartWriting  fsl_component_serial_manager.o
    0x000029e8   0x000029e8   0x00000022   Code   RO          868    .text.SerialManager_Write  fsl_component_serial_manager.o
    0x00002a0a   0x00002a0a   0x00000002   PAD
    0x00002a0c   0x00002a0c   0x00000008   Code   RO          866    .text.SerialManager_WriteBlocking  fsl_component_serial_manager.o
    0x00002a14   0x00002a14   0x0000001e   Code   RO          830    .text.Serial_UartInit  fsl_component_serial_port_uart.o
    0x00002a32   0x00002a32   0x00000002   PAD
    0x00002a34   0x00002a34   0x0000001a   Code   RO          834    .text.Serial_UartWrite  fsl_component_serial_port_uart.o
    0x00002a4e   0x00002a4e   0x00000002   PAD
    0x00002a50   0x00002a50   0x0000000c   Code   RO          754    .text.StrFormatExaminedi  fsl_str.o
    0x00002a5c   0x00002a5c   0x0000000c   Code   RO          770    .text.StrFormatExamineobpu  fsl_str.o
    0x00002a68   0x00002a68   0x0000000c   Code   RO          764    .text.StrFormatExaminexX  fsl_str.o
    0x00002a74   0x00002a74   0x000001b8   Code   RO          744    .text.StrFormatPrintf  fsl_str.o
    0x00002c2c   0x00002c2c   0x000000c8   Code   RO          665    .text.SystemInit    system_mcxn947_cm33_core0.o
    0x00002cf4   0x00002cf4   0x00000002   Code   RO          667    .text.SystemInitHook  system_mcxn947_cm33_core0.o
    0x00002cf6   0x00002cf6   0x00000002   PAD
    0x00002cf8   0x00002cf8   0x0000000a   Code   RO         1027    .text.USB1_HS_IRQHandler  usb_glue_mcx.o
    0x00002d02   0x00002d02   0x00000002   PAD
    0x00002d04   0x00002d04   0x00000228   Code   RO         1100    .text.USBD_IRQHandler  usb_dc_chipidea.o
    0x00002f2c   0x00002f2c   0x000000e8   Code   RO         1029    .text.USB_ClockInit  usb_glue_mcx.o
    0x00003014   0x00003014   0x0000004c   Code   RO           87    .text.USB_EhciPhyGetBase  usb_phy.o
    0x00003060   0x00003060   0x0000007e   Code   RO           89    .text.USB_EhciPhyInit  usb_phy.o
    0x000030de   0x000030de   0x00000002   PAD
    0x000030e0   0x000030e0   0x0000000e   Code   RO         1043    .text.__NVIC_EnableIRQ  usb_glue_mcx.o
    0x000030ee   0x000030ee   0x00000002   PAD
    0x000030f0   0x000030f0   0x0000000e   Code   RO         1035    .text.__NVIC_SetPriority  usb_glue_mcx.o
    0x000030fe   0x000030fe   0x00000002   PAD
    0x00003100   0x00003100   0x0000004c   Code   RO          687    .text.__aeabi_assert  fsl_assert.o
    0x0000314c   0x0000314c   0x00000056   Code   RO         1116    .text.__chipidea_bus_reset  usb_dc_chipidea.o
    0x000031a2   0x000031a2   0x00000002   PAD
    0x000031a4   0x000031a4   0x0000002c   Code   RO         1110    .text.__chipidea_edpt_open  usb_dc_chipidea.o
    0x000031d0   0x000031d0   0x00000064   Code   RO         1102    .text.chipidea_bus_reset  usb_dc_chipidea.o
    0x00003234   0x00003234   0x0000001a   Code   RO         1092    .text.chipidea_edpt_check_stall  usb_dc_chipidea.o
    0x0000324e   0x0000324e   0x00000002   PAD
    0x00003250   0x00003250   0x0000002e   Code   RO         1088    .text.chipidea_edpt_clear_stall  usb_dc_chipidea.o
    0x0000327e   0x0000327e   0x00000002   PAD
    0x00003280   0x00003280   0x0000005a   Code   RO         1068    .text.chipidea_edpt_close  usb_dc_chipidea.o
    0x000032da   0x000032da   0x00000002   PAD
    0x000032dc   0x000032dc   0x0000007a   Code   RO         1078    .text.chipidea_edpt_open  usb_dc_chipidea.o
    0x00003356   0x00003356   0x00000002   PAD
    0x00003358   0x00003358   0x0000001e   Code   RO         1084    .text.chipidea_edpt_stall  usb_dc_chipidea.o
    0x00003376   0x00003376   0x00000002   PAD
    0x00003378   0x00003378   0x00000016   Code   RO         1114    .text.chipidea_edpt_xfer  usb_dc_chipidea.o
    0x0000338e   0x0000338e   0x00000002   PAD
    0x00003390   0x00003390   0x00000076   Code   RO         1062    .text.chipidea_init  usb_dc_chipidea.o
    0x00003406   0x00003406   0x00000002   PAD
    0x00003408   0x00003408   0x00000014   Code   RO         1104    .text.chipidea_qhd_get  usb_dc_chipidea.o
    0x0000341c   0x0000341c   0x0000001c   Code   RO         1108    .text.chipidea_qtd_get  usb_dc_chipidea.o
    0x00003438   0x00003438   0x000000f0   Code   RO         1096    .text.chipidea_start_xfer  usb_dc_chipidea.o
    0x00003528   0x00003528   0x0000000c   Code   RO         1106    .text.ep_idx2bit    usb_dc_chipidea.o
    0x00003534   0x00003534   0x0000006c   Code   RO          239    .text.findPll0MMult  fsl_clock.o
    0x000035a0   0x000035a0   0x00000028   Code   RO          237    .text.findPll0PostDiv  fsl_clock.o
    0x000035c8   0x000035c8   0x0000001e   Code   RO          235    .text.findPll0PreDiv  fsl_clock.o
    0x000035e6   0x000035e6   0x00000002   PAD
    0x000035e8   0x000035e8   0x00000004   Code   RO          685    .text.fsl_assert_hook  fsl_assert.o
    0x000035ec   0x000035ec   0x0000001c   Code   RO         1297    .text.is_device_configured  usbd_core.o
    0x00003608   0x00003608   0x0000002e   Code   RO           57    .text.main          main.o
    0x00003636   0x00003636   0x00000002   PAD
    0x00003638   0x00003638   0x00000074   Code   RO         1143    .text.mass_storage_bulk_in  usbd_msc.o
    0x000036ac   0x000036ac   0x00000098   Code   RO         1133    .text.mass_storage_bulk_out  usbd_msc.o
    0x00003744   0x00003744   0x0000003e   Code   RO           72    .text.msc_ram_init  msc_ram_template.o
    0x00003782   0x00003782   0x00000002   PAD
    0x00003784   0x00003784   0x00000084   Code   RO         1149    .text.msc_storage_class_interface_request_handler  usbd_msc.o
    0x00003808   0x00003808   0x00000038   Code   RO         1129    .text.msc_storage_notify_handler  usbd_msc.o
    0x00003840   0x00003840   0x00000082   Code   RO         1060    .text.usb_dc_init   usb_dc_chipidea.o
    0x000038c2   0x000038c2   0x00000002   PAD
    0x000038c4   0x000038c4   0x00000010   Code   RO         1033    .text.usb_dc_low_level_init  usb_glue_mcx.o
    0x000038d4   0x000038d4   0x00000056   Code   RO         1112    .text.usb_qtd_init  usb_dc_chipidea.o
    0x0000392a   0x0000392a   0x00000002   PAD
    0x0000392c   0x0000392c   0x0000003a   Code   RO         1263    .text.usbd_add_endpoint  usbd_core.o
    0x00003966   0x00003966   0x00000002   PAD
    0x00003968   0x00003968   0x00000026   Code   RO         1261    .text.usbd_add_interface  usbd_core.o
    0x0000398e   0x0000398e   0x00000002   PAD
    0x00003990   0x00003990   0x00000072   Code   RO         1237    .text.usbd_class_event_notify_handler  usbd_core.o
    0x00003a02   0x00003a02   0x00000002   PAD
    0x00003a04   0x00003a04   0x000000fe   Code   RO         1281    .text.usbd_class_request_handler  usbd_core.o
    0x00003b02   0x00003b02   0x00000002   PAD
    0x00003b04   0x00003b04   0x0000004c   Code   RO         1251    .text.usbd_desc_register  usbd_core.o
    0x00003b50   0x00003b50   0x00000018   Code   RO         1086    .text.usbd_ep_clear_stall  usb_dc_chipidea.o
    0x00003b68   0x00003b68   0x0000004a   Code   RO         1080    .text.usbd_ep_close  usb_dc_chipidea.o
    0x00003bb2   0x00003bb2   0x00000002   PAD
    0x00003bb4   0x00003bb4   0x0000001e   Code   RO         1090    .text.usbd_ep_is_stalled  usb_dc_chipidea.o
    0x00003bd2   0x00003bd2   0x00000002   PAD
    0x00003bd4   0x00003bd4   0x00000074   Code   RO         1076    .text.usbd_ep_open  usb_dc_chipidea.o
    0x00003c48   0x00003c48   0x00000018   Code   RO         1082    .text.usbd_ep_set_stall  usb_dc_chipidea.o
    0x00003c60   0x00003c60   0x00000052   Code   RO         1098    .text.usbd_ep_start_read  usb_dc_chipidea.o
    0x00003cb2   0x00003cb2   0x00000002   PAD
    0x00003cb4   0x00003cb4   0x00000050   Code   RO         1094    .text.usbd_ep_start_write  usb_dc_chipidea.o
    0x00003d04   0x00003d04   0x0000001c   Code   RO         1227    .text.usbd_event_connect_handler  usbd_core.o
    0x00003d20   0x00003d20   0x0000001c   Code   RO         1229    .text.usbd_event_disconnect_handler  usbd_core.o
    0x00003d3c   0x00003d3c   0x0000006a   Code   RO         1243    .text.usbd_event_ep0_in_complete_handler  usbd_core.o
    0x00003da6   0x00003da6   0x00000002   PAD
    0x00003da8   0x00003da8   0x0000006c   Code   RO         1245    .text.usbd_event_ep0_out_complete_handler  usbd_core.o
    0x00003e14   0x00003e14   0x000000f4   Code   RO         1239    .text.usbd_event_ep0_setup_complete_handler  usbd_core.o
    0x00003f08   0x00003f08   0x0000002a   Code   RO         1247    .text.usbd_event_ep_in_complete_handler  usbd_core.o
    0x00003f32   0x00003f32   0x00000002   PAD
    0x00003f34   0x00003f34   0x0000002a   Code   RO         1249    .text.usbd_event_ep_out_complete_handler  usbd_core.o
    0x00003f5e   0x00003f5e   0x00000002   PAD
    0x00003f60   0x00003f60   0x00000002   Code   RO           74    .text.usbd_event_handler  msc_ram_template.o
    0x00003f62   0x00003f62   0x00000002   PAD
    0x00003f64   0x00003f64   0x00000066   Code   RO         1235    .text.usbd_event_reset_handler  usbd_core.o
    0x00003fca   0x00003fca   0x00000002   PAD
    0x00003fcc   0x00003fcc   0x00000022   Code   RO         1231    .text.usbd_event_resume_handler  usbd_core.o
    0x00003fee   0x00003fee   0x00000002   PAD
    0x00003ff0   0x00003ff0   0x0000002c   Code   RO         1233    .text.usbd_event_suspend_handler  usbd_core.o
    0x0000401c   0x0000401c   0x00000144   Code   RO         1291    .text.usbd_get_descriptor  usbd_core.o
    0x00004160   0x00004160   0x0000007c   Code   RO         1273    .text.usbd_initialize  usbd_core.o
    0x000041dc   0x000041dc   0x00000050   Code   RO         1137    .text.usbd_msc_bot_abort  usbd_msc.o
    0x0000422c   0x0000422c   0x0000000e   Code   RO           66    .text.usbd_msc_get_cap  msc_ram_template.o
    0x0000423a   0x0000423a   0x00000002   PAD
    0x0000423c   0x0000423c   0x000000f8   Code   RO         1147    .text.usbd_msc_init_intf  usbd_msc.o
    0x00004334   0x00004334   0x0000001e   Code   RO         1131    .text.usbd_msc_reset  usbd_msc.o
    0x00004352   0x00004352   0x00000002   PAD
    0x00004354   0x00004354   0x00000026   Code   RO           68    .text.usbd_msc_sector_read  msc_ram_template.o
    0x0000437a   0x0000437a   0x00000002   PAD
    0x0000437c   0x0000437c   0x00000026   Code   RO           70    .text.usbd_msc_sector_write  msc_ram_template.o
    0x000043a2   0x000043a2   0x00000002   PAD
    0x000043a4   0x000043a4   0x00000044   Code   RO         1141    .text.usbd_msc_send_csw  usbd_msc.o
    0x000043e8   0x000043e8   0x0000004c   Code   RO         1185    .text.usbd_msc_send_info  usbd_msc.o
    0x00004434   0x00004434   0x00000048   Code   RO         1279    .text.usbd_print_setup  usbd_core.o
    0x0000447c   0x0000447c   0x00000010   Code   RO         1301    .text.usbd_reset_endpoint  usbd_core.o
    0x0000448c   0x0000448c   0x0000001c   Code   RO         1070    .text.usbd_set_address  usb_dc_chipidea.o
    0x000044a8   0x000044a8   0x0000007e   Code   RO         1293    .text.usbd_set_configuration  usbd_core.o
    0x00004526   0x00004526   0x00000002   PAD
    0x00004528   0x00004528   0x0000004a   Code   RO         1295    .text.usbd_set_endpoint  usbd_core.o
    0x00004572   0x00004572   0x00000002   PAD
    0x00004574   0x00004574   0x0000009a   Code   RO         1299    .text.usbd_set_interface  usbd_core.o
    0x0000460e   0x0000460e   0x00000002   PAD
    0x00004610   0x00004610   0x000000ec   Code   RO         1241    .text.usbd_setup_request_handler  usbd_core.o
    0x000046fc   0x000046fc   0x0000003a   Code   RO         1277    .text.usbd_standard_request_handler  usbd_core.o
    0x00004736   0x00004736   0x00000002   PAD
    0x00004738   0x00004738   0x00000162   Code   RO         1285    .text.usbd_std_device_req_handler  usbd_core.o
    0x0000489a   0x0000489a   0x00000002   PAD
    0x0000489c   0x0000489c   0x00000100   Code   RO         1289    .text.usbd_std_endpoint_req_handler  usbd_core.o
    0x0000499c   0x0000499c   0x00000142   Code   RO         1287    .text.usbd_std_interface_req_handler  usbd_core.o
    0x00004ade   0x00004ade   0x00000002   PAD
    0x00004ae0   0x00004ae0   0x00000148   Code   RO         1283    .text.usbd_vendor_request_handler  usbd_core.o
    0x00004c28   0x00004c28   0x00000018   Code   RO         1151    .text.usdb_msc_set_max_lun  usbd_msc.o
    0x00004c40   0x00004c40   0x0000000e   Code   RO         1428    i.__scatterload_copy  mc_w.l(handlers.o)
    0x00004c4e   0x00004c4e   0x00000002   Code   RO         1429    i.__scatterload_null  mc_w.l(handlers.o)
    0x00004c50   0x00004c50   0x0000000e   Code   RO         1430    i.__scatterload_zeroinit  mc_w.l(handlers.o)
    0x00004c5e   0x00004c5e   0x00000002   PAD
    0x00004c60   0x00004c60   0x0000001c   Data   RO           48    .rodata..L__const.BOARD_BootClockPLL150M.pll0Setup  clock_config.o
    0x00004c7c   0x00004c7c   0x00000024   Data   RO         1192    .rodata..L__const.SCSI_inquiry.inquiry  usbd_msc.o
    0x00004ca0   0x00004ca0   0x0000001b   Data   RO         1193    .rodata..L__const.SCSI_modeSense10.sense10  usbd_msc.o
    0x00004cbb   0x00004cbb   0x00000001   PAD
    0x00004cbc   0x00004cbc   0x00000012   Data   RO         1190    .rodata..L__const.SCSI_requestSense.request_sense  usbd_msc.o
    0x00004cce   0x00004cce   0x00000003   Data   RO         1047    .rodata..L__const.USB_ClockInit.phyConfig  usb_glue_mcx.o
    0x00004cd1   0x00004cd1   0x00000003   PAD
    0x00004cd4   0x00004cd4   0x00000004   Data   RO           97    .rodata.cst4        usb_phy.o
    0x00004cd8   0x00004cd8   0x00000091   Data   RO           76    .rodata.msc_ram_descriptor  msc_ram_template.o
    0x00004d69   0x00004d69   0x00000003   PAD
    0x00004d6c   0x00004d6c   0x00000028   Data   RO          821    .rodata.s_LpuartAdapterBase  fsl_adapter_lpuart.o
    0x00004d94   0x00004d94   0x00000028   Data   RO          651    .rodata.s_lpflexcommBase  fsl_lpflexcomm.o
    0x00004dbc   0x00004dbc   0x00000014   Data   RO          653    .rodata.s_lpflexcommClocks  fsl_lpflexcomm.o
    0x00004dd0   0x00004dd0   0x00000028   Data   RO          654    .rodata.s_lpflexcommResets  fsl_lpflexcomm.o
    0x00004df8   0x00004df8   0x00000028   Data   RO          445    .rodata.s_lpuartBases  fsl_lpuart.o
    0x00004e20   0x00004e20   0x00000046   Data   RO          359    .rodata.str1.1      fsl_reset.o
    0x00004e66   0x00004e66   0x00000109   Data   RO          446    .rodata.str1.1      fsl_lpuart.o
    0x00004f6f   0x00004f6f   0x00000055   Data   RO          598    .rodata.str1.1      fsl_spc.o
    0x00004fc4   0x00004fc4   0x00000070   Data   RO          652    .rodata.str1.1      fsl_lpflexcomm.o
    0x00005034   0x00005034   0x000000a3   Data   RO          820    .rodata.str1.1      fsl_adapter_lpuart.o
    0x000050d7   0x000050d7   0x00000013   Data   RO         1119    .rodata.str1.1      usb_dc_chipidea.o
    0x000050ea   0x000050ea   0x00000055   Data   RO         1189    .rodata.str1.1      usbd_msc.o
    0x0000513f   0x0000513f   0x0000008e   Data   RO         1304    .rodata.str1.1      usbd_core.o
    0x000051cd   0x000051cd   0x00000003   PAD
    0x000051d0   0x000051d0   0x00000020   Data   RO         1427    Region$$Table       anon$$obj.o


    Execution Region RW_m_data (Exec base: 0x20000000, Load base: 0x00005800, Size: 0x00003074, Max: 0x0004a000, ABSOLUTE, COMPRESSED[0x00000040])

    Exec Addr    Load Addr    Size         Type   Attr      Idx    E Section Name        Object

    0x20000000   COMPRESSED   0x00001400   Data   RW         1120    .NonCacheable       usb_dc_chipidea.o
    0x20001400   COMPRESSED   0x00000248   Data   RW         1188    .NonCacheable       usbd_msc.o
    0x20001648   COMPRESSED   0x0000033c   Data   RW         1303    .NonCacheable       usbd_core.o
    0x20001984   COMPRESSED   0x00000004   Data   RW          671    .data.SystemCoreClock  system_mcxn947_cm33_core0.o
    0x20001988   COMPRESSED   0x00000004   Data   RW          333    .data.s_Ext_Clk_Freq  fsl_clock.o
    0x2000198c   COMPRESSED   0x00000004   Data   RW          334    .data.s_Xtal32_Freq  fsl_clock.o
    0x20001990        -       0x00000148   Zero   RW         1118    .bss.g_chipidea_udc  usb_dc_chipidea.o
    0x20001ad8        -       0x00000004   Zero   RW          735    .bss.g_serialHandle  fsl_debug_console.o
    0x20001adc        -       0x00000008   Zero   RW         1305    .bss.g_usbdev_bus   usbd_core.o
    0x20001ae4        -       0x0000001c   Zero   RW           78    .bss.intf0          msc_ram_template.o
    0x20001b00        -       0x00001400   Zero   RW           77    .bss.mass_block     msc_ram_template.o
    0x20002f00        -       0x00000010   Zero   RW         1187    .bss.mass_ep_data   usbd_msc.o
    0x20002f10        -       0x00000001   Zero   RW          734    .bss.s_debugConsoleReadWaitSemaphore  fsl_debug_console.o
    0x20002f11   COMPRESSED   0x00000003   PAD
    0x20002f14        -       0x00000020   Zero   RW          733    .bss.s_debugConsoleState  fsl_debug_console.o
    0x20002f34        -       0x000000a0   Zero   RW          656    .bss.s_lpflexcommHandle  fsl_lpflexcomm.o
    0x20002fd4        -       0x000000a0   Zero   RW          655    .bss.s_lpflexcommIrqHandler  fsl_lpflexcomm.o


    Execution Region ARM_LIB_HEAP (Exec base: 0x20003074, Load base: 0x00005840, Size: 0x00002000, Max: 0x00002000, ABSOLUTE)

    Exec Addr    Load Addr    Size         Type   Attr      Idx    E Section Name        Object

    0x20003074        -       0x00002000   Zero   RW            1    ARM_LIB_HEAP.bss    anon$$obj.o


    Execution Region ARM_LIB_STACK (Exec base: 0x2004c000, Load base: 0x00005840, Size: 0x00002000, Max: 0x00002000, ABSOLUTE)

    Exec Addr    Load Addr    Size         Type   Attr      Idx    E Section Name        Object

    0x2004c000        -       0x00002000   Zero   RW            2    ARM_LIB_STACK.bss   anon$$obj.o


    Execution Region RW_m_usb_bdt (Exec base: 0x400ba000, Load base: 0x00005840, Size: 0x00000000, Max: 0x00000200, ABSOLUTE, UNINIT)

    **** No section assigned to this execution region ****


    Execution Region RW_m_usb_ram (Exec base: 0x400ba200, Load base: 0x00005840, Size: 0x00000000, Max: 0x00000e00, ABSOLUTE, UNINIT)

    **** No section assigned to this execution region ****



  Load Region LR_CORE1_IMAGE (Base: 0x000c0000, Size: 0x00000000, Max: 0xffffffff, ABSOLUTE)

    Execution Region CORE1_REGION (Exec base: 0x000c0000, Load base: 0x000c0000, Size: 0x00000000, Max: 0x00040000, ABSOLUTE)

    **** No section assigned to this execution region ****


==============================================================================

Image component sizes


      Code (inc. data)   RO Data    RW Data    ZI Data      Debug   Object Name

        92          0          0          0          0      16394   board.o
       208          0         28          0          0      26786   clock_config.o
       386         20        203          0          0       7670   fsl_adapter_lpuart.o
        80         44          0          0          0        946   fsl_assert.o
      1368         30          0          8          0      61662   fsl_clock.o
       238          0          0          0          0       8876   fsl_component_serial_manager.o
        56          0          0          0          0       4235   fsl_component_serial_port_uart.o
       398          0          0          0         37       8906   fsl_debug_console.o
       558         44        212          0        320      22654   fsl_lpflexcomm.o
       978         28        305          0          0      30086   fsl_lpuart.o
        66          0         70          0          0      10900   fsl_reset.o
       476          0         85          0          0      22800   fsl_spc.o
       884          0          0          0          0      12724   fsl_str.o
        46          0          0          0          0        396   main.o
       154          0        145          0       5148       2870   msc_ram_template.o
       164         64          0          0          0      12051   pin_mux.o
      1344        664        688          0          0       6768   startup_mcxn947_cm33_core0.o
       202          0          0          4          0      10240   system_mcxn947_cm33_core0.o
      2210         44         19       5120        328      13140   usb_dc_chipidea.o
       382          0          3          0          0      20021   usb_glue_mcx.o
       202          0          4          0          0       5547   usb_phy.o
      3790        226        142        828          8      18669   usbd_core.o
      3728        330        166        584         16      12562   usbd_msc.o

    ----------------------------------------------------------------------
     18216       1494       2112       6544      22244     336903   Object Totals
         0          0         32          0      16384          0   (incl. Generated)
       206          0         10          0          3          0   (incl. Padding)

    ----------------------------------------------------------------------

      Code (inc. data)   RO Data    RW Data    ZI Data      Debug   Library Member Name

        58          0          0          0          0          0   __dczerorl.o
         0          0          0          0          0          0   entry.o
         0          0          0          0          0          0   entry10a.o
         0          0          0          0          0          0   entry11a.o
         8          4          0          0          0          0   entry4.o
         4          0          0          0          0          0   entry5.o
         0          0          0          0          0          0   entry7b.o
         0          0          0          0          0          0   entry8b.o
         8          4          0          0          0          0   entry9a.o
        30          0          0          0          0          0   handlers.o
        36          8          0          0          0         68   init.o
         0          0          0          0          0          0   iusefp.o
        30          0          0          0          0         68   llshl.o
        40          0          0          0          0         76   memcpy.o
        36          0          0          0          0        108   memseta.o
        14          0          0          0          0         68   strlen.o
        44          0          0          0          0         68   ffixul.o

    ----------------------------------------------------------------------
       312         16          0          0          0        456   Library Totals
         4          0          0          0          0          0   (incl. Padding)

    ----------------------------------------------------------------------

      Code (inc. data)   RO Data    RW Data    ZI Data      Debug   Library Name

       264         16          0          0          0        388   mc_w.l
        44          0          0          0          0         68   mf_w.l

    ----------------------------------------------------------------------
       312         16          0          0          0        456   Library Totals

    ----------------------------------------------------------------------

==============================================================================


      Code (inc. data)   RO Data    RW Data    ZI Data      Debug   

     18528       1510       2112       6544      22244     337203   Grand Totals
     18528       1510       2112         64      22244     337203   ELF Image Totals (compressed)
     18528       1510       2112         64          0          0   ROM Totals

==============================================================================

    Total RO  Size (Code + RO Data)                20640 (  20.16kB)
    Total RW  Size (RW Data + ZI Data)             28788 (  28.11kB)
    Total ROM Size (Code + RO Data + RW Data)      20704 (  20.22kB)

==============================================================================

